add_team: SUCCESS
get_ith_pointless_ability: SUCCESS, 42
add_team: SUCCESS
remove_team: SUCCESS
remove_team: SUCCESS
add_team: SUCCESS
add_player: SUCCESS
add_team: SUCCESS
get_partial_spirit: SUCCESS, 1,4,5,3,2
get_partial_spirit: SUCCESS, 1,4,5,3,2
add_player: SUCCESS
add_team: SUCCESS
add_player_cards: SUCCESS
remove_team: SUCCESS
get_partial_spirit: SUCCESS, 1,4,5,3,2
get_partial_spirit: SUCCESS, 4,2,5,1,3
get_team_points: SUCCESS, 0
get_ith_pointless_ability: SUCCESS, 150
get_partial_spirit: SUCCESS, 4,2,5,1,3
add_player_cards: SUCCESS
get_ith_pointless_ability: SUCCESS, 150
remove_team: SUCCESS
remove_team: SUCCESS
add_team: SUCCESS
remove_team: SUCCESS
get_player_cards: SUCCESS, 2117
get_player_cards: SUCCESS, 41
get_player_cards: SUCCESS, 41
add_team: SUCCESS
get_player_cards: SUCCESS, 41
remove_team: SUCCESS
add_team: SUCCESS
add_team: SUCCESS
get_player_cards: SUCCESS, 2117
add_player: SUCCESS
add_player_cards: SUCCESS
add_team: SUCCESS
add_player: SUCCESS
get_partial_spirit: SUCCESS, 1,4,2,5,3
get_partial_spirit: SUCCESS, 2,4,3,1,5
get_team_points: SUCCESS, 0
add_team: SUCCESS
remove_team: SUCCESS
get_team_points: SUCCESS, 0
get_partial_spirit: SUCCESS, 1,4,2,5,3
add_player: SUCCESS
remove_team: SUCCESS
get_ith_pointless_ability: SUCCESS, 536
remove_team: SUCCESS
get_team_points: SUCCESS, 0
remove_team: SUCCESS
add_team: SUCCESS
add_team: SUCCESS
get_ith_pointless_ability: SUCCESS, 567
add_player: SUCCESS
get_team_points: SUCCESS, 0
get_partial_spirit: SUCCESS, 4,2,3,5,1
get_ith_pointless_ability: SUCCESS, 567
add_team: SUCCESS
get_partial_spirit: SUCCESS, 4,2,3,5,1
get_player_cards: SUCCESS, 426
remove_team: SUCCESS
remove_team: SUCCESS
get_ith_pointless_ability: SUCCESS, 318
get_ith_pointless_ability: SUCCESS, 318
add_team: SUCCESS
add_player: SUCCESS
get_partial_spirit: SUCCESS, 5,3,2,4,1
get_partial_spirit: SUCCESS, 5,3,2,4,1
get_partial_spirit: SUCCESS, 5,3,2,4,1
add_player: SUCCESS
get_partial_spirit: SUCCESS, 5,3,2,4,1
get_partial_spirit: SUCCESS, 5,2,1,3,4
remove_team: SUCCESS
get_partial_spirit: SUCCESS, 5,2,1,3,4
get_ith_pointless_ability: SUCCESS, 318
get_ith_pointless_ability: SUCCESS, 318
get_partial_spirit: SUCCESS, 5,2,1,3,4
add_player_cards: SUCCESS
get_partial_spirit: SUCCESS, 5,2,1,3,4
get_partial_spirit: SUCCESS, 5,2,1,3,4
get_partial_spirit: SUCCESS, 5,2,1,3,4
get_team_points: SUCCESS, 0
remove_team: SUCCESS
add_team: SUCCESS
add_player: SUCCESS
get_partial_spirit: SUCCESS, 4,5,2,1,3
add_player: SUCCESS
get_player_cards: SUCCESS, 589
add_player: SUCCESS
get_player_cards: SUCCESS, 484
add_player_cards: SUCCESS
add_player: SUCCESS
get_team_points: SUCCESS, 0
get_partial_spirit: SUCCESS, 4,5,2,1,3
remove_team: SUCCESS
add_team: SUCCESS
add_player: SUCCESS
get_ith_pointless_ability: SUCCESS, 37
add_player_cards: SUCCESS
add_player_cards: SUCCESS
get_player_cards: SUCCESS, 41
add_team: SUCCESS
get_player_cards: SUCCESS, 1387
get_partial_spirit: SUCCESS, 2,4,1,5,3
get_partial_spirit: SUCCESS, 2,4,1,5,3
add_team: SUCCESS
get_partial_spirit: SUCCESS, 2,4,1,5,3
get_partial_spirit: SUCCESS, 2,4,1,5,3
add_team: SUCCESS
add_team: SUCCESS
get_partial_spirit: SUCCESS, 2,4,1,5,3
get_partial_spirit: SUCCESS, 2,4,1,5,3
get_partial_spirit: SUCCESS, 2,4,1,5,3
get_partial_spirit: SUCCESS, 2,4,1,5,3
get_partial_spirit: SUCCESS, 2,4,1,5,3
add_team: SUCCESS
get_partial_spirit: SUCCESS, 2,4,1,5,3
get_player_cards: SUCCESS, 975
get_partial_spirit: SUCCESS, 2,4,1,5,3
get_team_points: SUCCESS, 0
add_team: SUCCESS
get_team_points: SUCCESS, 0
get_team_points: SUCCESS, 0
remove_team: SUCCESS
get_team_points: SUCCESS, 0
get_team_points: SUCCESS, 0
get_partial_spirit: SUCCESS, 2,4,1,5,3
get_player_cards: SUCCESS, 590
add_player_cards: SUCCESS
get_partial_spirit: SUCCESS, 2,4,1,5,3
get_partial_spirit: SUCCESS, 2,4,1,5,3
get_ith_pointless_ability: SUCCESS, 845
add_player_cards: SUCCESS
get_partial_spirit: SUCCESS, 2,4,1,5,3
get_partial_spirit: SUCCESS, 2,4,1,5,3
get_partial_spirit: SUCCESS, 2,4,1,5,3
get_partial_spirit: SUCCESS, 2,4,1,5,3
get_partial_spirit: SUCCESS, 2,4,1,5,3
add_player_cards: SUCCESS
get_partial_spirit: SUCCESS, 2,4,1,5,3
get_partial_spirit: SUCCESS, 2,4,1,5,3
get_team_points: SUCCESS, 0
get_partial_spirit: SUCCESS, 2,4,1,5,3
get_team_points: SUCCESS, 0
get_team_points: SUCCESS, 0
add_player: SUCCESS
remove_team: SUCCESS
get_partial_spirit: SUCCESS, 2,4,1,5,3
add_player_cards: SUCCESS
get_player_cards: SUCCESS, 966
add_player_cards: SUCCESS
get_ith_pointless_ability: SUCCESS, 37
get_partial_spirit: SUCCESS, 2,4,1,5,3
get_ith_pointless_ability: SUCCESS, 845
add_team: SUCCESS
add_player: SUCCESS
get_ith_pointless_ability: SUCCESS, 352
get_player_cards: SUCCESS, 503
get_partial_spirit: SUCCESS, 2,4,5,3,1
get_partial_spirit: SUCCESS, 5,1,2,4,3
get_player_cards: SUCCESS, 799
add_team: SUCCESS
get_partial_spirit: SUCCESS, 5,1,2,4,3
get_player_cards: SUCCESS, 1988
get_partial_spirit: SUCCESS, 5,1,2,4,3
get_partial_spirit: SUCCESS, 2,4,5,3,1
get_partial_spirit: SUCCESS, 2,4,5,3,1
add_player_cards: SUCCESS
get_ith_pointless_ability: SUCCESS, 34
add_player: SUCCESS
get_partial_spirit: SUCCESS, 1,3,5,4,2
add_player: SUCCESS
get_partial_spirit: SUCCESS, 2,4,1,5,3
get_partial_spirit: SUCCESS, 3,4,2,5,1
add_player_cards: SUCCESS
get_player_cards: SUCCESS, 590
get_team_points: SUCCESS, 0
get_team_points: SUCCESS, 0
get_partial_spirit: SUCCESS, 2,4,5,3,1
get_ith_pointless_ability: SUCCESS, 260
remove_team: SUCCESS
get_partial_spirit: SUCCESS, 2,4,5,3,1
add_player: SUCCESS
get_player_cards: SUCCESS, 961
get_team_points: SUCCESS, 0
add_player_cards: SUCCESS
add_team: SUCCESS
remove_team: SUCCESS
get_partial_spirit: SUCCESS, 1,3,5,4,2
get_partial_spirit: SUCCESS, 1,2,3,5,4
get_partial_spirit: SUCCESS, 3,4,2,5,1
add_team: SUCCESS
get_partial_spirit: SUCCESS, 2,4,1,5,3
add_player: SUCCESS
add_player: SUCCESS
get_partial_spirit: SUCCESS, 2,4,1,5,3
get_partial_spirit: SUCCESS, 2,4,3,1,5
add_team: SUCCESS
get_partial_spirit: SUCCESS, 1,3,5,4,2
get_player_cards: SUCCESS, 426
get_partial_spirit: SUCCESS, 3,4,2,5,1
remove_team: SUCCESS
get_partial_spirit: SUCCESS, 3,4,2,5,1
get_player_cards: SUCCESS, 590
get_ith_pointless_ability: SUCCESS, 577
get_partial_spirit: SUCCESS, 3,4,2,5,1
remove_team: SUCCESS
add_player: SUCCESS
get_partial_spirit: SUCCESS, 3,2,1,5,4
get_partial_spirit: SUCCESS, 1,3,5,4,2
get_team_points: SUCCESS, 0
get_ith_pointless_ability: SUCCESS, 188
get_team_points: SUCCESS, 0
get_player_cards: SUCCESS, 737
add_player_cards: SUCCESS
get_ith_pointless_ability: SUCCESS, 773
get_partial_spirit: SUCCESS, 3,2,1,5,4
get_partial_spirit: SUCCESS, 2,4,1,5,3
get_partial_spirit: SUCCESS, 3,4,2,5,1
get_team_points: SUCCESS, 0
get_partial_spirit: SUCCESS, 3,4,2,5,1
get_partial_spirit: SUCCESS, 1,4,3,5,2
get_partial_spirit: SUCCESS, 1,4,3,5,2
get_player_cards: SUCCESS, 1695
get_ith_pointless_ability: SUCCESS, 37
get_ith_pointless_ability: SUCCESS, 37
get_ith_pointless_ability: SUCCESS, 34
get_partial_spirit: SUCCESS, 1,3,5,4,2
get_ith_pointless_ability: SUCCESS, 773
get_partial_spirit: SUCCESS, 1,2,3,5,4
get_player_cards: SUCCESS, 1580
add_player_cards: SUCCESS
add_player_cards: SUCCESS
get_partial_spirit: SUCCESS, 3,4,2,5,1
add_team: SUCCESS
remove_team: SUCCESS
get_partial_spirit: SUCCESS, 2,4,1,5,3
add_player_cards: SUCCESS
add_player_cards: SUCCESS
get_partial_spirit: SUCCESS, 1,3,5,4,2
get_ith_pointless_ability: SUCCESS, 188
get_team_points: SUCCESS, 0
get_ith_pointless_ability: SUCCESS, 37
get_player_cards: SUCCESS, 2753
remove_team: SUCCESS
get_partial_spirit: SUCCESS, 2,4,1,5,3
get_partial_spirit: SUCCESS, 1,3,5,4,2
remove_team: SUCCESS
get_partial_spirit: SUCCESS, 1,4,3,5,2
add_team: SUCCESS
get_partial_spirit: SUCCESS, 3,2,1,5,4
remove_team: SUCCESS
add_player_cards: SUCCESS
add_player: SUCCESS
get_partial_spirit: SUCCESS, 5,4,1,2,3
add_team: SUCCESS
get_partial_spirit: SUCCESS, 5,4,1,2,3
add_player_cards: SUCCESS
get_player_cards: SUCCESS, 2664
get_player_cards: SUCCESS, 766
get_partial_spirit: SUCCESS, 1,2,3,5,4
get_partial_spirit: SUCCESS, 2,4,1,5,3
add_player_cards: SUCCESS
remove_team: SUCCESS
remove_team: SUCCESS
get_partial_spirit: SUCCESS, 5,4,1,2,3
remove_team: SUCCESS
get_player_cards: SUCCESS, 426
add_player_cards: SUCCESS
add_team: SUCCESS
get_partial_spirit: SUCCESS, 5,4,1,2,3
add_team: SUCCESS
add_team: SUCCESS
remove_team: SUCCESS
get_player_cards: SUCCESS, 813
get_partial_spirit: SUCCESS, 5,4,1,2,3
add_team: SUCCESS
add_player: SUCCESS
get_player_cards: SUCCESS, 285
get_partial_spirit: SUCCESS, 5,4,1,2,3
add_team: SUCCESS
get_partial_spirit: SUCCESS, 5,4,1,2,3
remove_team: SUCCESS
get_partial_spirit: SUCCESS, 1,2,5,4,3
get_partial_spirit: SUCCESS, 5,4,1,2,3
add_player_cards: SUCCESS
add_player_cards: SUCCESS
get_partial_spirit: SUCCESS, 5,4,1,2,3
remove_team: SUCCESS
get_player_cards: SUCCESS, 1580
add_player: SUCCESS
add_player: SUCCESS
add_player: SUCCESS
add_player: SUCCESS
add_team: SUCCESS
get_team_points: SUCCESS, 0
get_team_points: SUCCESS, 0
get_partial_spirit: SUCCESS, 5,4,1,2,3
add_team: SUCCESS
get_partial_spirit: SUCCESS, 4,2,5,3,1
add_player: SUCCESS
get_partial_spirit: SUCCESS, 3,1,4,5,2
add_team: SUCCESS
remove_team: SUCCESS
get_ith_pointless_ability: SUCCESS, 881
add_player_cards: SUCCESS
get_partial_spirit: SUCCESS, 5,4,1,2,3
get_partial_spirit: SUCCESS, 1,2,5,4,3
get_team_points: SUCCESS, 0
get_partial_spirit: SUCCESS, 3,4,1,5,2
get_player_cards: SUCCESS, 146
add_player: SUCCESS
get_team_points: SUCCESS, 0
add_player: SUCCESS
get_ith_pointless_ability: SUCCESS, 724
get_player_cards: SUCCESS, 230
get_partial_spirit: SUCCESS, 5,3,2,1,4
get_partial_spirit: SUCCESS, 1,4,3,5,2
get_partial_spirit: SUCCESS, 5,3,2,1,4
add_player_cards: SUCCESS
get_player_cards: SUCCESS, 230
get_partial_spirit: SUCCESS, 3,4,1,5,2
add_player: SUCCESS
get_partial_spirit: SUCCESS, 1,2,5,4,3
get_player_cards: SUCCESS, 799
get_ith_pointless_ability: SUCCESS, 477
get_partial_spirit: SUCCESS, 1,2,5,4,3
get_partial_spirit: SUCCESS, 4,2,5,3,1
add_player_cards: SUCCESS
get_partial_spirit: SUCCESS, 4,2,5,3,1
get_partial_spirit: SUCCESS, 1,4,3,5,2
get_partial_spirit: SUCCESS, 5,4,2,3,1
get_partial_spirit: SUCCESS, 5,4,2,3,1
get_partial_spirit: SUCCESS, 5,4,1,2,3
get_partial_spirit: SUCCESS, 1,4,3,5,2
get_partial_spirit: SUCCESS, 5,3,2,1,4
add_team: SUCCESS
add_player_cards: SUCCESS
get_player_cards: SUCCESS, 219
get_partial_spirit: SUCCESS, 5,4,1,2,3
add_team: SUCCESS
get_partial_spirit: SUCCESS, 1,2,5,4,3
get_partial_spirit: SUCCESS, 5,3,2,1,4
get_partial_spirit: SUCCESS, 5,3,2,1,4
get_partial_spirit: SUCCESS, 2,4,5,1,3
get_team_points: SUCCESS, 0
get_player_cards: SUCCESS, 447
get_partial_spirit: SUCCESS, 5,4,2,3,1
get_partial_spirit: SUCCESS, 5,3,2,1,4
remove_team: SUCCESS
get_team_points: SUCCESS, 0
get_ith_pointless_ability: SUCCESS, 552
get_team_points: SUCCESS, 0
get_player_cards: SUCCESS, 447
add_player: SUCCESS
get_partial_spirit: SUCCESS, 1,2,5,4,3
add_player_cards: SUCCESS
get_player_cards: SUCCESS, 230
add_player_cards: SUCCESS
add_team: SUCCESS
add_player: SUCCESS
get_partial_spirit: SUCCESS, 5,3,2,1,4
remove_team: SUCCESS
add_player_cards: SUCCESS
add_player_cards: SUCCESS
add_player: SUCCESS
add_team: SUCCESS
add_player_cards: SUCCESS
get_team_points: SUCCESS, 0
get_team_points: SUCCESS, 0
get_partial_spirit: SUCCESS, 1,2,5,4,3
get_partial_spirit: SUCCESS, 3,1,4,5,2
remove_team: SUCCESS
get_partial_spirit: SUCCESS, 2,4,5,1,3
add_player_cards: SUCCESS
get_ith_pointless_ability: SUCCESS, 881
get_partial_spirit: SUCCESS, 5,2,1,4,3
get_player_cards: SUCCESS, 1203
add_team: SUCCESS
get_partial_spirit: SUCCESS, 2,4,5,1,3
get_team_points: SUCCESS, 0
get_partial_spirit: SUCCESS, 5,4,1,2,3
get_partial_spirit: SUCCESS, 2,4,5,1,3
get_team_points: SUCCESS, 0
get_ith_pointless_ability: SUCCESS, 881
get_team_points: SUCCESS, 0
add_player: SUCCESS
get_ith_pointless_ability: SUCCESS, 552
add_player: SUCCESS
get_player_cards: SUCCESS, 2185
remove_team: SUCCESS
get_team_points: SUCCESS, 0
add_player_cards: SUCCESS
add_player: SUCCESS
get_player_cards: SUCCESS, 1203
get_partial_spirit: SUCCESS, 2,4,5,1,3
get_ith_pointless_ability: SUCCESS, 111
add_player: SUCCESS
get_ith_pointless_ability: SUCCESS, 623
remove_team: SUCCESS
get_player_cards: SUCCESS, 1203
get_ith_pointless_ability: SUCCESS, 114
get_team_points: SUCCESS, 0
get_player_cards: SUCCESS, 503
get_partial_spirit: SUCCESS, 1,2,5,4,3
add_player_cards: SUCCESS
get_player_cards: SUCCESS, 564
get_partial_spirit: SUCCESS, 4,1,5,2,3
remove_team: SUCCESS
remove_team: SUCCESS
get_partial_spirit: SUCCESS, 5,4,2,3,1
add_team: SUCCESS
get_team_points: SUCCESS, 0
add_player_cards: SUCCESS
add_player_cards: SUCCESS
get_partial_spirit: SUCCESS, 4,3,2,1,5
get_partial_spirit: SUCCESS, 4,1,5,2,3
add_player_cards: SUCCESS
get_partial_spirit: SUCCESS, 4,3,2,1,5
get_team_points: SUCCESS, 0
get_partial_spirit: SUCCESS, 4,1,5,2,3
add_team: SUCCESS
get_partial_spirit: SUCCESS, 5,2,1,4,3
get_partial_spirit: SUCCESS, 4,1,5,2,3
add_player: SUCCESS
get_partial_spirit: SUCCESS, 5,4,2,3,1
get_partial_spirit: SUCCESS, 5,2,1,4,3
get_ith_pointless_ability: SUCCESS, 552
get_partial_spirit: SUCCESS, 5,2,1,4,3
add_team: SUCCESS
add_player: SUCCESS
get_partial_spirit: SUCCESS, 5,4,2,3,1
get_partial_spirit: SUCCESS, 4,1,5,2,3
add_player: SUCCESS
get_ith_pointless_ability: SUCCESS, 111
get_partial_spirit: SUCCESS, 5,1,2,4,3
get_partial_spirit: SUCCESS, 5,4,2,3,1
get_partial_spirit: SUCCESS, 5,4,2,3,1
get_partial_spirit: SUCCESS, 4,3,2,1,5
add_player_cards: SUCCESS
add_team: SUCCESS
remove_team: SUCCESS
remove_team: SUCCESS
get_ith_pointless_ability: SUCCESS, 552
add_team: SUCCESS
get_partial_spirit: SUCCESS, 2,3,5,1,4
get_player_cards: SUCCESS, 1651
add_team: SUCCESS
get_partial_spirit: SUCCESS, 5,1,2,4,3
add_player: SUCCESS
get_partial_spirit: SUCCESS, 2,3,5,1,4
get_player_cards: SUCCESS, 370
get_partial_spirit: SUCCESS, 2,3,5,1,4
get_partial_spirit: SUCCESS, 2,3,5,1,4
get_partial_spirit: SUCCESS, 2,3,5,1,4
get_team_points: SUCCESS, 0
get_partial_spirit: SUCCESS, 4,1,5,2,3
get_player_cards: SUCCESS, 1163
get_partial_spirit: SUCCESS, 1,2,5,4,3
get_player_cards: SUCCESS, 370
get_partial_spirit: SUCCESS, 5,4,2,3,1
get_partial_spirit: SUCCESS, 5,4,2,3,1
get_team_points: SUCCESS, 0
remove_team: SUCCESS
get_partial_spirit: SUCCESS, 4,1,5,2,3
get_partial_spirit: SUCCESS, 4,5,2,3,1
get_partial_spirit: SUCCESS, 2,3,5,1,4
get_partial_spirit: SUCCESS, 4,1,5,2,3
get_partial_spirit: SUCCESS, 4,1,5,2,3
get_partial_spirit: SUCCESS, 4,5,2,3,1
get_ith_pointless_ability: SUCCESS, 139
add_player: SUCCESS
get_partial_spirit: SUCCESS, 2,3,5,1,4
remove_team: SUCCESS
get_partial_spirit: SUCCESS, 5,4,2,3,1
add_player: SUCCESS
remove_team: SUCCESS
get_ith_pointless_ability: SUCCESS, 105
get_partial_spirit: SUCCESS, 4,5,2,3,1
get_partial_spirit: SUCCESS, 4,5,2,3,1
get_partial_spirit: SUCCESS, 3,1,4,5,2
get_partial_spirit: SUCCESS, 2,3,5,1,4
get_partial_spirit: SUCCESS, 2,3,5,1,4
get_partial_spirit: SUCCESS, 5,4,2,3,1
get_partial_spirit: SUCCESS, 4,5,2,3,1
get_team_points: SUCCESS, 0
get_partial_spirit: SUCCESS, 4,5,2,3,1
get_team_points: SUCCESS, 0
get_ith_pointless_ability: SUCCESS, 552
get_partial_spirit: SUCCESS, 5,4,2,3,1
add_team: SUCCESS
get_partial_spirit: SUCCESS, 3,1,4,5,2
get_partial_spirit: SUCCESS, 3,1,4,5,2
add_player: SUCCESS
add_team: SUCCESS
add_player: SUCCESS
remove_team: SUCCESS
get_partial_spirit: SUCCESS, 2,3,5,1,4
get_partial_spirit: SUCCESS, 5,4,2,3,1
get_player_cards: SUCCESS, 426
get_partial_spirit: SUCCESS, 5,3,2,4,1
get_partial_spirit: FAILURE
add_player: FAILURE
get_partial_spirit: FAILURE
add_team: SUCCESS
get_partial_spirit: SUCCESS, 3,1,4,5,2
get_team_points: SUCCESS, 0
add_player: SUCCESS
get_partial_spirit: SUCCESS, 5,3,2,4,1
remove_team: SUCCESS
remove_team: SUCCESS
get_partial_spirit: FAILURE
get_partial_spirit: FAILURE
get_partial_spirit: FAILURE
play_match: FAILURE
play_match: FAILURE
get_player_cards: SUCCESS, 330
add_player_cards: SUCCESS
play_match: FAILURE
add_team: FAILURE
get_partial_spirit: SUCCESS, 3,1,4,5,2
add_player_cards: SUCCESS
get_ith_pointless_ability: SUCCESS, 496
add_team: SUCCESS
get_partial_spirit: SUCCESS, 2,3,4,1,5
remove_team: SUCCESS
add_team: SUCCESS
get_team_points: SUCCESS, 0
get_partial_spirit: SUCCESS, 2,3,5,1,4
get_partial_spirit: SUCCESS, 2,3,4,1,5
get_partial_spirit: SUCCESS, 3,1,4,5,2
get_partial_spirit: SUCCESS, 2,3,4,1,5
get_partial_spirit: SUCCESS, 5,4,2,3,1
add_team: FAILURE
remove_team: SUCCESS
get_partial_spirit: FAILURE
get_partial_spirit: SUCCESS, 3,1,4,5,2
get_ith_pointless_ability: FAILURE
play_match: FAILURE
add_player: FAILURE
get_team_points: SUCCESS, 0
get_partial_spirit: SUCCESS, 3,2,1,4,5
get_partial_spirit: FAILURE
get_partial_spirit: FAILURE
add_team: SUCCESS
add_player: SUCCESS
add_team: FAILURE
get_partial_spirit: FAILURE
add_team: FAILURE
get_ith_pointless_ability: FAILURE
get_ith_pointless_ability: FAILURE
get_player_cards: FAILURE
get_partial_spirit: SUCCESS, 4,1,5,2,3
add_team: SUCCESS
add_player: SUCCESS
get_player_cards: FAILURE
get_ith_pointless_ability: FAILURE
get_partial_spirit: FAILURE
play_match: FAILURE
get_partial_spirit: FAILURE
add_player_cards: SUCCESS
add_team: FAILURE
add_player: FAILURE
get_partial_spirit: FAILURE
get_partial_spirit: FAILURE
get_player_cards: SUCCESS, 749
get_partial_spirit: SUCCESS, 4,5,2,3,1
add_player: FAILURE
get_partial_spirit: FAILURE
get_partial_spirit: FAILURE
get_ith_pointless_ability: SUCCESS, 898
get_partial_spirit: FAILURE
get_partial_spirit: SUCCESS, 4,1,5,2,3
get_partial_spirit: SUCCESS, 3,2,4,5,1
get_partial_spirit: SUCCESS, 3,2,1,4,5
play_match: FAILURE
play_match: FAILURE
get_partial_spirit: FAILURE
remove_team: SUCCESS
add_team: SUCCESS
remove_team: SUCCESS
add_player_cards: FAILURE
get_partial_spirit: SUCCESS, 4,5,2,3,1
add_team: SUCCESS
play_match: FAILURE
play_match: FAILURE
get_player_cards: FAILURE
get_partial_spirit: FAILURE
add_team: FAILURE
get_player_cards: SUCCESS, 848
add_player: FAILURE
get_partial_spirit: FAILURE
add_player: SUCCESS
add_player: SUCCESS
get_partial_spirit: SUCCESS, 3,1,4,5,2
play_match: FAILURE
get_player_cards: SUCCESS, 610
get_partial_spirit: FAILURE
play_match: FAILURE
get_partial_spirit: FAILURE
add_player_cards: SUCCESS
add_player: SUCCESS
get_partial_spirit: SUCCESS, 3,5,4,2,1
get_partial_spirit: FAILURE
get_partial_spirit: FAILURE
get_partial_spirit: FAILURE
get_partial_spirit: SUCCESS, 1,2,4,5,3
get_player_cards: FAILURE
get_partial_spirit: FAILURE
add_team: FAILURE
get_partial_spirit: SUCCESS, 4,5,2,3,1
get_partial_spirit: SUCCESS, 3,5,4,2,1
get_partial_spirit: SUCCESS, 1,2,4,5,3
get_player_cards: SUCCESS, 1305
remove_team: SUCCESS
remove_team: SUCCESS
play_match: FAILURE
remove_team: FAILURE
add_player_cards: FAILURE
add_player_cards: FAILURE
add_player: SUCCESS
get_partial_spirit: FAILURE
get_team_points: SUCCESS, 0
remove_team: SUCCESS
get_partial_spirit: SUCCESS, 3,5,4,2,1
get_ith_pointless_ability: FAILURE
get_player_cards: SUCCESS, 704
get_partial_spirit: FAILURE
add_player: FAILURE
add_team: FAILURE
get_player_cards: FAILURE
get_partial_spirit: FAILURE
get_partial_spirit: SUCCESS, 3,2,4,5,1
play_match: FAILURE
get_partial_spirit: SUCCESS, 4,2,5,3,1
play_match: FAILURE
get_partial_spirit: SUCCESS, 3,2,4,5,1
remove_team: FAILURE
add_team: FAILURE
get_partial_spirit: SUCCESS, 3,5,4,2,1
get_partial_spirit: FAILURE
get_team_points: SUCCESS, 0
get_ith_pointless_ability: FAILURE
get_team_points: FAILURE
get_partial_spirit: SUCCESS, 3,5,4,2,1
get_ith_pointless_ability: FAILURE
get_partial_spirit: FAILURE
get_player_cards: SUCCESS, 610
add_player_cards: FAILURE
get_player_cards: FAILURE
add_player: FAILURE
add_team: FAILURE
add_player: FAILURE
play_match: FAILURE
get_partial_spirit: SUCCESS, 1,2,4,5,3
get_ith_pointless_ability: SUCCESS, 898
get_partial_spirit: SUCCESS, 3,2,4,5,1
get_partial_spirit: SUCCESS, 4,2,5,3,1
get_player_cards: FAILURE
remove_team: FAILURE
get_ith_pointless_ability: SUCCESS, 23
get_partial_spirit: FAILURE
get_partial_spirit: FAILURE
get_partial_spirit: FAILURE
get_partial_spirit: SUCCESS, 4,2,5,3,1
get_ith_pointless_ability: SUCCESS, 496
add_player_cards: FAILURE
get_partial_spirit: SUCCESS, 4,2,5,3,1
get_partial_spirit: SUCCESS, 3,2,4,5,1
remove_team: FAILURE
get_partial_spirit: FAILURE
add_player: SUCCESS
get_partial_spirit: SUCCESS, 2,5,4,3,1
add_player_cards: SUCCESS
add_player: SUCCESS
remove_team: SUCCESS
remove_team: FAILURE
get_partial_spirit: FAILURE
get_ith_pointless_ability: FAILURE
get_ith_pointless_ability: SUCCESS, 496
add_player_cards: SUCCESS
get_partial_spirit: SUCCESS, 2,4,5,3,1
play_match: FAILURE
get_partial_spirit: FAILURE
add_player_cards: SUCCESS
get_team_points: SUCCESS, 0
get_partial_spirit: SUCCESS, 3,2,4,5,1
get_partial_spirit: SUCCESS, 2,5,4,3,1
get_partial_spirit: FAILURE
get_partial_spirit: SUCCESS, 3,5,4,2,1
get_partial_spirit: SUCCESS, 3,2,4,5,1
get_partial_spirit: FAILURE
add_player_cards: SUCCESS
remove_team: FAILURE
get_partial_spirit: SUCCESS, 2,4,5,3,1
add_team: FAILURE
get_partial_spirit: SUCCESS, 2,5,4,3,1
get_team_points: SUCCESS, 0
play_match: FAILURE
add_player: FAILURE
add_player_cards: FAILURE
get_player_cards: SUCCESS, 1176
get_ith_pointless_ability: FAILURE
get_partial_spirit: SUCCESS, 2,5,4,3,1
get_partial_spirit: FAILURE
get_partial_spirit: SUCCESS, 3,2,4,5,1
get_partial_spirit: SUCCESS, 3,5,4,2,1
get_partial_spirit: SUCCESS, 3,2,4,5,1
play_match: FAILURE
get_team_points: SUCCESS, 0
get_partial_spirit: FAILURE
add_team: FAILURE
get_team_points: SUCCESS, 0
get_partial_spirit: FAILURE
add_player_cards: SUCCESS
get_partial_spirit: FAILURE
remove_team: SUCCESS
get_partial_spirit: FAILURE
get_partial_spirit: SUCCESS, 3,5,4,2,1
get_ith_pointless_ability: SUCCESS, 704
get_partial_spirit: SUCCESS, 2,4,5,3,1
get_partial_spirit: FAILURE
get_partial_spirit: FAILURE
add_player_cards: SUCCESS
remove_team: FAILURE
get_partial_spirit: SUCCESS, 2,4,5,3,1
get_player_cards: SUCCESS, 749
get_partial_spirit: FAILURE
get_partial_spirit: FAILURE
get_team_points: SUCCESS, 0
get_player_cards: SUCCESS, 6
add_team: FAILURE
get_player_cards: FAILURE
get_partial_spirit: FAILURE
get_partial_spirit: FAILURE
add_team: SUCCESS
get_partial_spirit: FAILURE
get_partial_spirit: SUCCESS, 2,4,5,3,1
get_team_points: FAILURE
get_partial_spirit: FAILURE
get_player_cards: SUCCESS, 837
add_team: FAILURE
get_partial_spirit: FAILURE
play_match: FAILURE
get_partial_spirit: FAILURE
get_partial_spirit: SUCCESS, 2,4,5,3,1
get_partial_spirit: FAILURE
get_team_points: FAILURE
remove_team: FAILURE
get_partial_spirit: SUCCESS, 3,2,4,5,1
add_team: SUCCESS
add_team: SUCCESS
remove_team: SUCCESS
get_partial_spirit: SUCCESS, 2,4,5,3,1
get_partial_spirit: SUCCESS, 2,4,5,3,1
get_player_cards: SUCCESS, 749
remove_team: SUCCESS
get_team_points: SUCCESS, 0
get_team_points: SUCCESS, 0
get_ith_pointless_ability: SUCCESS, 966
get_partial_spirit: SUCCESS, 3,5,4,2,1
get_team_points: SUCCESS, 0
add_player_cards: SUCCESS
get_partial_spirit: SUCCESS, 3,5,4,2,1
get_partial_spirit: SUCCESS, 2,4,5,3,1
get_ith_pointless_ability: SUCCESS, 704
add_player_cards: SUCCESS
get_player_cards: SUCCESS, 950
add_player: SUCCESS
get_partial_spirit: SUCCESS, 2,4,5,3,1
add_player_cards: SUCCESS
get_ith_pointless_ability: SUCCESS, 821
get_partial_spirit: SUCCESS, 3,5,4,2,1
add_player_cards: SUCCESS
add_team: SUCCESS
get_partial_spirit: SUCCESS, 2,4,5,3,1
remove_team: SUCCESS
get_ith_pointless_ability: SUCCESS, 704
add_player_cards: SUCCESS
add_player: SUCCESS
get_ith_pointless_ability: SUCCESS, 704
get_player_cards: SUCCESS, 1163
get_partial_spirit: SUCCESS, 3,1,4,2,5
get_partial_spirit: SUCCESS, 3,1,4,2,5
get_partial_spirit: SUCCESS, 2,4,5,3,1
get_player_cards: SUCCESS, 950
add_player_cards: SUCCESS
get_partial_spirit: SUCCESS, 4,1,3,2,5
add_team: SUCCESS
get_partial_spirit: SUCCESS, 3,1,4,2,5
get_partial_spirit: SUCCESS, 3,1,4,2,5
get_partial_spirit: SUCCESS, 3,5,4,2,1
remove_team: SUCCESS
get_partial_spirit: SUCCESS, 3,5,4,2,1
get_player_cards: SUCCESS, 950
add_player_cards: SUCCESS
get_partial_spirit: SUCCESS, 4,1,3,2,5
get_team_points: SUCCESS, 0
get_partial_spirit: SUCCESS, 3,1,4,2,5
get_partial_spirit: SUCCESS, 3,1,4,2,5
get_team_points: SUCCESS, 0
get_partial_spirit: SUCCESS, 4,1,3,2,5
get_partial_spirit: SUCCESS, 3,5,4,2,1
get_partial_spirit: SUCCESS, 2,4,5,3,1
add_player_cards: SUCCESS
add_player: SUCCESS
add_player_cards: SUCCESS
get_ith_pointless_ability: SUCCESS, 704
get_team_points: SUCCESS, 0
remove_team: SUCCESS
get_partial_spirit: SUCCESS, 3,5,4,2,1
remove_team: SUCCESS
add_player_cards: SUCCESS
get_partial_spirit: SUCCESS, 2,4,5,3,1
remove_team: SUCCESS
add_team: SUCCESS
add_player: SUCCESS
get_team_points: SUCCESS, 0
get_partial_spirit: SUCCESS, 2,4,1,5,3
get_team_points: SUCCESS, 0
get_partial_spirit: SUCCESS, 2,4,1,5,3
get_player_cards: SUCCESS, 96
add_player_cards: SUCCESS
get_partial_spirit: SUCCESS, 2,4,1,5,3
get_partial_spirit: SUCCESS, 2,4,1,5,3
get_partial_spirit: SUCCESS, 2,4,1,5,3
add_team: SUCCESS
get_partial_spirit: SUCCESS, 2,4,1,5,3
get_partial_spirit: SUCCESS, 2,4,1,5,3
remove_team: SUCCESS
add_team: SUCCESS
get_team_points: SUCCESS, 0
add_player: SUCCESS
get_player_cards: SUCCESS, 704
get_player_cards: SUCCESS, 664
get_partial_spirit: SUCCESS, 3,4,2,1,5
remove_team: SUCCESS
add_player: SUCCESS
add_team: SUCCESS
get_partial_spirit: SUCCESS, 3,4,2,1,5
get_partial_spirit: SUCCESS, 3,1,5,2,4
get_team_points: SUCCESS, 0
remove_team: SUCCESS
get_player_cards: SUCCESS, 747
get_partial_spirit: SUCCESS, 3,1,5,2,4
add_player_cards: SUCCESS
get_partial_spirit: SUCCESS, 3,1,5,2,4
get_team_points: SUCCESS, 0
add_player: SUCCESS
get_ith_pointless_ability: SUCCESS, 204
get_partial_spirit: SUCCESS, 3,4,2,1,5
get_partial_spirit: SUCCESS, 3,2,1,4,5
get_ith_pointless_ability: SUCCESS, 204
get_team_points: SUCCESS, 0
get_team_points: SUCCESS, 0
get_partial_spirit: SUCCESS, 3,1,5,2,4
get_player_cards: SUCCESS, 737
add_team: SUCCESS
get_team_points: SUCCESS, 0
get_partial_spirit: SUCCESS, 3,2,1,4,5
get_ith_pointless_ability: SUCCESS, 204
add_player: SUCCESS
add_player: SUCCESS
get_ith_pointless_ability: SUCCESS, 204
get_player_cards: SUCCESS, 962
get_partial_spirit: SUCCESS, 3,4,2,1,5
add_player_cards: SUCCESS
get_player_cards: SUCCESS, 656
add_team: SUCCESS
add_team: SUCCESS
get_partial_spirit: SUCCESS, 3,4,2,1,5
get_player_cards: SUCCESS, 426
add_team: SUCCESS
get_partial_spirit: SUCCESS, 3,1,5,2,4
remove_team: SUCCESS
get_partial_spirit: SUCCESS, 3,4,2,1,5
add_player_cards: SUCCESS
get_partial_spirit: SUCCESS, 3,4,2,1,5
get_partial_spirit: SUCCESS, 3,1,5,2,4
add_player: SUCCESS
add_player: SUCCESS
add_player: SUCCESS
add_team: SUCCESS
get_player_cards: SUCCESS, 484
add_player: SUCCESS
add_team: SUCCESS
add_team: SUCCESS
get_player_cards: SUCCESS, 807
add_team: SUCCESS
add_player_cards: SUCCESS
get_player_cards: SUCCESS, 749
get_partial_spirit: SUCCESS, 2,3,1,4,5
get_partial_spirit: SUCCESS, 2,3,5,4,1
add_player: SUCCESS
add_team: SUCCESS
get_partial_spirit: SUCCESS, 3,1,5,2,4
add_team: SUCCESS
get_partial_spirit: SUCCESS, 2,3,5,4,1
get_partial_spirit: SUCCESS, 5,3,1,4,2
add_team: SUCCESS
remove_team: SUCCESS
get_partial_spirit: SUCCESS, 3,1,5,2,4
get_team_points: SUCCESS, 0
add_team: SUCCESS
get_team_points: SUCCESS, 0
get_team_points: SUCCESS, 0
get_partial_spirit: SUCCESS, 3,1,5,2,4
get_partial_spirit: SUCCESS, 4,5,1,2,3
get_partial_spirit: SUCCESS, 2,5,3,4,1
add_player: SUCCESS
get_partial_spirit: SUCCESS, 5,3,4,2,1
get_team_points: SUCCESS, 0
get_ith_pointless_ability: SUCCESS, 868
get_partial_spirit: SUCCESS, 2,3,5,4,1
get_partial_spirit: SUCCESS, 2,5,3,4,1
get_partial_spirit: SUCCESS, 5,3,4,2,1
get_partial_spirit: SUCCESS, 5,3,4,2,1
get_partial_spirit: SUCCESS, 2,5,3,4,1
add_player: SUCCESS
get_partial_spirit: SUCCESS, 1,4,2,5,3
add_player_cards: SUCCESS
add_player: SUCCESS
add_player_cards: SUCCESS
get_partial_spirit: SUCCESS, 3,2,1,4,5
get_partial_spirit: SUCCESS, 5,3,4,2,1
get_ith_pointless_ability: SUCCESS, 659
get_partial_spirit: SUCCESS, 2,5,3,4,1
get_partial_spirit: SUCCESS, 3,4,2,1,5
add_player: SUCCESS
get_partial_spirit: SUCCESS, 2,3,1,4,5
get_partial_spirit: SUCCESS, 5,3,1,4,2
add_team: SUCCESS
add_team: SUCCESS
get_ith_pointless_ability: SUCCESS, 734
get_partial_spirit: SUCCESS, 2,3,5,4,1
get_partial_spirit: SUCCESS, 3,4,2,1,5
add_team: SUCCESS
get_team_points: SUCCESS, 0
get_partial_spirit: SUCCESS, 3,2,1,4,5
get_partial_spirit: SUCCESS, 2,5,3,4,1
get_partial_spirit: SUCCESS, 4,5,1,2,3
get_partial_spirit: SUCCESS, 2,3,5,4,1
get_ith_pointless_ability: SUCCESS, 487
add_team: SUCCESS
add_team: SUCCESS
get_partial_spirit: SUCCESS, 4,5,1,2,3
add_team: SUCCESS
add_player: SUCCESS
get_partial_spirit: SUCCESS, 4,1,3,2,5
get_team_points: SUCCESS, 0
get_partial_spirit: SUCCESS, 3,2,1,4,5
add_team: SUCCESS
get_partial_spirit: SUCCESS, 4,1,3,2,5
add_player_cards: SUCCESS
get_partial_spirit: SUCCESS, 1,4,2,5,3
add_team: SUCCESS
get_partial_spirit: SUCCESS, 1,4,2,5,3
get_player_cards: SUCCESS, 807
get_partial_spirit: SUCCESS, 3,1,5,2,4
get_player_cards: SUCCESS, 219
get_player_cards: SUCCESS, 1651
get_partial_spirit: SUCCESS, 2,3,1,4,5
remove_team: SUCCESS
remove_team: SUCCESS
get_partial_spirit: SUCCESS, 4,1,3,5,2
get_partial_spirit: SUCCESS, 4,1,3,2,5
get_player_cards: SUCCESS, 219
get_partial_spirit: SUCCESS, 4,1,3,2,5
get_player_cards: SUCCESS, 286
get_partial_spirit: SUCCESS, 3,4,2,1,5
remove_team: SUCCESS
add_player_cards: SUCCESS
get_partial_spirit: SUCCESS, 3,4,2,1,5
get_ith_pointless_ability: SUCCESS, 487
get_partial_spirit: SUCCESS, 2,5,3,4,1
add_player: SUCCESS
get_partial_spirit: SUCCESS, 4,1,3,2,5
get_player_cards: SUCCESS, 395
get_player_cards: SUCCESS, 286
get_partial_spirit: SUCCESS, 4,1,3,2,5
get_partial_spirit: SUCCESS, 4,2,3,1,5
get_player_cards: SUCCESS, 453
get_partial_spirit: SUCCESS, 5,3,1,4,2
get_partial_spirit: SUCCESS, 2,3,5,4,1
get_partial_spirit: SUCCESS, 3,4,2,1,5
get_partial_spirit: SUCCESS, 4,5,1,2,3
get_team_points: SUCCESS, 0
get_partial_spirit: SUCCESS, 4,1,3,2,5
remove_team: SUCCESS
add_player_cards: SUCCESS
add_player_cards: SUCCESS
get_partial_spirit: SUCCESS, 2,3,1,4,5
get_partial_spirit: SUCCESS, 2,3,1,4,5
get_ith_pointless_ability: SUCCESS, 141
add_player_cards: SUCCESS
add_player: SUCCESS
get_ith_pointless_ability: SUCCESS, 399
add_team: SUCCESS
get_player_cards: SUCCESS, 1651
