add_team: SUCCESS
get_ith_pointless_ability: SUCCESS, 5834
add_team: SUCCESS
get_team_points: SUCCESS, 0
add_player: SUCCESS
get_player_cards: SUCCESS, 8596
get_team_points: SUCCESS, 0
get_ith_pointless_ability: SUCCESS, 1688
get_ith_pointless_ability: SUCCESS, 1688
get_player_cards: SUCCESS, 8596
remove_team: SUCCESS
add_player_cards: SUCCESS
get_ith_pointless_ability: SUCCESS, 1688
get_player_cards: SUCCESS, 10975
remove_team: SUCCESS
add_team: SUCCESS
get_ith_pointless_ability: SUCCESS, 333
remove_team: SUCCESS
add_team: SUCCESS
remove_team: SUCCESS
add_team: SUCCESS
get_player_cards: SUCCESS, 10975
get_ith_pointless_ability: SUCCESS, 1675
add_team: SUCCESS
add_player: SUCCESS
add_team: SUCCESS
add_team: SUCCESS
get_ith_pointless_ability: SUCCESS, 8238
add_player: SUCCESS
add_player: SUCCESS
get_team_points: SUCCESS, 0
get_player_cards: SUCCESS, 3784
add_team: SUCCESS
get_player_cards: SUCCESS, 10975
remove_team: SUCCESS
add_player_cards: SUCCESS
remove_team: SUCCESS
add_team: SUCCESS
get_ith_pointless_ability: SUCCESS, 2895
get_player_cards: SUCCESS, 3702
get_player_cards: SUCCESS, 10975
add_player_cards: SUCCESS
remove_team: SUCCESS
get_player_cards: SUCCESS, 8064
get_team_points: SUCCESS, 0
get_player_cards: SUCCESS, 8064
remove_team: SUCCESS
get_ith_pointless_ability: SUCCESS, 1675
remove_team: SUCCESS
get_player_cards: SUCCESS, 6228
add_player: SUCCESS
remove_team: SUCCESS
get_player_cards: SUCCESS, 3702
add_team: SUCCESS
add_team: SUCCESS
get_ith_pointless_ability: SUCCESS, 6975
get_ith_pointless_ability: SUCCESS, 141
get_team_points: SUCCESS, 0
add_player: SUCCESS
add_player_cards: SUCCESS
get_ith_pointless_ability: SUCCESS, 141
get_player_cards: SUCCESS, 3702
add_player_cards: SUCCESS
get_team_points: SUCCESS, 0
add_player_cards: SUCCESS
add_player: SUCCESS
add_team: SUCCESS
get_team_points: SUCCESS, 0
remove_team: SUCCESS
add_team: SUCCESS
get_player_cards: SUCCESS, 8480
get_ith_pointless_ability: SUCCESS, 141
add_player_cards: SUCCESS
remove_team: SUCCESS
get_ith_pointless_ability: SUCCESS, 141
add_player_cards: SUCCESS
add_player: SUCCESS
get_player_cards: SUCCESS, 22061
get_ith_pointless_ability: SUCCESS, 6671
add_player_cards: SUCCESS
add_player_cards: SUCCESS
get_team_points: SUCCESS, 0
get_player_cards: SUCCESS, 6084
get_team_points: SUCCESS, 0
add_player_cards: SUCCESS
get_team_points: SUCCESS, 0
get_player_cards: SUCCESS, 25774
get_player_cards: SUCCESS, 25774
add_player: SUCCESS
add_player: SUCCESS
remove_team: SUCCESS
get_player_cards: SUCCESS, 8733
add_player_cards: SUCCESS
add_player_cards: SUCCESS
get_ith_pointless_ability: SUCCESS, 6671
add_player_cards: SUCCESS
get_ith_pointless_ability: SUCCESS, 6671
remove_team: SUCCESS
add_team: SUCCESS
get_team_points: SUCCESS, 0
get_player_cards: SUCCESS, 3599
get_player_cards: SUCCESS, 6084
get_team_points: SUCCESS, 0
remove_team: SUCCESS
add_team: SUCCESS
add_player: SUCCESS
get_ith_pointless_ability: SUCCESS, 6888
get_player_cards: SUCCESS, 8007
get_ith_pointless_ability: SUCCESS, 6888
get_team_points: SUCCESS, 0
remove_team: SUCCESS
get_player_cards: SUCCESS, 20830
get_player_cards: SUCCESS, 8007
add_team: SUCCESS
get_player_cards: SUCCESS, 6228
get_player_cards: SUCCESS, 8064
remove_team: SUCCESS
get_player_cards: SUCCESS, 20830
add_team: SUCCESS
remove_team: SUCCESS
get_player_cards: SUCCESS, 20830
add_team: SUCCESS
remove_team: SUCCESS
get_player_cards: SUCCESS, 10975
add_team: SUCCESS
remove_team: SUCCESS
add_team: SUCCESS
get_player_cards: SUCCESS, 3702
get_team_points: SUCCESS, 0
add_player: SUCCESS
add_team: SUCCESS
add_player: SUCCESS
add_player: SUCCESS
get_player_cards: SUCCESS, 9429
add_player_cards: SUCCESS
get_player_cards: SUCCESS, 22061
get_ith_pointless_ability: SUCCESS, 2413
get_team_points: SUCCESS, 0
get_player_cards: SUCCESS, 6084
add_player: SUCCESS
get_ith_pointless_ability: SUCCESS, 2413
add_player: SUCCESS
add_player: SUCCESS
add_team: SUCCESS
add_player_cards: SUCCESS
remove_team: SUCCESS
get_ith_pointless_ability: SUCCESS, 401
get_player_cards: SUCCESS, 3599
add_team: SUCCESS
add_player: SUCCESS
get_ith_pointless_ability: SUCCESS, 6233
get_team_points: SUCCESS, 0
remove_team: SUCCESS
get_player_cards: SUCCESS, 15521
add_player_cards: SUCCESS
get_team_points: SUCCESS, 0
get_team_points: SUCCESS, 0
add_player: SUCCESS
add_team: SUCCESS
add_team: SUCCESS
add_team: SUCCESS
get_player_cards: SUCCESS, 6228
remove_team: SUCCESS
remove_team: SUCCESS
add_team: SUCCESS
add_team: SUCCESS
add_player: SUCCESS
get_player_cards: SUCCESS, 8631
remove_team: SUCCESS
remove_team: SUCCESS
get_ith_pointless_ability: SUCCESS, 4949
add_team: SUCCESS
get_ith_pointless_ability: SUCCESS, 2725
add_player: SUCCESS
get_player_cards: SUCCESS, 8631
remove_team: SUCCESS
remove_team: SUCCESS
get_team_points: SUCCESS, 0
get_ith_pointless_ability: SUCCESS, 401
get_team_points: SUCCESS, 0
get_player_cards: SUCCESS, 10975
remove_team: SUCCESS
get_ith_pointless_ability: SUCCESS, 401
get_team_points: SUCCESS, 0
remove_team: SUCCESS
add_team: SUCCESS
add_team: SUCCESS
add_player: SUCCESS
get_team_points: SUCCESS, 0
add_team: SUCCESS
add_team: SUCCESS
get_ith_pointless_ability: SUCCESS, 2913
add_player_cards: SUCCESS
add_player: SUCCESS
get_player_cards: SUCCESS, 9885
add_team: SUCCESS
remove_team: SUCCESS
add_team: SUCCESS
get_player_cards: SUCCESS, 8064
remove_team: SUCCESS
get_team_points: SUCCESS, 0
get_player_cards: SUCCESS, 6084
add_player_cards: SUCCESS
get_ith_pointless_ability: SUCCESS, 2913
remove_team: SUCCESS
add_player_cards: SUCCESS
add_team: SUCCESS
add_team: SUCCESS
add_player_cards: SUCCESS
remove_team: SUCCESS
add_player_cards: SUCCESS
add_team: SUCCESS
get_player_cards: SUCCESS, 10975
add_player: SUCCESS
get_ith_pointless_ability: SUCCESS, 6982
get_team_points: SUCCESS, 0
get_team_points: SUCCESS, 0
add_team: SUCCESS
get_ith_pointless_ability: SUCCESS, 6760
get_player_cards: SUCCESS, 6726
get_ith_pointless_ability: SUCCESS, 4758
get_player_cards: SUCCESS, 9429
add_player_cards: SUCCESS
add_team: SUCCESS
add_team: SUCCESS
add_player_cards: SUCCESS
get_player_cards: SUCCESS, 20830
get_ith_pointless_ability: SUCCESS, 2913
get_player_cards: SUCCESS, 22061
get_ith_pointless_ability: SUCCESS, 2602
get_team_points: SUCCESS, 0
get_ith_pointless_ability: SUCCESS, 6930
add_player_cards: SUCCESS
get_team_points: SUCCESS, 0
add_player: SUCCESS
get_player_cards: SUCCESS, 29931
remove_team: SUCCESS
add_player_cards: SUCCESS
add_player: SUCCESS
get_team_points: SUCCESS, 0
add_player: SUCCESS
remove_team: SUCCESS
get_team_points: SUCCESS, 0
add_team: SUCCESS
get_ith_pointless_ability: SUCCESS, 2602
get_ith_pointless_ability: SUCCESS, 7175
get_player_cards: SUCCESS, 34061
get_team_points: SUCCESS, 0
add_team: SUCCESS
get_ith_pointless_ability: SUCCESS, 2602
add_player: SUCCESS
add_team: SUCCESS
add_player: SUCCESS
remove_team: SUCCESS
add_team: SUCCESS
get_ith_pointless_ability: SUCCESS, 7175
add_player: SUCCESS
get_ith_pointless_ability: SUCCESS, 2602
get_ith_pointless_ability: SUCCESS, 3470
add_player: SUCCESS
add_player_cards: SUCCESS
remove_team: SUCCESS
get_team_points: SUCCESS, 0
add_team: SUCCESS
add_player: SUCCESS
remove_team: SUCCESS
get_ith_pointless_ability: SUCCESS, 4016
get_ith_pointless_ability: SUCCESS, 4758
get_player_cards: SUCCESS, 8064
add_player_cards: SUCCESS
get_team_points: SUCCESS, 0
get_ith_pointless_ability: SUCCESS, 2602
get_player_cards: SUCCESS, 7478
get_ith_pointless_ability: SUCCESS, 2602
add_player: SUCCESS
get_player_cards: SUCCESS, 5232
get_player_cards: SUCCESS, 22061
get_player_cards: SUCCESS, 43784
get_player_cards: SUCCESS, 8631
get_team_points: SUCCESS, 0
remove_team: SUCCESS
add_team: SUCCESS
get_player_cards: SUCCESS, 25774
get_team_points: SUCCESS, 0
get_player_cards: SUCCESS, 1123
add_player: SUCCESS
get_player_cards: SUCCESS, 6406
remove_team: SUCCESS
get_team_points: SUCCESS, 0
get_team_points: SUCCESS, 0
get_ith_pointless_ability: SUCCESS, 7003
remove_team: SUCCESS
add_player: SUCCESS
add_team: SUCCESS
add_player: SUCCESS
add_player_cards: SUCCESS
get_team_points: SUCCESS, 0
add_player: SUCCESS
add_team: SUCCESS
add_player: SUCCESS
add_player_cards: SUCCESS
add_team: SUCCESS
get_team_points: SUCCESS, 0
add_player: SUCCESS
add_player: SUCCESS
add_player_cards: SUCCESS
add_team: SUCCESS
get_player_cards: SUCCESS, 1201
add_team: SUCCESS
add_player_cards: SUCCESS
remove_team: SUCCESS
get_ith_pointless_ability: SUCCESS, 4206
remove_team: SUCCESS
add_team: SUCCESS
add_player_cards: SUCCESS
remove_team: SUCCESS
get_ith_pointless_ability: SUCCESS, 4758
add_team: SUCCESS
add_player: SUCCESS
add_player_cards: SUCCESS
get_player_cards: SUCCESS, 7352
add_player_cards: SUCCESS
add_player: SUCCESS
remove_team: SUCCESS
get_ith_pointless_ability: SUCCESS, 4758
get_ith_pointless_ability: SUCCESS, 7003
add_player_cards: SUCCESS
get_team_points: SUCCESS, 0
add_player: SUCCESS
add_team: SUCCESS
add_player_cards: SUCCESS
remove_team: SUCCESS
get_ith_pointless_ability: SUCCESS, 8006
remove_team: SUCCESS
get_team_points: SUCCESS, 0
get_player_cards: SUCCESS, 404
get_team_points: SUCCESS, 0
add_player_cards: SUCCESS
add_player_cards: SUCCESS
add_player_cards: SUCCESS
add_player: SUCCESS
add_team: SUCCESS
get_ith_pointless_ability: SUCCESS, 4253
add_team: SUCCESS
add_player: SUCCESS
get_ith_pointless_ability: SUCCESS, 4253
get_ith_pointless_ability: SUCCESS, 5682
add_player_cards: SUCCESS
add_player_cards: SUCCESS
remove_team: SUCCESS
add_team: SUCCESS
remove_team: SUCCESS
get_player_cards: SUCCESS, 15521
add_player: SUCCESS
add_player: SUCCESS
add_player_cards: SUCCESS
add_player: SUCCESS
add_team: SUCCESS
get_ith_pointless_ability: SUCCESS, 488
get_player_cards: SUCCESS, 6158
get_player_cards: SUCCESS, 376
get_player_cards: SUCCESS, 8007
get_player_cards: SUCCESS, 3294
get_player_cards: SUCCESS, 8007
add_team: SUCCESS
get_team_points: SUCCESS, 0
get_ith_pointless_ability: SUCCESS, 2602
add_player_cards: SUCCESS
get_player_cards: SUCCESS, 3498
get_team_points: SUCCESS, 0
get_team_points: SUCCESS, 0
add_team: SUCCESS
get_player_cards: SUCCESS, 7352
remove_team: SUCCESS
get_player_cards: SUCCESS, 1123
get_player_cards: SUCCESS, 3599
add_team: SUCCESS
add_player: SUCCESS
get_team_points: SUCCESS, 0
remove_team: SUCCESS
remove_team: SUCCESS
get_player_cards: SUCCESS, 2960
remove_team: SUCCESS
get_team_points: SUCCESS, 0
get_player_cards: SUCCESS, 7911
get_team_points: SUCCESS, 0
add_team: SUCCESS
add_team: SUCCESS
add_team: SUCCESS
get_ith_pointless_ability: SUCCESS, 736
get_ith_pointless_ability: SUCCESS, 488
add_player: SUCCESS
get_ith_pointless_ability: SUCCESS, 4758
get_player_cards: SUCCESS, 4955
get_team_points: SUCCESS, 0
add_player: SUCCESS
add_player_cards: SUCCESS
add_team: SUCCESS
add_team: SUCCESS
get_ith_pointless_ability: SUCCESS, 1777
add_player: SUCCESS
remove_team: SUCCESS
get_player_cards: SUCCESS, 1042
add_player_cards: SUCCESS
get_player_cards: SUCCESS, 6199
add_player_cards: SUCCESS
add_player_cards: SUCCESS
add_player_cards: SUCCESS
remove_team: SUCCESS
add_team: SUCCESS
get_player_cards: SUCCESS, 1042
get_team_points: SUCCESS, 0
add_player_cards: SUCCESS
add_player: SUCCESS
add_player: SUCCESS
add_player: SUCCESS
add_player: SUCCESS
add_player_cards: SUCCESS
get_ith_pointless_ability: SUCCESS, 3729
get_player_cards: SUCCESS, 6084
get_team_points: SUCCESS, 0
get_team_points: SUCCESS, 0
add_player_cards: SUCCESS
get_ith_pointless_ability: SUCCESS, 2602
add_team: SUCCESS
remove_team: SUCCESS
add_player: SUCCESS
add_player: SUCCESS
get_team_points: SUCCESS, 0
add_player_cards: SUCCESS
remove_team: SUCCESS
get_team_points: SUCCESS, 0
get_player_cards: SUCCESS, 12091
add_player: SUCCESS
add_team: SUCCESS
get_ith_pointless_ability: SUCCESS, 4041
remove_team: SUCCESS
add_player: SUCCESS
add_player: SUCCESS
add_player: SUCCESS
get_ith_pointless_ability: SUCCESS, 3011
get_player_cards: SUCCESS, 5362
add_player_cards: SUCCESS
add_team: SUCCESS
add_player: SUCCESS
get_team_points: SUCCESS, 0
add_player: SUCCESS
add_player_cards: SUCCESS
get_ith_pointless_ability: SUCCESS, 788
add_player_cards: SUCCESS
add_player: SUCCESS
get_team_points: SUCCESS, 0
add_team: SUCCESS
add_player_cards: SUCCESS
remove_team: SUCCESS
get_ith_pointless_ability: SUCCESS, 3729
remove_team: SUCCESS
add_team: SUCCESS
add_player_cards: SUCCESS
get_player_cards: SUCCESS, 157
add_team: SUCCESS
add_player_cards: SUCCESS
get_player_cards: SUCCESS, 6771
add_player_cards: SUCCESS
remove_team: SUCCESS
get_player_cards: SUCCESS, 12811
get_player_cards: SUCCESS, 3208
get_team_points: SUCCESS, 0
add_team: SUCCESS
get_team_points: SUCCESS, 0
add_player_cards: SUCCESS
get_ith_pointless_ability: SUCCESS, 5427
get_team_points: SUCCESS, 0
get_player_cards: SUCCESS, 13268
add_player_cards: SUCCESS
add_player: SUCCESS
remove_team: SUCCESS
add_player: SUCCESS
add_player_cards: SUCCESS
remove_team: SUCCESS
add_player_cards: SUCCESS
get_ith_pointless_ability: SUCCESS, 1777
add_team: SUCCESS
get_team_points: SUCCESS, 0
get_player_cards: SUCCESS, 8007
add_team: SUCCESS
get_ith_pointless_ability: SUCCESS, 1650
get_team_points: SUCCESS, 0
add_player: SUCCESS
get_team_points: SUCCESS, 0
add_player_cards: SUCCESS
get_team_points: SUCCESS, 0
get_team_points: SUCCESS, 0
remove_team: SUCCESS
get_team_points: SUCCESS, 0
get_team_points: SUCCESS, 0
add_player: SUCCESS
remove_team: SUCCESS
get_team_points: SUCCESS, 0
add_team: SUCCESS
add_team: FAILURE
get_ith_pointless_ability: FAILURE
remove_team: SUCCESS
get_player_cards: FAILURE
add_team: FAILURE
add_team: SUCCESS
add_team: SUCCESS
add_player_cards: SUCCESS
get_player_cards: SUCCESS, 15521
play_match: FAILURE
play_match: FAILURE
get_team_points: FAILURE
add_team: FAILURE
get_ith_pointless_ability: FAILURE
play_match: FAILURE
add_team: SUCCESS
add_team: FAILURE
remove_team: FAILURE
add_player_cards: FAILURE
get_ith_pointless_ability: SUCCESS, 6368
add_player_cards: FAILURE
add_player: FAILURE
add_player_cards: SUCCESS
remove_team: FAILURE
get_team_points: SUCCESS, 0
get_team_points: FAILURE
get_team_points: FAILURE
remove_team: FAILURE
get_player_cards: FAILURE
get_ith_pointless_ability: SUCCESS, 1650
add_player_cards: FAILURE
add_player_cards: SUCCESS
get_team_points: FAILURE
get_team_points: FAILURE
add_team: SUCCESS
play_match: FAILURE
add_player_cards: SUCCESS
add_team: FAILURE
get_player_cards: FAILURE
play_match: FAILURE
add_player_cards: FAILURE
get_player_cards: FAILURE
add_team: SUCCESS
play_match: FAILURE
remove_team: SUCCESS
remove_team: SUCCESS
add_player: SUCCESS
get_ith_pointless_ability: FAILURE
get_player_cards: FAILURE
add_team: FAILURE
get_player_cards: FAILURE
get_ith_pointless_ability: FAILURE
get_ith_pointless_ability: SUCCESS, 6790
play_match: FAILURE
remove_team: SUCCESS
add_player: SUCCESS
add_player: FAILURE
remove_team: FAILURE
add_player_cards: SUCCESS
get_player_cards: SUCCESS, 27793
add_player: FAILURE
add_player_cards: SUCCESS
add_player: SUCCESS
get_player_cards: SUCCESS, 22061
get_ith_pointless_ability: FAILURE
get_ith_pointless_ability: FAILURE
add_team: FAILURE
add_team: FAILURE
add_player_cards: SUCCESS
add_player_cards: FAILURE
add_player: FAILURE
remove_team: SUCCESS
add_player: SUCCESS
get_player_cards: SUCCESS, 4719
get_player_cards: SUCCESS, 12091
play_match: FAILURE
play_match: FAILURE
play_match: FAILURE
remove_team: SUCCESS
add_player: SUCCESS
play_match: FAILURE
get_team_points: FAILURE
get_ith_pointless_ability: FAILURE
get_ith_pointless_ability: SUCCESS, 4370
add_team: FAILURE
get_team_points: SUCCESS, 0
get_ith_pointless_ability: FAILURE
play_match: FAILURE
get_ith_pointless_ability: SUCCESS, 2305
get_player_cards: FAILURE
get_team_points: FAILURE
add_player_cards: SUCCESS
add_player_cards: FAILURE
add_player: FAILURE
get_team_points: FAILURE
add_player: SUCCESS
add_player_cards: FAILURE
get_team_points: FAILURE
get_player_cards: FAILURE
get_team_points: SUCCESS, 0
play_match: FAILURE
add_player_cards: FAILURE
add_team: FAILURE
get_team_points: SUCCESS, 0
get_team_points: SUCCESS, 0
play_match: FAILURE
remove_team: SUCCESS
get_player_cards: SUCCESS, 6158
remove_team: SUCCESS
remove_team: FAILURE
play_match: FAILURE
play_match: FAILURE
get_team_points: FAILURE
get_player_cards: SUCCESS, 6749
add_player_cards: SUCCESS
play_match: FAILURE
add_team: SUCCESS
add_team: FAILURE
play_match: FAILURE
play_match: FAILURE
add_team: FAILURE
get_ith_pointless_ability: SUCCESS, 6368
remove_team: FAILURE
add_player_cards: SUCCESS
remove_team: FAILURE
get_player_cards: FAILURE
add_team: FAILURE
add_team: FAILURE
add_player: FAILURE
play_match: FAILURE
get_ith_pointless_ability: SUCCESS, 4758
play_match: FAILURE
add_player: SUCCESS
add_player: SUCCESS
add_player_cards: SUCCESS
get_player_cards: FAILURE
get_ith_pointless_ability: SUCCESS, 4370
add_player_cards: SUCCESS
remove_team: FAILURE
add_team: SUCCESS
get_player_cards: SUCCESS, 9204
get_player_cards: FAILURE
remove_team: SUCCESS
add_player_cards: FAILURE
play_match: FAILURE
remove_team: FAILURE
get_ith_pointless_ability: SUCCESS, 6790
remove_team: SUCCESS
add_team: FAILURE
add_player_cards: FAILURE
get_ith_pointless_ability: FAILURE
add_player: FAILURE
get_ith_pointless_ability: FAILURE
get_ith_pointless_ability: FAILURE
get_player_cards: SUCCESS, 4719
remove_team: FAILURE
play_match: FAILURE
get_team_points: SUCCESS, 0
get_team_points: FAILURE
get_ith_pointless_ability: FAILURE
get_team_points: SUCCESS, 0
get_ith_pointless_ability: SUCCESS, 6368
add_player_cards: SUCCESS
get_ith_pointless_ability: FAILURE
add_team: FAILURE
add_team: SUCCESS
get_player_cards: SUCCESS, 9304
remove_team: SUCCESS
get_team_points: FAILURE
add_player_cards: FAILURE
add_team: FAILURE
get_player_cards: FAILURE
add_player: SUCCESS
add_player_cards: SUCCESS
play_match: FAILURE
remove_team: FAILURE
get_team_points: FAILURE
get_player_cards: FAILURE
add_player_cards: FAILURE
get_ith_pointless_ability: SUCCESS, 6368
remove_team: FAILURE
remove_team: FAILURE
play_match: FAILURE
play_match: FAILURE
add_team: SUCCESS
play_match: FAILURE
add_player: SUCCESS
add_player_cards: FAILURE
remove_team: FAILURE
get_team_points: FAILURE
get_player_cards: FAILURE
get_player_cards: SUCCESS, 157
remove_team: SUCCESS
get_ith_pointless_ability: SUCCESS, 4370
get_team_points: SUCCESS, 0
add_player_cards: SUCCESS
play_match: FAILURE
get_team_points: FAILURE
add_player_cards: SUCCESS
add_team: FAILURE
add_team: FAILURE
add_player_cards: SUCCESS
add_player_cards: SUCCESS
add_player_cards: FAILURE
get_ith_pointless_ability: SUCCESS, 736
add_player_cards: FAILURE
add_team: FAILURE
add_team: FAILURE
add_player: FAILURE
add_player_cards: FAILURE
get_team_points: SUCCESS, 0
play_match: FAILURE
remove_team: SUCCESS
add_player: FAILURE
add_player_cards: SUCCESS
play_match: FAILURE
get_player_cards: FAILURE
get_ith_pointless_ability: FAILURE
get_team_points: FAILURE
remove_team: SUCCESS
remove_team: SUCCESS
add_player: SUCCESS
get_ith_pointless_ability: SUCCESS, 1373
add_player: SUCCESS
add_team: FAILURE
add_team: FAILURE
add_player: FAILURE
remove_team: FAILURE
add_player: SUCCESS
play_match: FAILURE
play_match: FAILURE
remove_team: FAILURE
play_match: FAILURE
get_ith_pointless_ability: SUCCESS, 1373
get_team_points: FAILURE
play_match: FAILURE
remove_team: SUCCESS
remove_team: FAILURE
get_team_points: SUCCESS, 0
get_team_points: SUCCESS, 0
remove_team: SUCCESS
add_player_cards: SUCCESS
remove_team: FAILURE
add_player: SUCCESS
add_player_cards: SUCCESS
add_player: FAILURE
add_player_cards: SUCCESS
play_match: FAILURE
add_player: SUCCESS
add_player_cards: FAILURE
get_ith_pointless_ability: SUCCESS, 736
get_ith_pointless_ability: SUCCESS, 736
get_ith_pointless_ability: SUCCESS, 736
get_team_points: SUCCESS, 0
remove_team: SUCCESS
get_ith_pointless_ability: SUCCESS, 1373
add_player_cards: SUCCESS
add_player_cards: SUCCESS
get_ith_pointless_ability: SUCCESS, 4370
add_player_cards: SUCCESS
add_player: SUCCESS
add_player: SUCCESS
remove_team: SUCCESS
get_team_points: SUCCESS, 0
get_team_points: SUCCESS, 0
remove_team: SUCCESS
add_player_cards: SUCCESS
add_team: SUCCESS
remove_team: SUCCESS
add_player_cards: SUCCESS
add_player: SUCCESS
remove_team: SUCCESS
get_team_points: SUCCESS, 0
get_ith_pointless_ability: SUCCESS, 5021
add_player: SUCCESS
add_player: SUCCESS
add_team: SUCCESS
get_ith_pointless_ability: SUCCESS, 5021
get_ith_pointless_ability: SUCCESS, 9379
remove_team: SUCCESS
get_team_points: SUCCESS, 0
get_ith_pointless_ability: SUCCESS, 9379
add_team: SUCCESS
get_player_cards: SUCCESS, 7911
get_team_points: SUCCESS, 0
get_ith_pointless_ability: SUCCESS, 9379
get_ith_pointless_ability: SUCCESS, 5763
add_player: SUCCESS
add_team: SUCCESS
get_ith_pointless_ability: SUCCESS, 4535
add_player: SUCCESS
remove_team: SUCCESS
add_player: SUCCESS
get_ith_pointless_ability: SUCCESS, 4535
add_player: SUCCESS
add_team: SUCCESS
add_team: SUCCESS
get_ith_pointless_ability: SUCCESS, 9836
get_player_cards: SUCCESS, 7535
get_player_cards: SUCCESS, 2668
add_player_cards: SUCCESS
get_player_cards: SUCCESS, 9063
get_ith_pointless_ability: SUCCESS, 9836
add_team: SUCCESS
get_ith_pointless_ability: SUCCESS, 4535
add_team: SUCCESS
get_team_points: SUCCESS, 0
remove_team: SUCCESS
get_team_points: SUCCESS, 0
remove_team: SUCCESS
add_team: SUCCESS
get_ith_pointless_ability: SUCCESS, 7744
remove_team: SUCCESS
get_ith_pointless_ability: SUCCESS, 4535
get_player_cards: SUCCESS, 12811
add_player_cards: SUCCESS
add_player_cards: SUCCESS
remove_team: SUCCESS
get_player_cards: SUCCESS, 9429
get_player_cards: SUCCESS, 12877
get_player_cards: SUCCESS, 7478
add_player_cards: SUCCESS
get_ith_pointless_ability: SUCCESS, 9379
remove_team: SUCCESS
get_ith_pointless_ability: SUCCESS, 9379
get_team_points: SUCCESS, 0
remove_team: SUCCESS
get_team_points: SUCCESS, 0
get_ith_pointless_ability: SUCCESS, 933
add_player: SUCCESS
add_player_cards: SUCCESS
remove_team: SUCCESS
add_team: SUCCESS
get_ith_pointless_ability: SUCCESS, 128
get_ith_pointless_ability: SUCCESS, 128
add_player: SUCCESS
get_player_cards: SUCCESS, 8670
add_team: SUCCESS
get_player_cards: SUCCESS, 8670
add_player_cards: SUCCESS
add_player_cards: SUCCESS
get_player_cards: SUCCESS, 9828
remove_team: SUCCESS
get_player_cards: SUCCESS, 23264
add_player: SUCCESS
add_player: SUCCESS
get_player_cards: SUCCESS, 6841
get_ith_pointless_ability: SUCCESS, 128
add_player: SUCCESS
get_player_cards: SUCCESS, 7911
add_player_cards: SUCCESS
add_player: SUCCESS
get_player_cards: SUCCESS, 4552
add_team: SUCCESS
get_ith_pointless_ability: SUCCESS, 6061
get_team_points: SUCCESS, 0
add_player_cards: SUCCESS
get_team_points: SUCCESS, 0
remove_team: SUCCESS
add_player: SUCCESS
get_player_cards: SUCCESS, 9643
add_team: SUCCESS
add_team: SUCCESS
get_player_cards: SUCCESS, 8518
get_player_cards: SUCCESS, 157
add_team: SUCCESS
get_ith_pointless_ability: SUCCESS, 9594
add_player_cards: SUCCESS
get_team_points: SUCCESS, 0
get_player_cards: SUCCESS, 5909
add_player: SUCCESS
get_ith_pointless_ability: SUCCESS, 9594
add_player: SUCCESS
get_player_cards: SUCCESS, 3548
get_ith_pointless_ability: SUCCESS, 8978
get_player_cards: SUCCESS, 9204
remove_team: SUCCESS
add_player_cards: SUCCESS
add_player_cards: SUCCESS
add_player: SUCCESS
add_team: SUCCESS
get_team_points: SUCCESS, 0
get_player_cards: SUCCESS, 16684
get_player_cards: SUCCESS, 2209
get_ith_pointless_ability: SUCCESS, 9594
add_player_cards: SUCCESS
add_player: SUCCESS
add_player_cards: SUCCESS
add_player_cards: SUCCESS
get_team_points: SUCCESS, 0
get_player_cards: SUCCESS, 15195
remove_team: SUCCESS
get_ith_pointless_ability: SUCCESS, 8978
add_player_cards: SUCCESS
add_player_cards: SUCCESS
get_team_points: SUCCESS, 0
get_team_points: SUCCESS, 0
get_team_points: SUCCESS, 0
get_player_cards: SUCCESS, 2209
get_ith_pointless_ability: SUCCESS, 8978
add_team: SUCCESS
add_team: SUCCESS
add_player: SUCCESS
get_ith_pointless_ability: SUCCESS, 128
add_player: SUCCESS
add_player: SUCCESS
add_team: SUCCESS
add_player: SUCCESS
add_player: SUCCESS
get_team_points: SUCCESS, 0
get_ith_pointless_ability: SUCCESS, 8978
add_player: SUCCESS
get_ith_pointless_ability: SUCCESS, 128
get_team_points: SUCCESS, 0
get_player_cards: SUCCESS, 5026
add_player: SUCCESS
get_team_points: SUCCESS, 0
remove_team: SUCCESS
get_ith_pointless_ability: SUCCESS, 9644
add_player: SUCCESS
get_team_points: SUCCESS, 0
remove_team: SUCCESS
add_player: SUCCESS
get_ith_pointless_ability: SUCCESS, 9644
add_player_cards: SUCCESS
add_player: SUCCESS
get_ith_pointless_ability: SUCCESS, 546
add_team: SUCCESS
get_ith_pointless_ability: SUCCESS, 9594
add_player_cards: SUCCESS
add_player: SUCCESS
get_ith_pointless_ability: SUCCESS, 9594
remove_team: SUCCESS
get_player_cards: SUCCESS, 4552
remove_team: SUCCESS
remove_team: SUCCESS
get_ith_pointless_ability: SUCCESS, 2228
get_team_points: SUCCESS, 0
get_player_cards: SUCCESS, 14160
get_ith_pointless_ability: SUCCESS, 9644
get_player_cards: SUCCESS, 3870
remove_team: SUCCESS
get_player_cards: SUCCESS, 3870
get_team_points: SUCCESS, 0
add_team: SUCCESS
remove_team: SUCCESS
remove_team: SUCCESS
add_team: SUCCESS
remove_team: SUCCESS
add_team: SUCCESS
get_player_cards: SUCCESS, 17475
remove_team: SUCCESS
add_team: SUCCESS
get_ith_pointless_ability: SUCCESS, 501
remove_team: SUCCESS
get_player_cards: SUCCESS, 15195
add_team: SUCCESS
get_player_cards: SUCCESS, 10348
get_player_cards: SUCCESS, 7911
remove_team: SUCCESS
get_player_cards: SUCCESS, 549
get_player_cards: SUCCESS, 4955
add_team: SUCCESS
add_player: SUCCESS
remove_team: SUCCESS
get_player_cards: SUCCESS, 4552
add_team: SUCCESS
add_team: SUCCESS
get_ith_pointless_ability: SUCCESS, 8613
get_ith_pointless_ability: SUCCESS, 8613
add_player: SUCCESS
remove_team: SUCCESS
get_team_points: SUCCESS, 0
get_player_cards: SUCCESS, 8947
get_player_cards: SUCCESS, 3307
get_team_points: SUCCESS, 0
get_ith_pointless_ability: SUCCESS, 8613
get_player_cards: SUCCESS, 18800
get_ith_pointless_ability: SUCCESS, 8613
get_player_cards: SUCCESS, 11764
get_ith_pointless_ability: SUCCESS, 8613
add_player: SUCCESS
get_player_cards: SUCCESS, 6537
get_ith_pointless_ability: SUCCESS, 8613
remove_team: SUCCESS
add_team: SUCCESS
add_player: SUCCESS
get_player_cards: SUCCESS, 8938
add_team: SUCCESS
add_player: SUCCESS
add_player_cards: SUCCESS
remove_team: SUCCESS
remove_team: SUCCESS
get_player_cards: SUCCESS, 14249
add_team: SUCCESS
get_ith_pointless_ability: SUCCESS, 988
remove_team: SUCCESS
get_player_cards: SUCCESS, 1874
add_team: SUCCESS
add_team: SUCCESS
