add_team: SUCCESS
get_team_points: SUCCESS, 0
get_team_points: SUCCESS, 0
add_player: SUCCESS
add_player: SUCCESS
add_team: SUCCESS
add_player: SUCCESS
get_player_cards: SUCCESS, 595
get_player_cards: SUCCESS, 453
add_team: SUCCESS
buy_team: SUCCESS
add_player: SUCCESS
remove_team: SUCCESS
get_team_points: SUCCESS, 0
get_ith_pointless_ability: SUCCESS, 880
get_team_points: SUCCESS, 0
get_player_cards: SUCCESS, 100
add_team: SUCCESS
remove_team: SUCCESS
add_player: SUCCESS
get_ith_pointless_ability: SUCCESS, 880
add_player_cards: SUCCESS
add_player_cards: SUCCESS
add_player: SUCCESS
add_player_cards: SUCCESS
add_player_cards: SUCCESS
add_player_cards: SUCCESS
remove_team: SUCCESS
get_player_cards: SUCCESS, 453
add_team: SUCCESS
get_team_points: SUCCESS, 0
remove_team: SUCCESS
get_player_cards: SUCCESS, 1438
add_team: SUCCESS
add_team: SUCCESS
add_team: SUCCESS
buy_team: SUCCESS
remove_team: SUCCESS
add_player: SUCCESS
get_ith_pointless_ability: SUCCESS, 737
remove_team: SUCCESS
add_team: SUCCESS
add_player: SUCCESS
get_player_cards: SUCCESS, 13
get_team_points: SUCCESS, 0
add_team: SUCCESS
add_team: SUCCESS
buy_team: SUCCESS
get_player_cards: SUCCESS, 453
add_team: SUCCESS
buy_team: SUCCESS
add_player: SUCCESS
get_team_points: SUCCESS, 0
get_ith_pointless_ability: SUCCESS, 196
get_ith_pointless_ability: SUCCESS, 698
get_ith_pointless_ability: SUCCESS, 196
get_player_cards: SUCCESS, 13
add_player_cards: SUCCESS
get_ith_pointless_ability: SUCCESS, 196
remove_team: SUCCESS
add_team: SUCCESS
remove_team: SUCCESS
get_ith_pointless_ability: SUCCESS, 485
add_team: SUCCESS
get_ith_pointless_ability: SUCCESS, 193
get_player_cards: SUCCESS, 32
get_ith_pointless_ability: SUCCESS, 193
get_team_points: SUCCESS, 0
add_team: SUCCESS
get_player_cards: SUCCESS, 856
buy_team: SUCCESS
get_player_cards: SUCCESS, 856
add_player: SUCCESS
add_player: SUCCESS
add_team: SUCCESS
add_player_cards: SUCCESS
buy_team: SUCCESS
add_player: SUCCESS
remove_team: SUCCESS
get_ith_pointless_ability: SUCCESS, 485
get_ith_pointless_ability: SUCCESS, 485
get_player_cards: SUCCESS, 1700
remove_team: SUCCESS
get_player_cards: SUCCESS, 100
get_player_cards: SUCCESS, 2314
add_team: SUCCESS
add_player: SUCCESS
add_player_cards: SUCCESS
get_player_cards: SUCCESS, 1910
get_team_points: SUCCESS, 0
get_ith_pointless_ability: SUCCESS, 352
add_player_cards: SUCCESS
get_ith_pointless_ability: SUCCESS, 352
remove_team: SUCCESS
add_team: SUCCESS
add_player: SUCCESS
get_ith_pointless_ability: SUCCESS, 891
get_team_points: SUCCESS, 0
add_player: SUCCESS
remove_team: SUCCESS
get_player_cards: SUCCESS, 1438
get_player_cards: SUCCESS, 100
add_team: SUCCESS
add_player: SUCCESS
remove_team: SUCCESS
get_player_cards: SUCCESS, 387
get_player_cards: SUCCESS, 13
get_player_cards: SUCCESS, 1438
add_team: SUCCESS
get_team_points: SUCCESS, 0
get_team_points: SUCCESS, 0
add_player: SUCCESS
remove_team: SUCCESS
add_team: SUCCESS
get_ith_pointless_ability: SUCCESS, 83
add_team: SUCCESS
get_team_points: SUCCESS, 0
get_ith_pointless_ability: SUCCESS, 109
get_team_points: SUCCESS, 0
add_player: SUCCESS
get_player_cards: SUCCESS, 75
remove_team: SUCCESS
get_player_cards: SUCCESS, 270
add_team: SUCCESS
get_player_cards: SUCCESS, 75
add_team: SUCCESS
get_team_points: SUCCESS, 0
get_player_cards: SUCCESS, 32
add_player_cards: SUCCESS
get_team_points: SUCCESS, 0
get_team_points: SUCCESS, 0
buy_team: SUCCESS
get_team_points: SUCCESS, 0
get_ith_pointless_ability: SUCCESS, 376
get_team_points: SUCCESS, 0
add_player: SUCCESS
add_team: SUCCESS
get_player_cards: SUCCESS, 858
buy_team: SUCCESS
add_team: SUCCESS
buy_team: SUCCESS
add_player: SUCCESS
get_ith_pointless_ability: SUCCESS, 889
get_player_cards: SUCCESS, 825
remove_team: SUCCESS
add_team: SUCCESS
add_team: SUCCESS
add_player: SUCCESS
buy_team: SUCCESS
get_ith_pointless_ability: SUCCESS, 431
add_player_cards: SUCCESS
get_ith_pointless_ability: SUCCESS, 889
get_team_points: SUCCESS, 0
add_player: SUCCESS
remove_team: SUCCESS
add_player: SUCCESS
get_player_cards: SUCCESS, 534
add_player: SUCCESS
get_player_cards: SUCCESS, 900
remove_team: SUCCESS
get_player_cards: SUCCESS, 13
add_team: SUCCESS
add_team: SUCCESS
add_team: SUCCESS
get_ith_pointless_ability: SUCCESS, 106
buy_team: SUCCESS
get_team_points: SUCCESS, 0
add_team: SUCCESS
buy_team: SUCCESS
add_team: SUCCESS
buy_team: SUCCESS
get_team_points: SUCCESS, 0
get_player_cards: SUCCESS, 856
get_team_points: SUCCESS, 0
add_player: SUCCESS
add_player: SUCCESS
remove_team: SUCCESS
add_team: SUCCESS
remove_team: SUCCESS
add_player: SUCCESS
add_player: SUCCESS
add_player: SUCCESS
add_team: SUCCESS
get_ith_pointless_ability: SUCCESS, 188
get_player_cards: SUCCESS, 208
add_team: SUCCESS
remove_team: SUCCESS
get_team_points: SUCCESS, 0
get_team_points: SUCCESS, 0
get_player_cards: SUCCESS, 200
get_player_cards: SUCCESS, 677
remove_team: SUCCESS
add_team: SUCCESS
get_player_cards: SUCCESS, 200
remove_team: SUCCESS
add_player: SUCCESS
get_team_points: SUCCESS, 0
add_player_cards: SUCCESS
get_player_cards: SUCCESS, 677
add_player: SUCCESS
remove_team: SUCCESS
add_team: SUCCESS
get_player_cards: SUCCESS, 900
get_ith_pointless_ability: SUCCESS, 604
remove_team: SUCCESS
get_player_cards: SUCCESS, 208
add_team: SUCCESS
add_player: SUCCESS
add_team: SUCCESS
add_player: SUCCESS
get_ith_pointless_ability: SUCCESS, 342
get_ith_pointless_ability: SUCCESS, 282
get_ith_pointless_ability: SUCCESS, 282
add_team: SUCCESS
add_player_cards: SUCCESS
buy_team: SUCCESS
get_ith_pointless_ability: SUCCESS, 282
add_player: SUCCESS
add_team: SUCCESS
buy_team: SUCCESS
get_player_cards: SUCCESS, 999
add_player_cards: SUCCESS
add_player_cards: SUCCESS
add_player: SUCCESS
remove_team: SUCCESS
add_team: SUCCESS
get_player_cards: SUCCESS, 32
add_player: SUCCESS
remove_team: SUCCESS
add_team: SUCCESS
add_team: SUCCESS
add_team: SUCCESS
get_ith_pointless_ability: SUCCESS, 137
buy_team: SUCCESS
buy_team: SUCCESS
get_player_cards: SUCCESS, 856
get_team_points: SUCCESS, 0
get_ith_pointless_ability: SUCCESS, 51
get_team_points: SUCCESS, 0
get_player_cards: SUCCESS, 1438
add_team: SUCCESS
buy_team: SUCCESS
add_team: SUCCESS
get_team_points: SUCCESS, 0
buy_team: SUCCESS
get_player_cards: SUCCESS, 595
get_player_cards: SUCCESS, 115
get_team_points: SUCCESS, 0
add_team: SUCCESS
get_ith_pointless_ability: SUCCESS, 843
get_ith_pointless_ability: SUCCESS, 771
buy_team: SUCCESS
add_team: SUCCESS
buy_team: SUCCESS
add_team: SUCCESS
buy_team: SUCCESS
add_player: SUCCESS
get_player_cards: SUCCESS, 350
remove_team: SUCCESS
add_player: SUCCESS
get_team_points: SUCCESS, 0
get_ith_pointless_ability: SUCCESS, 843
add_player: SUCCESS
add_player: SUCCESS
get_ith_pointless_ability: SUCCESS, 843
add_player: SUCCESS
get_team_points: SUCCESS, 0
get_team_points: SUCCESS, 0
add_team: SUCCESS
get_team_points: SUCCESS, 0
add_player_cards: SUCCESS
add_player: SUCCESS
add_team: SUCCESS
get_player_cards: SUCCESS, 2314
buy_team: SUCCESS
remove_team: SUCCESS
get_ith_pointless_ability: SUCCESS, 506
get_team_points: SUCCESS, 0
get_team_points: SUCCESS, 0
get_ith_pointless_ability: SUCCESS, 506
add_team: SUCCESS
remove_team: SUCCESS
add_player: SUCCESS
add_team: SUCCESS
get_player_cards: SUCCESS, 984
add_player_cards: SUCCESS
add_player: SUCCESS
get_ith_pointless_ability: SUCCESS, 530
get_ith_pointless_ability: SUCCESS, 530
remove_team: SUCCESS
remove_team: SUCCESS
get_player_cards: SUCCESS, 1741
add_team: SUCCESS
get_ith_pointless_ability: SUCCESS, 667
get_ith_pointless_ability: SUCCESS, 667
get_team_points: SUCCESS, 0
add_player: SUCCESS
add_team: SUCCESS
get_ith_pointless_ability: SUCCESS, 331
remove_team: SUCCESS
add_team: SUCCESS
add_team: SUCCESS
add_team: SUCCESS
get_player_cards: SUCCESS, 2314
buy_team: SUCCESS
get_player_cards: SUCCESS, 270
remove_team: SUCCESS
add_team: SUCCESS
buy_team: SUCCESS
add_player: SUCCESS
get_team_points: SUCCESS, 0
get_team_points: SUCCESS, 0
remove_team: SUCCESS
remove_team: SUCCESS
add_team: SUCCESS
get_team_points: SUCCESS, 0
add_player: SUCCESS
add_player_cards: SUCCESS
get_team_points: SUCCESS, 0
get_team_points: SUCCESS, 0
add_player_cards: SUCCESS
add_team: SUCCESS
remove_team: SUCCESS
add_player_cards: SUCCESS
add_player: SUCCESS
get_ith_pointless_ability: SUCCESS, 324
remove_team: SUCCESS
add_team: SUCCESS
get_ith_pointless_ability: SUCCESS, 70
get_ith_pointless_ability: SUCCESS, 70
add_player: SUCCESS
add_player: SUCCESS
add_player: SUCCESS
get_ith_pointless_ability: SUCCESS, 70
remove_team: SUCCESS
add_team: SUCCESS
get_team_points: SUCCESS, 0
add_player: SUCCESS
add_player_cards: SUCCESS
remove_team: SUCCESS
get_player_cards: SUCCESS, 720
add_team: SUCCESS
get_ith_pointless_ability: SUCCESS, 653
get_ith_pointless_ability: SUCCESS, 653
add_team: SUCCESS
add_player: SUCCESS
get_team_points: SUCCESS, 0
add_player_cards: SUCCESS
add_player: SUCCESS
add_team: SUCCESS
buy_team: SUCCESS
get_team_points: SUCCESS, 0
get_ith_pointless_ability: SUCCESS, 653
add_team: SUCCESS
get_ith_pointless_ability: SUCCESS, 653
buy_team: SUCCESS
add_player_cards: SUCCESS
add_player_cards: SUCCESS
get_ith_pointless_ability: SUCCESS, 11
get_ith_pointless_ability: SUCCESS, 11
get_ith_pointless_ability: SUCCESS, 289
add_player: SUCCESS
get_team_points: SUCCESS, 0
get_player_cards: SUCCESS, 703
add_team: SUCCESS
buy_team: SUCCESS
add_player: SUCCESS
get_ith_pointless_ability: SUCCESS, 640
get_player_cards: SUCCESS, 1379
get_team_points: SUCCESS, 0
get_player_cards: SUCCESS, 1264
add_team: SUCCESS
add_team: SUCCESS
buy_team: SUCCESS
buy_team: SUCCESS
add_player: SUCCESS
get_team_points: SUCCESS, 0
get_player_cards: SUCCESS, 371
add_player: SUCCESS
add_player: SUCCESS
add_player_cards: SUCCESS
get_ith_pointless_ability: SUCCESS, 640
get_player_cards: SUCCESS, 262
add_team: SUCCESS
buy_team: SUCCESS
add_player: SUCCESS
get_player_cards: SUCCESS, 353
add_player: SUCCESS
get_ith_pointless_ability: SUCCESS, 640
add_player_cards: SUCCESS
get_ith_pointless_ability: SUCCESS, 640
get_ith_pointless_ability: SUCCESS, 640
get_player_cards: SUCCESS, 393
get_player_cards: SUCCESS, 294
get_player_cards: SUCCESS, 412
remove_team: SUCCESS
add_player: SUCCESS
get_ith_pointless_ability: SUCCESS, 289
get_ith_pointless_ability: SUCCESS, 289
add_player: SUCCESS
get_team_points: SUCCESS, 0
add_player_cards: SUCCESS
add_team: SUCCESS
add_player: SUCCESS
remove_team: SUCCESS
add_player: SUCCESS
get_ith_pointless_ability: SUCCESS, 289
get_team_points: SUCCESS, 0
add_player_cards: SUCCESS
add_player_cards: SUCCESS
remove_team: SUCCESS
get_player_cards: SUCCESS, 715
add_team: SUCCESS
get_team_points: SUCCESS, 0
get_team_points: SUCCESS, 0
add_team: SUCCESS
get_player_cards: SUCCESS, 1741
add_player: SUCCESS
get_ith_pointless_ability: SUCCESS, 293
add_player_cards: SUCCESS
get_ith_pointless_ability: SUCCESS, 522
add_player_cards: SUCCESS
remove_team: SUCCESS
remove_team: SUCCESS
get_player_cards: SUCCESS, 262
add_team: SUCCESS
add_team: SUCCESS
get_player_cards: SUCCESS, 900
get_ith_pointless_ability: SUCCESS, 701
add_player: SUCCESS
add_player_cards: SUCCESS
get_player_cards: SUCCESS, 945
remove_team: SUCCESS
add_team: SUCCESS
remove_team: SUCCESS
get_team_points: SUCCESS, 0
get_player_cards: SUCCESS, 988
add_player_cards: SUCCESS
get_team_points: SUCCESS, 0
add_player_cards: SUCCESS
remove_team: SUCCESS
add_team: SUCCESS
add_player: SUCCESS
add_player_cards: SUCCESS
remove_team: SUCCESS
get_player_cards: SUCCESS, 467
add_team: SUCCESS
add_team: SUCCESS
get_ith_pointless_ability: SUCCESS, 639
add_player: SUCCESS
get_player_cards: SUCCESS, 988
add_player: SUCCESS
add_player: SUCCESS
add_player: SUCCESS
get_team_points: SUCCESS, 0
add_team: SUCCESS
get_player_cards: SUCCESS, 860
add_team: SUCCESS
buy_team: SUCCESS
add_team: SUCCESS
buy_team: SUCCESS
get_team_points: SUCCESS, 0
buy_team: SUCCESS
get_ith_pointless_ability: SUCCESS, 78
get_team_points: SUCCESS, 0
get_team_points: SUCCESS, 0
get_player_cards: SUCCESS, 333
get_player_cards: SUCCESS, 900
get_player_cards: SUCCESS, 860
get_team_points: SUCCESS, 0
add_player_cards: SUCCESS
add_team: SUCCESS
buy_team: SUCCESS
add_team: SUCCESS
add_player: SUCCESS
add_player: SUCCESS
buy_team: SUCCESS
get_player_cards: SUCCESS, 1139
add_player: SUCCESS
add_player_cards: SUCCESS
get_ith_pointless_ability: SUCCESS, 343
add_player: SUCCESS
add_team: SUCCESS
buy_team: SUCCESS
get_player_cards: SUCCESS, 677
get_ith_pointless_ability: SUCCESS, 343
get_team_points: SUCCESS, 0
add_player_cards: SUCCESS
get_team_points: SUCCESS, 0
remove_team: SUCCESS
remove_team: SUCCESS
add_team: SUCCESS
get_team_points: SUCCESS, 0
get_ith_pointless_ability: SUCCESS, 65
get_ith_pointless_ability: SUCCESS, 65
remove_team: SUCCESS
add_team: SUCCESS
add_team: SUCCESS
get_ith_pointless_ability: SUCCESS, 850
add_team: SUCCESS
buy_team: FAILURE
add_player: FAILURE
get_team_points: FAILURE
get_team_points: FAILURE
get_team_points: FAILURE
add_player_cards: FAILURE
buy_team: SUCCESS
add_player_cards: FAILURE
buy_team: FAILURE
add_player_cards: FAILURE
get_player_cards: FAILURE
get_player_cards: SUCCESS, 884
add_player: FAILURE
play_match: FAILURE
add_player_cards: FAILURE
remove_team: SUCCESS
add_player: SUCCESS
add_player: FAILURE
add_team: SUCCESS
buy_team: FAILURE
remove_team: SUCCESS
add_player: FAILURE
add_player_cards: SUCCESS
add_team: SUCCESS
add_player: SUCCESS
remove_team: SUCCESS
get_team_points: FAILURE
add_player_cards: FAILURE
get_ith_pointless_ability: SUCCESS, 335
get_player_cards: SUCCESS, 189
get_ith_pointless_ability: FAILURE
add_team: FAILURE
add_player_cards: FAILURE
add_team: SUCCESS
add_player_cards: SUCCESS
get_team_points: SUCCESS, 0
add_player_cards: FAILURE
play_match: FAILURE
add_player: SUCCESS
buy_team: FAILURE
add_team: SUCCESS
get_player_cards: FAILURE
add_player_cards: FAILURE
buy_team: SUCCESS
buy_team: FAILURE
get_ith_pointless_ability: SUCCESS, 335
buy_team: FAILURE
buy_team: FAILURE
play_match: FAILURE
buy_team: FAILURE
remove_team: FAILURE
buy_team: FAILURE
add_player_cards: SUCCESS
buy_team: FAILURE
buy_team: FAILURE
buy_team: FAILURE
add_team: FAILURE
get_ith_pointless_ability: SUCCESS, 526
buy_team: FAILURE
add_player_cards: FAILURE
buy_team: FAILURE
get_player_cards: FAILURE
add_player_cards: FAILURE
add_player_cards: SUCCESS
play_match: FAILURE
buy_team: FAILURE
buy_team: FAILURE
buy_team: FAILURE
get_team_points: SUCCESS, 0
get_ith_pointless_ability: SUCCESS, 526
add_team: FAILURE
buy_team: FAILURE
remove_team: SUCCESS
add_team: FAILURE
get_team_points: FAILURE
remove_team: FAILURE
add_player_cards: SUCCESS
get_ith_pointless_ability: FAILURE
add_player_cards: FAILURE
get_player_cards: FAILURE
add_team: FAILURE
get_team_points: FAILURE
remove_team: FAILURE
add_player_cards: FAILURE
get_ith_pointless_ability: FAILURE
remove_team: SUCCESS
get_player_cards: SUCCESS, 262
get_player_cards: SUCCESS, 988
add_player_cards: FAILURE
get_team_points: FAILURE
get_ith_pointless_ability: FAILURE
add_player: FAILURE
get_player_cards: FAILURE
remove_team: FAILURE
get_player_cards: SUCCESS, 871
add_team: SUCCESS
add_player_cards: FAILURE
remove_team: FAILURE
get_ith_pointless_ability: FAILURE
add_team: FAILURE
add_player_cards: FAILURE
add_player: SUCCESS
remove_team: FAILURE
remove_team: SUCCESS
get_ith_pointless_ability: FAILURE
get_ith_pointless_ability: FAILURE
get_team_points: FAILURE
get_player_cards: SUCCESS, 342
add_team: SUCCESS
get_ith_pointless_ability: SUCCESS, 470
remove_team: SUCCESS
remove_team: FAILURE
add_team: SUCCESS
get_ith_pointless_ability: SUCCESS, 206
get_team_points: FAILURE
get_player_cards: FAILURE
get_ith_pointless_ability: FAILURE
add_player_cards: FAILURE
add_team: SUCCESS
add_team: SUCCESS
get_ith_pointless_ability: SUCCESS, 560
get_team_points: SUCCESS, 0
buy_team: SUCCESS
add_team: FAILURE
add_player_cards: FAILURE
remove_team: FAILURE
add_player_cards: FAILURE
buy_team: FAILURE
buy_team: FAILURE
get_team_points: FAILURE
buy_team: FAILURE
play_match: FAILURE
play_match: FAILURE
buy_team: FAILURE
buy_team: FAILURE
buy_team: FAILURE
buy_team: FAILURE
remove_team: SUCCESS
add_player: SUCCESS
add_player_cards: SUCCESS
add_team: SUCCESS
add_team: FAILURE
buy_team: FAILURE
get_player_cards: SUCCESS, 675
get_player_cards: SUCCESS, 296
buy_team: FAILURE
buy_team: FAILURE
add_team: FAILURE
buy_team: FAILURE
buy_team: FAILURE
buy_team: FAILURE
buy_team: FAILURE
buy_team: FAILURE
add_team: FAILURE
add_player: SUCCESS
remove_team: FAILURE
add_player_cards: FAILURE
buy_team: FAILURE
buy_team: FAILURE
add_player_cards: FAILURE
add_player_cards: FAILURE
buy_team: FAILURE
play_match: FAILURE
add_player_cards: FAILURE
add_player_cards: SUCCESS
buy_team: FAILURE
add_team: FAILURE
remove_team: FAILURE
play_match: FAILURE
buy_team: FAILURE
buy_team: FAILURE
get_player_cards: SUCCESS, 900
buy_team: FAILURE
buy_team: FAILURE
play_match: FAILURE
play_match: FAILURE
get_player_cards: FAILURE
remove_team: SUCCESS
get_ith_pointless_ability: FAILURE
get_team_points: SUCCESS, 0
remove_team: FAILURE
get_team_points: SUCCESS, 0
add_player_cards: FAILURE
add_team: SUCCESS
remove_team: FAILURE
remove_team: SUCCESS
add_player: FAILURE
add_player_cards: FAILURE
add_player_cards: FAILURE
get_player_cards: SUCCESS, 1120
remove_team: FAILURE
add_player: FAILURE
add_player_cards: FAILURE
add_player: SUCCESS
add_player: FAILURE
add_team: SUCCESS
get_player_cards: SUCCESS, 2066
add_team: FAILURE
buy_team: FAILURE
buy_team: FAILURE
get_ith_pointless_ability: FAILURE
play_match: FAILURE
buy_team: FAILURE
play_match: FAILURE
remove_team: SUCCESS
add_team: SUCCESS
buy_team: FAILURE
remove_team: SUCCESS
add_team: FAILURE
add_player_cards: SUCCESS
remove_team: SUCCESS
get_player_cards: FAILURE
get_team_points: FAILURE
remove_team: FAILURE
get_ith_pointless_ability: FAILURE
get_team_points: FAILURE
get_player_cards: SUCCESS, 353
remove_team: FAILURE
add_team: SUCCESS
add_player: FAILURE
get_team_points: SUCCESS, 0
get_ith_pointless_ability: FAILURE
get_team_points: FAILURE
add_team: FAILURE
remove_team: SUCCESS
get_ith_pointless_ability: FAILURE
add_player: FAILURE
remove_team: FAILURE
remove_team: FAILURE
add_player: FAILURE
get_ith_pointless_ability: FAILURE
add_player_cards: FAILURE
get_ith_pointless_ability: FAILURE
add_player: FAILURE
get_team_points: FAILURE
get_player_cards: SUCCESS, 900
get_team_points: FAILURE
get_ith_pointless_ability: FAILURE
add_player: FAILURE
remove_team: FAILURE
get_ith_pointless_ability: FAILURE
get_ith_pointless_ability: FAILURE
remove_team: FAILURE
add_player_cards: FAILURE
add_team: SUCCESS
add_player_cards: FAILURE
add_player_cards: FAILURE
add_player: SUCCESS
remove_team: SUCCESS
get_player_cards: FAILURE
get_player_cards: SUCCESS, 677
add_team: SUCCESS
get_ith_pointless_ability: SUCCESS, 27
add_player: SUCCESS
get_ith_pointless_ability: SUCCESS, 27
add_player: SUCCESS
add_player_cards: SUCCESS
add_player: SUCCESS
get_ith_pointless_ability: SUCCESS, 27
remove_team: SUCCESS
get_player_cards: SUCCESS, 900
get_player_cards: SUCCESS, 1167
add_team: SUCCESS
get_team_points: SUCCESS, 0
add_player: SUCCESS
add_player: SUCCESS
get_team_points: SUCCESS, 0
get_team_points: SUCCESS, 0
get_team_points: SUCCESS, 0
get_ith_pointless_ability: SUCCESS, 120
add_player: SUCCESS
get_ith_pointless_ability: SUCCESS, 120
add_player_cards: SUCCESS
get_team_points: SUCCESS, 0
add_player_cards: SUCCESS
get_team_points: SUCCESS, 0
remove_team: SUCCESS
get_player_cards: SUCCESS, 453
add_team: SUCCESS
get_player_cards: SUCCESS, 715
add_player: SUCCESS
add_team: SUCCESS
get_player_cards: SUCCESS, 344
remove_team: SUCCESS
add_player: SUCCESS
get_player_cards: SUCCESS, 559
get_team_points: SUCCESS, 0
get_player_cards: SUCCESS, 1438
add_player_cards: SUCCESS
add_team: SUCCESS
add_player_cards: SUCCESS
get_player_cards: SUCCESS, 1517
add_player_cards: SUCCESS
add_player_cards: SUCCESS
add_player_cards: SUCCESS
get_team_points: SUCCESS, 0
get_team_points: SUCCESS, 0
get_team_points: SUCCESS, 0
get_ith_pointless_ability: SUCCESS, 299
get_player_cards: SUCCESS, 2660
add_team: SUCCESS
buy_team: SUCCESS
get_ith_pointless_ability: SUCCESS, 657
add_player_cards: SUCCESS
add_player: SUCCESS
get_ith_pointless_ability: SUCCESS, 657
add_player_cards: SUCCESS
get_player_cards: SUCCESS, 211
add_team: SUCCESS
get_player_cards: SUCCESS, 1485
buy_team: SUCCESS
add_player_cards: SUCCESS
get_team_points: SUCCESS, 0
get_player_cards: SUCCESS, 3924
add_player_cards: SUCCESS
remove_team: SUCCESS
get_team_points: SUCCESS, 0
get_team_points: SUCCESS, 0
get_team_points: SUCCESS, 0
get_player_cards: SUCCESS, 843
add_team: SUCCESS
get_team_points: SUCCESS, 0
remove_team: SUCCESS
get_team_points: SUCCESS, 0
get_player_cards: SUCCESS, 161
get_team_points: SUCCESS, 0
remove_team: SUCCESS
add_team: SUCCESS
get_player_cards: SUCCESS, 858
add_team: SUCCESS
add_team: SUCCESS
buy_team: SUCCESS
get_player_cards: SUCCESS, 929
add_player: SUCCESS
get_player_cards: SUCCESS, 350
remove_team: SUCCESS
remove_team: SUCCESS
get_player_cards: SUCCESS, 920
add_team: SUCCESS
add_team: SUCCESS
get_player_cards: SUCCESS, 858
get_ith_pointless_ability: SUCCESS, 778
get_ith_pointless_ability: SUCCESS, 778
add_team: SUCCESS
add_player: SUCCESS
buy_team: SUCCESS
remove_team: SUCCESS
get_ith_pointless_ability: SUCCESS, 393
add_player_cards: SUCCESS
get_player_cards: SUCCESS, 294
add_team: SUCCESS
remove_team: SUCCESS
add_team: SUCCESS
get_ith_pointless_ability: SUCCESS, 934
add_player: SUCCESS
get_ith_pointless_ability: SUCCESS, 633
get_ith_pointless_ability: SUCCESS, 934
add_player: SUCCESS
get_ith_pointless_ability: SUCCESS, 934
get_ith_pointless_ability: SUCCESS, 633
get_player_cards: SUCCESS, 325
get_ith_pointless_ability: SUCCESS, 934
get_player_cards: SUCCESS, 115
get_team_points: SUCCESS, 0
remove_team: SUCCESS
get_ith_pointless_ability: SUCCESS, 633
get_ith_pointless_ability: SUCCESS, 633
add_player: SUCCESS
add_player_cards: SUCCESS
add_player: SUCCESS
remove_team: SUCCESS
add_team: SUCCESS
remove_team: SUCCESS
get_player_cards: SUCCESS, 891
add_team: SUCCESS
get_team_points: SUCCESS, 0
remove_team: SUCCESS
add_team: SUCCESS
add_player: SUCCESS
add_team: SUCCESS
get_ith_pointless_ability: SUCCESS, 302
add_player: SUCCESS
remove_team: SUCCESS
add_player: SUCCESS
add_player_cards: SUCCESS
add_player_cards: SUCCESS
add_team: SUCCESS
get_player_cards: SUCCESS, 809
get_ith_pointless_ability: SUCCESS, 302
add_player: SUCCESS
remove_team: SUCCESS
get_player_cards: SUCCESS, 237
add_team: SUCCESS
remove_team: SUCCESS
get_team_points: SUCCESS, 0
get_player_cards: SUCCESS, 333
add_player: SUCCESS
get_player_cards: SUCCESS, 782
get_player_cards: SUCCESS, 675
get_ith_pointless_ability: SUCCESS, 697
remove_team: SUCCESS
add_team: SUCCESS
remove_team: SUCCESS
add_team: SUCCESS
add_player: SUCCESS
remove_team: SUCCESS
get_player_cards: SUCCESS, 161
get_player_cards: SUCCESS, 262
get_player_cards: SUCCESS, 871
get_player_cards: SUCCESS, 387
get_player_cards: SUCCESS, 344
add_team: SUCCESS
remove_team: SUCCESS
get_player_cards: SUCCESS, 1351
get_player_cards: SUCCESS, 353
get_player_cards: SUCCESS, 75
add_team: SUCCESS
add_team: SUCCESS
add_team: SUCCESS
buy_team: SUCCESS
get_player_cards: SUCCESS, 270
get_ith_pointless_ability: SUCCESS, 538
remove_team: SUCCESS
get_player_cards: SUCCESS, 631
get_player_cards: SUCCESS, 534
get_player_cards: SUCCESS, 500
get_ith_pointless_ability: SUCCESS, 79
add_team: SUCCESS
get_player_cards: SUCCESS, 929
get_team_points: SUCCESS, 0
get_player_cards: SUCCESS, 1167
add_player: SUCCESS
add_player_cards: SUCCESS
get_team_points: SUCCESS, 0
add_team: SUCCESS
get_team_points: SUCCESS, 0
buy_team: SUCCESS
get_ith_pointless_ability: SUCCESS, 413
get_player_cards: SUCCESS, 109
get_ith_pointless_ability: SUCCESS, 48
add_team: SUCCESS
remove_team: SUCCESS
add_player: SUCCESS
get_team_points: SUCCESS, 0
get_team_points: SUCCESS, 0
remove_team: SUCCESS
add_team: SUCCESS
add_team: SUCCESS
get_team_points: SUCCESS, 0
buy_team: SUCCESS
add_team: SUCCESS
get_ith_pointless_ability: SUCCESS, 937
buy_team: SUCCESS
add_player: SUCCESS
get_player_cards: SUCCESS, 202
add_player: SUCCESS
get_player_cards: SUCCESS, 1961
add_team: SUCCESS
remove_team: SUCCESS
add_team: SUCCESS
buy_team: SUCCESS
get_player_cards: SUCCESS, 350
get_team_points: SUCCESS, 0
get_player_cards: SUCCESS, 856
get_player_cards: SUCCESS, 2534
get_ith_pointless_ability: SUCCESS, 492
get_ith_pointless_ability: SUCCESS, 870
get_player_cards: SUCCESS, 923
get_team_points: SUCCESS, 0
get_player_cards: SUCCESS, 1961
remove_team: SUCCESS
get_player_cards: SUCCESS, 13
add_player: SUCCESS
add_team: SUCCESS
remove_team: SUCCESS
get_player_cards: SUCCESS, 453
add_team: SUCCESS
add_player_cards: SUCCESS
get_team_points: SUCCESS, 0
add_player: SUCCESS
add_player_cards: SUCCESS
get_player_cards: SUCCESS, 1669
add_player_cards: SUCCESS
add_player: SUCCESS
get_player_cards: SUCCESS, 132
get_ith_pointless_ability: SUCCESS, 492
get_ith_pointless_ability: SUCCESS, 492
get_player_cards: SUCCESS, 1048
add_player: SUCCESS
remove_team: SUCCESS
get_team_points: SUCCESS, 0
get_team_points: SUCCESS, 0
get_team_points: SUCCESS, 0
get_ith_pointless_ability: SUCCESS, 902
remove_team: SUCCESS
get_player_cards: SUCCESS, 631
get_player_cards: SUCCESS, 324
add_team: SUCCESS
get_ith_pointless_ability: SUCCESS, 427
add_team: SUCCESS
