add_team: SUCCESS
remove_team: SUCCESS
add_team: SUCCESS
get_team_points: SUCCESS, 0
add_team: SUCCESS
add_player: SUCCESS
add_team: SUCCESS
remove_team: SUCCESS
add_team: SUCCESS
remove_team: SUCCESS
get_team_points: SUCCESS, 0
add_player: SUCCESS
remove_team: SUCCESS
get_ith_pointless_ability: SUCCESS, 7219
add_player: SUCCESS
get_ith_pointless_ability: SUCCESS, 7219
remove_team: SUCCESS
get_player_cards: SUCCESS, 2813
get_player_cards: SUCCESS, 2813
add_team: SUCCESS
add_team: SUCCESS
get_team_points: SUCCESS, 0
get_team_points: SUCCESS, 0
get_team_points: SUCCESS, 0
remove_team: SUCCESS
get_team_points: SUCCESS, 0
get_team_points: SUCCESS, 0
remove_team: SUCCESS
get_player_cards: SUCCESS, 6568
get_player_cards: SUCCESS, 2813
get_player_cards: SUCCESS, 4323
add_team: SUCCESS
get_team_points: SUCCESS, 0
add_player: SUCCESS
get_player_cards: SUCCESS, 6568
get_ith_pointless_ability: SUCCESS, 6564
add_team: SUCCESS
remove_team: SUCCESS
get_player_cards: SUCCESS, 4323
remove_team: SUCCESS
get_player_cards: SUCCESS, 9046
add_team: SUCCESS
get_team_points: SUCCESS, 0
add_player: SUCCESS
get_team_points: SUCCESS, 0
get_player_cards: SUCCESS, 4831
get_player_cards: SUCCESS, 4831
remove_team: SUCCESS
add_team: SUCCESS
add_player: SUCCESS
remove_team: SUCCESS
add_team: SUCCESS
add_team: SUCCESS
get_player_cards: SUCCESS, 4831
remove_team: SUCCESS
remove_team: SUCCESS
add_team: SUCCESS
add_player: SUCCESS
get_team_points: SUCCESS, 0
get_player_cards: SUCCESS, 3728
add_player: SUCCESS
get_ith_pointless_ability: SUCCESS, 136
get_player_cards: SUCCESS, 664
add_team: SUCCESS
get_player_cards: SUCCESS, 4323
remove_team: SUCCESS
remove_team: SUCCESS
add_team: SUCCESS
get_team_points: SUCCESS, 0
add_team: SUCCESS
get_team_points: SUCCESS, 0
add_player: SUCCESS
add_player: SUCCESS
remove_team: SUCCESS
get_ith_pointless_ability: SUCCESS, 1729
get_ith_pointless_ability: SUCCESS, 1729
get_ith_pointless_ability: SUCCESS, 1729
remove_team: SUCCESS
get_player_cards: SUCCESS, 4831
get_player_cards: SUCCESS, 4323
add_team: SUCCESS
get_player_cards: SUCCESS, 664
get_ith_pointless_ability: SUCCESS, 6761
get_team_points: SUCCESS, 0
add_player: SUCCESS
get_ith_pointless_ability: SUCCESS, 6761
add_player: SUCCESS
add_player: SUCCESS
add_team: SUCCESS
add_team: SUCCESS
add_team: SUCCESS
get_player_cards: SUCCESS, 280
get_team_points: SUCCESS, 0
add_player: SUCCESS
get_ith_pointless_ability: SUCCESS, 1124
get_player_cards: SUCCESS, 4323
get_player_cards: SUCCESS, 7265
add_player: SUCCESS
add_team: SUCCESS
get_ith_pointless_ability: SUCCESS, 6721
get_ith_pointless_ability: SUCCESS, 9479
add_team: SUCCESS
add_team: SUCCESS
add_team: SUCCESS
add_player: SUCCESS
get_team_points: SUCCESS, 0
add_team: SUCCESS
add_team: SUCCESS
get_team_points: SUCCESS, 0
get_team_points: SUCCESS, 0
get_ith_pointless_ability: SUCCESS, 6178
get_player_cards: SUCCESS, 3728
add_player: SUCCESS
get_team_points: SUCCESS, 0
get_player_cards: SUCCESS, 664
get_team_points: SUCCESS, 0
add_player: SUCCESS
add_team: SUCCESS
remove_team: SUCCESS
get_player_cards: SUCCESS, 664
get_ith_pointless_ability: SUCCESS, 5473
remove_team: SUCCESS
get_ith_pointless_ability: SUCCESS, 4315
add_team: SUCCESS
get_player_cards: SUCCESS, 5528
add_team: SUCCESS
add_team: SUCCESS
get_ith_pointless_ability: SUCCESS, 6721
get_team_points: SUCCESS, 0
add_player: SUCCESS
add_team: SUCCESS
get_player_cards: SUCCESS, 662
add_player: SUCCESS
remove_team: SUCCESS
add_team: SUCCESS
get_player_cards: SUCCESS, 7265
get_player_cards: SUCCESS, 9046
get_team_points: SUCCESS, 0
add_team: SUCCESS
remove_team: SUCCESS
add_player: SUCCESS
add_team: SUCCESS
add_player: SUCCESS
remove_team: SUCCESS
get_player_cards: SUCCESS, 4456
get_ith_pointless_ability: SUCCESS, 9657
get_player_cards: SUCCESS, 662
add_team: SUCCESS
get_ith_pointless_ability: SUCCESS, 7331
remove_team: SUCCESS
add_team: SUCCESS
get_ith_pointless_ability: SUCCESS, 198
get_ith_pointless_ability: SUCCESS, 5715
get_team_points: SUCCESS, 0
remove_team: SUCCESS
get_ith_pointless_ability: SUCCESS, 6178
get_ith_pointless_ability: SUCCESS, 4315
get_player_cards: SUCCESS, 9076
get_player_cards: SUCCESS, 9046
get_team_points: SUCCESS, 0
add_player: SUCCESS
add_team: SUCCESS
remove_team: SUCCESS
get_player_cards: SUCCESS, 5528
remove_team: SUCCESS
remove_team: SUCCESS
get_team_points: SUCCESS, 0
get_team_points: SUCCESS, 0
add_team: SUCCESS
get_ith_pointless_ability: SUCCESS, 5473
get_team_points: SUCCESS, 0
get_ith_pointless_ability: SUCCESS, 9657
add_player: SUCCESS
add_team: SUCCESS
get_team_points: SUCCESS, 0
get_team_points: SUCCESS, 0
add_team: SUCCESS
get_player_cards: SUCCESS, 5433
add_team: SUCCESS
add_team: SUCCESS
add_team: SUCCESS
get_team_points: SUCCESS, 0
add_team: SUCCESS
remove_team: SUCCESS
get_player_cards: SUCCESS, 2813
get_team_points: SUCCESS, 0
add_team: SUCCESS
add_player: SUCCESS
get_ith_pointless_ability: SUCCESS, 1940
get_player_cards: SUCCESS, 2593
get_player_cards: SUCCESS, 4456
add_player: SUCCESS
remove_team: SUCCESS
add_team: SUCCESS
add_player: SUCCESS
get_player_cards: SUCCESS, 2813
add_team: SUCCESS
remove_team: SUCCESS
get_team_points: SUCCESS, 0
add_team: SUCCESS
add_player: SUCCESS
add_team: SUCCESS
get_team_points: SUCCESS, 0
get_player_cards: SUCCESS, 5433
remove_team: SUCCESS
get_player_cards: SUCCESS, 9354
get_ith_pointless_ability: SUCCESS, 7614
get_ith_pointless_ability: SUCCESS, 454
get_ith_pointless_ability: SUCCESS, 8370
get_player_cards: SUCCESS, 662
get_ith_pointless_ability: SUCCESS, 3624
get_ith_pointless_ability: SUCCESS, 454
add_player: SUCCESS
get_ith_pointless_ability: SUCCESS, 7937
get_player_cards: SUCCESS, 2817
add_team: SUCCESS
get_player_cards: SUCCESS, 662
get_team_points: SUCCESS, 0
get_team_points: SUCCESS, 0
add_team: SUCCESS
remove_team: SUCCESS
add_player: SUCCESS
get_ith_pointless_ability: SUCCESS, 198
add_player: SUCCESS
remove_team: SUCCESS
get_ith_pointless_ability: SUCCESS, 5473
get_ith_pointless_ability: SUCCESS, 4315
add_player: SUCCESS
remove_team: SUCCESS
get_player_cards: SUCCESS, 9076
remove_team: SUCCESS
add_team: SUCCESS
get_player_cards: SUCCESS, 5433
get_player_cards: SUCCESS, 2593
add_team: SUCCESS
remove_team: SUCCESS
remove_team: SUCCESS
add_team: SUCCESS
add_team: SUCCESS
remove_team: SUCCESS
get_team_points: SUCCESS, 0
remove_team: SUCCESS
add_team: SUCCESS
remove_team: SUCCESS
get_team_points: SUCCESS, 0
add_player: SUCCESS
get_ith_pointless_ability: SUCCESS, 2904
add_player: SUCCESS
get_ith_pointless_ability: SUCCESS, 6914
get_ith_pointless_ability: SUCCESS, 6721
remove_team: SUCCESS
get_ith_pointless_ability: SUCCESS, 2904
get_player_cards: SUCCESS, 4323
remove_team: SUCCESS
get_player_cards: SUCCESS, 5737
get_player_cards: SUCCESS, 925
get_ith_pointless_ability: SUCCESS, 198
remove_team: SUCCESS
add_team: SUCCESS
add_player: SUCCESS
remove_team: SUCCESS
get_team_points: SUCCESS, 0
add_player: SUCCESS
get_team_points: SUCCESS, 0
remove_team: SUCCESS
get_ith_pointless_ability: SUCCESS, 2904
add_team: SUCCESS
get_team_points: SUCCESS, 0
remove_team: SUCCESS
add_player: SUCCESS
get_player_cards: SUCCESS, 664
add_team: SUCCESS
add_team: SUCCESS
add_team: SUCCESS
get_ith_pointless_ability: SUCCESS, 901
get_ith_pointless_ability: SUCCESS, 3624
get_ith_pointless_ability: SUCCESS, 3624
remove_team: SUCCESS
get_player_cards: SUCCESS, 6965
add_team: SUCCESS
add_player: SUCCESS
get_ith_pointless_ability: SUCCESS, 5563
remove_team: SUCCESS
get_team_points: SUCCESS, 0
add_team: SUCCESS
add_team: SUCCESS
get_ith_pointless_ability: SUCCESS, 901
add_team: SUCCESS
add_player: SUCCESS
get_player_cards: SUCCESS, 4200
get_player_cards: SUCCESS, 4200
get_team_points: SUCCESS, 0
add_player: SUCCESS
get_team_points: SUCCESS, 0
get_player_cards: SUCCESS, 282
add_team: SUCCESS
add_player: SUCCESS
get_team_points: SUCCESS, 0
add_player: SUCCESS
get_player_cards: SUCCESS, 1454
add_player: SUCCESS
remove_team: SUCCESS
add_player: SUCCESS
add_team: SUCCESS
remove_team: SUCCESS
remove_team: SUCCESS
get_player_cards: SUCCESS, 664
remove_team: SUCCESS
get_ith_pointless_ability: SUCCESS, 4481
get_team_points: SUCCESS, 0
get_player_cards: SUCCESS, 1454
remove_team: SUCCESS
get_player_cards: SUCCESS, 3728
get_team_points: SUCCESS, 0
remove_team: SUCCESS
add_player: SUCCESS
add_team: SUCCESS
get_ith_pointless_ability: SUCCESS, 2238
get_player_cards: SUCCESS, 7733
add_team: SUCCESS
add_team: SUCCESS
remove_team: SUCCESS
get_team_points: SUCCESS, 0
get_ith_pointless_ability: SUCCESS, 3550
get_player_cards: SUCCESS, 5528
get_ith_pointless_ability: SUCCESS, 5971
add_team: SUCCESS
get_team_points: SUCCESS, 0
get_team_points: SUCCESS, 0
remove_team: SUCCESS
get_ith_pointless_ability: SUCCESS, 5971
get_team_points: SUCCESS, 0
add_team: SUCCESS
get_ith_pointless_ability: SUCCESS, 3057
add_player: SUCCESS
get_player_cards: SUCCESS, 3728
get_team_points: SUCCESS, 0
get_player_cards: SUCCESS, 4200
get_team_points: SUCCESS, 0
add_team: SUCCESS
get_team_points: SUCCESS, 0
add_team: SUCCESS
add_player: SUCCESS
get_player_cards: SUCCESS, 6568
get_ith_pointless_ability: SUCCESS, 7034
get_player_cards: SUCCESS, 6965
add_team: SUCCESS
remove_team: SUCCESS
remove_team: SUCCESS
remove_team: SUCCESS
remove_team: SUCCESS
add_player: SUCCESS
add_team: SUCCESS
remove_team: SUCCESS
add_player: SUCCESS
remove_team: SUCCESS
add_player: SUCCESS
add_player: SUCCESS
get_team_points: SUCCESS, 0
get_player_cards: SUCCESS, 7733
add_player: SUCCESS
add_team: SUCCESS
add_player: SUCCESS
remove_team: SUCCESS
get_ith_pointless_ability: SUCCESS, 2178
add_team: SUCCESS
add_player: SUCCESS
remove_team: SUCCESS
remove_team: SUCCESS
add_player: SUCCESS
remove_team: SUCCESS
remove_team: SUCCESS
get_player_cards: SUCCESS, 6204
add_team: SUCCESS
get_ith_pointless_ability: SUCCESS, 2477
get_team_points: SUCCESS, 0
get_player_cards: SUCCESS, 5528
remove_team: SUCCESS
get_player_cards: SUCCESS, 276
get_player_cards: SUCCESS, 1454
get_player_cards: SUCCESS, 3435
add_player: SUCCESS
get_team_points: SUCCESS, 0
get_ith_pointless_ability: SUCCESS, 7034
add_team: SUCCESS
get_team_points: SUCCESS, 0
add_team: SUCCESS
get_ith_pointless_ability: SUCCESS, 3061
add_team: SUCCESS
remove_team: SUCCESS
get_ith_pointless_ability: SUCCESS, 119
get_player_cards: SUCCESS, 253
get_player_cards: SUCCESS, 664
add_team: SUCCESS
get_team_points: SUCCESS, 0
get_player_cards: SUCCESS, 8823
remove_team: SUCCESS
get_team_points: SUCCESS, 0
add_team: SUCCESS
get_ith_pointless_ability: SUCCESS, 5971
get_player_cards: SUCCESS, 6204
remove_team: SUCCESS
get_ith_pointless_ability: SUCCESS, 3550
get_ith_pointless_ability: SUCCESS, 2262
get_ith_pointless_ability: SUCCESS, 2435
add_player: SUCCESS
get_team_points: SUCCESS, 0
get_team_points: SUCCESS, 0
get_player_cards: SUCCESS, 6204
get_team_points: SUCCESS, 0
get_ith_pointless_ability: SUCCESS, 3061
get_ith_pointless_ability: SUCCESS, 7267
get_player_cards: SUCCESS, 9481
remove_team: SUCCESS
get_ith_pointless_ability: SUCCESS, 3057
get_team_points: SUCCESS, 0
get_player_cards: SUCCESS, 2817
get_team_points: SUCCESS, 0
get_player_cards: SUCCESS, 7733
get_team_points: SUCCESS, 0
remove_team: SUCCESS
add_team: SUCCESS
add_player: SUCCESS
remove_team: SUCCESS
get_ith_pointless_ability: SUCCESS, 2404
remove_team: SUCCESS
get_player_cards: SUCCESS, 6614
get_player_cards: SUCCESS, 4202
remove_team: SUCCESS
get_ith_pointless_ability: SUCCESS, 2435
add_player: SUCCESS
get_ith_pointless_ability: SUCCESS, 5669
add_team: SUCCESS
add_team: SUCCESS
add_team: SUCCESS
remove_team: SUCCESS
add_player: SUCCESS
get_player_cards: SUCCESS, 6614
remove_team: SUCCESS
get_team_points: SUCCESS, 0
get_ith_pointless_ability: SUCCESS, 2435
get_team_points: SUCCESS, 0
add_player: SUCCESS
get_ith_pointless_ability: SUCCESS, 6721
get_ith_pointless_ability: SUCCESS, 3057
add_team: SUCCESS
add_team: SUCCESS
add_player: SUCCESS
get_player_cards: SUCCESS, 7966
add_player: SUCCESS
add_team: SUCCESS
add_team: SUCCESS
remove_team: SUCCESS
get_ith_pointless_ability: SUCCESS, 8293
add_team: SUCCESS
get_team_points: SUCCESS, 0
get_ith_pointless_ability: SUCCESS, 3550
get_player_cards: SUCCESS, 2813
get_player_cards: SUCCESS, 3237
add_player: SUCCESS
add_team: SUCCESS
add_player: SUCCESS
add_team: SUCCESS
get_team_points: SUCCESS, 0
get_player_cards: SUCCESS, 6204
add_team: SUCCESS
get_ith_pointless_ability: SUCCESS, 2336
get_player_cards: SUCCESS, 5528
add_team: SUCCESS
add_team: SUCCESS
remove_team: SUCCESS
get_ith_pointless_ability: SUCCESS, 3550
get_team_points: SUCCESS, 0
add_player: SUCCESS
get_ith_pointless_ability: SUCCESS, 9719
get_team_points: SUCCESS, 0
remove_team: SUCCESS
remove_team: SUCCESS
get_ith_pointless_ability: SUCCESS, 8859
remove_team: SUCCESS
add_team: SUCCESS
add_player: SUCCESS
add_team: SUCCESS
get_ith_pointless_ability: SUCCESS, 1999
add_player: SUCCESS
add_player: SUCCESS
add_player: SUCCESS
add_team: SUCCESS
add_player: SUCCESS
add_player: SUCCESS
add_player: SUCCESS
remove_team: SUCCESS
add_team: SUCCESS
remove_team: SUCCESS
get_player_cards: SUCCESS, 3900
get_ith_pointless_ability: SUCCESS, 2336
add_team: SUCCESS
add_team: SUCCESS
get_player_cards: SUCCESS, 4456
add_team: SUCCESS
add_team: FAILURE
add_team: FAILURE
get_ith_pointless_ability: SUCCESS, 2410
remove_team: FAILURE
remove_team: SUCCESS
get_ith_pointless_ability: FAILURE
get_ith_pointless_ability: FAILURE
get_ith_pointless_ability: SUCCESS, 2404
get_team_points: SUCCESS, 0
get_ith_pointless_ability: FAILURE
get_team_points: SUCCESS, 0
add_player: SUCCESS
add_team: SUCCESS
remove_team: FAILURE
add_team: FAILURE
add_player: SUCCESS
get_ith_pointless_ability: SUCCESS, 3707
add_player: SUCCESS
remove_team: FAILURE
add_team: FAILURE
get_player_cards: FAILURE
get_ith_pointless_ability: FAILURE
get_ith_pointless_ability: SUCCESS, 2404
get_team_points: SUCCESS, 0
get_team_points: SUCCESS, 0
add_team: FAILURE
remove_team: FAILURE
get_team_points: SUCCESS, 0
add_team: SUCCESS
add_player: SUCCESS
get_player_cards: FAILURE
get_ith_pointless_ability: FAILURE
remove_team: FAILURE
get_player_cards: FAILURE
add_player: FAILURE
get_player_cards: SUCCESS, 5788
add_player: SUCCESS
add_player: FAILURE
get_team_points: FAILURE
get_player_cards: FAILURE
add_team: FAILURE
get_team_points: FAILURE
get_ith_pointless_ability: FAILURE
add_player: FAILURE
add_player: SUCCESS
get_team_points: FAILURE
get_player_cards: SUCCESS, 276
get_team_points: FAILURE
add_player: SUCCESS
get_team_points: SUCCESS, 0
remove_team: SUCCESS
get_ith_pointless_ability: FAILURE
get_player_cards: FAILURE
get_team_points: SUCCESS, 0
get_ith_pointless_ability: SUCCESS, 3707
add_team: FAILURE
add_player: SUCCESS
get_ith_pointless_ability: SUCCESS, 2404
get_player_cards: FAILURE
get_team_points: FAILURE
add_player: FAILURE
add_team: FAILURE
get_ith_pointless_ability: FAILURE
add_player: SUCCESS
get_team_points: FAILURE
get_team_points: SUCCESS, 0
add_team: SUCCESS
get_player_cards: SUCCESS, 8823
get_player_cards: FAILURE
add_team: FAILURE
get_ith_pointless_ability: SUCCESS, 9944
remove_team: SUCCESS
add_player: SUCCESS
add_team: FAILURE
remove_team: FAILURE
add_player: SUCCESS
get_player_cards: FAILURE
add_team: FAILURE
add_team: SUCCESS
add_team: FAILURE
remove_team: SUCCESS
remove_team: SUCCESS
get_team_points: FAILURE
remove_team: SUCCESS
add_player: SUCCESS
add_player: SUCCESS
add_player: SUCCESS
get_ith_pointless_ability: SUCCESS, 3119
get_ith_pointless_ability: FAILURE
add_team: SUCCESS
remove_team: SUCCESS
add_team: SUCCESS
add_player: SUCCESS
get_ith_pointless_ability: FAILURE
get_team_points: FAILURE
add_player: SUCCESS
add_team: FAILURE
get_team_points: FAILURE
remove_team: SUCCESS
add_team: SUCCESS
get_team_points: SUCCESS, 0
add_team: FAILURE
get_ith_pointless_ability: FAILURE
remove_team: FAILURE
remove_team: SUCCESS
remove_team: FAILURE
add_team: FAILURE
add_team: FAILURE
get_ith_pointless_ability: SUCCESS, 3550
add_player: SUCCESS
get_ith_pointless_ability: SUCCESS, 6308
add_team: FAILURE
get_player_cards: SUCCESS, 7918
get_team_points: SUCCESS, 0
add_team: FAILURE
get_ith_pointless_ability: SUCCESS, 9944
remove_team: FAILURE
get_ith_pointless_ability: SUCCESS, 3707
add_player: SUCCESS
get_player_cards: FAILURE
add_team: FAILURE
get_team_points: SUCCESS, 0
get_player_cards: FAILURE
get_ith_pointless_ability: SUCCESS, 7452
get_team_points: FAILURE
remove_team: FAILURE
add_player: SUCCESS
add_team: FAILURE
get_team_points: FAILURE
get_ith_pointless_ability: SUCCESS, 7452
get_team_points: SUCCESS, 0
get_player_cards: SUCCESS, 9481
get_player_cards: SUCCESS, 3900
get_ith_pointless_ability: SUCCESS, 7868
get_player_cards: SUCCESS, 7740
remove_team: FAILURE
add_team: FAILURE
get_team_points: SUCCESS, 0
get_ith_pointless_ability: SUCCESS, 6711
get_ith_pointless_ability: SUCCESS, 5625
get_team_points: SUCCESS, 0
get_player_cards: FAILURE
get_player_cards: FAILURE
get_player_cards: FAILURE
remove_team: SUCCESS
get_team_points: FAILURE
get_player_cards: FAILURE
get_team_points: FAILURE
remove_team: FAILURE
add_player: FAILURE
remove_team: SUCCESS
get_team_points: FAILURE
remove_team: SUCCESS
get_ith_pointless_ability: SUCCESS, 3550
add_player: SUCCESS
add_player: FAILURE
get_team_points: FAILURE
get_ith_pointless_ability: SUCCESS, 3707
get_team_points: FAILURE
add_team: FAILURE
add_player: FAILURE
add_player: FAILURE
add_player: SUCCESS
get_ith_pointless_ability: SUCCESS, 748
remove_team: FAILURE
get_team_points: FAILURE
get_player_cards: FAILURE
add_team: FAILURE
add_team: FAILURE
get_ith_pointless_ability: FAILURE
add_player: SUCCESS
add_team: SUCCESS
get_player_cards: SUCCESS, 6204
get_team_points: SUCCESS, 0
add_team: SUCCESS
get_player_cards: SUCCESS, 7759
get_team_points: SUCCESS, 0
remove_team: SUCCESS
add_player: FAILURE
add_player: SUCCESS
get_ith_pointless_ability: SUCCESS, 263
remove_team: FAILURE
get_ith_pointless_ability: SUCCESS, 97
remove_team: FAILURE
get_team_points: SUCCESS, 0
add_team: SUCCESS
get_ith_pointless_ability: FAILURE
add_team: SUCCESS
get_team_points: SUCCESS, 0
get_player_cards: SUCCESS, 6440
add_team: SUCCESS
get_team_points: SUCCESS, 0
get_ith_pointless_ability: SUCCESS, 5625
add_player: FAILURE
get_ith_pointless_ability: FAILURE
remove_team: SUCCESS
get_team_points: FAILURE
remove_team: SUCCESS
get_player_cards: FAILURE
add_player: FAILURE
get_team_points: SUCCESS, 0
add_team: SUCCESS
get_ith_pointless_ability: FAILURE
get_ith_pointless_ability: FAILURE
get_team_points: SUCCESS, 0
get_player_cards: FAILURE
add_team: FAILURE
add_team: FAILURE
get_player_cards: FAILURE
get_ith_pointless_ability: SUCCESS, 5625
get_team_points: FAILURE
get_team_points: FAILURE
remove_team: FAILURE
add_team: SUCCESS
get_team_points: FAILURE
get_player_cards: SUCCESS, 1219
add_player: SUCCESS
get_team_points: FAILURE
get_player_cards: FAILURE
add_player: FAILURE
get_player_cards: FAILURE
get_ith_pointless_ability: SUCCESS, 6308
add_team: SUCCESS
get_ith_pointless_ability: FAILURE
get_team_points: FAILURE
add_team: FAILURE
add_player: FAILURE
add_team: FAILURE
add_player: FAILURE
get_ith_pointless_ability: FAILURE
get_ith_pointless_ability: FAILURE
get_ith_pointless_ability: SUCCESS, 2381
get_team_points: FAILURE
remove_team: SUCCESS
get_ith_pointless_ability: FAILURE
add_team: FAILURE
add_team: SUCCESS
get_ith_pointless_ability: SUCCESS, 3898
get_ith_pointless_ability: FAILURE
get_team_points: SUCCESS, 0
add_team: FAILURE
get_ith_pointless_ability: SUCCESS, 8320
get_team_points: FAILURE
get_team_points: FAILURE
add_team: FAILURE
add_player: SUCCESS
get_team_points: FAILURE
get_player_cards: SUCCESS, 4831
get_player_cards: SUCCESS, 8120
get_player_cards: FAILURE
add_team: SUCCESS
remove_team: SUCCESS
remove_team: SUCCESS
add_player: SUCCESS
get_player_cards: SUCCESS, 9995
get_player_cards: SUCCESS, 1857
add_player: SUCCESS
get_player_cards: SUCCESS, 8249
add_team: SUCCESS
get_team_points: SUCCESS, 0
get_player_cards: SUCCESS, 2817
remove_team: SUCCESS
add_team: SUCCESS
add_team: SUCCESS
add_team: SUCCESS
remove_team: SUCCESS
get_team_points: SUCCESS, 0
get_player_cards: SUCCESS, 5304
add_player: SUCCESS
remove_team: SUCCESS
get_team_points: SUCCESS, 0
get_player_cards: SUCCESS, 1219
add_player: SUCCESS
remove_team: SUCCESS
get_team_points: SUCCESS, 0
get_ith_pointless_ability: SUCCESS, 148
add_team: SUCCESS
get_team_points: SUCCESS, 0
get_ith_pointless_ability: SUCCESS, 5835
remove_team: SUCCESS
add_player: SUCCESS
get_team_points: SUCCESS, 0
add_team: SUCCESS
get_player_cards: SUCCESS, 3660
add_player: SUCCESS
add_player: SUCCESS
remove_team: SUCCESS
add_player: SUCCESS
get_player_cards: SUCCESS, 9719
add_player: SUCCESS
get_team_points: SUCCESS, 0
remove_team: SUCCESS
get_ith_pointless_ability: SUCCESS, 8859
get_team_points: SUCCESS, 0
add_team: SUCCESS
add_player: SUCCESS
add_player: SUCCESS
add_player: SUCCESS
get_player_cards: SUCCESS, 1322
add_team: SUCCESS
add_team: SUCCESS
get_player_cards: SUCCESS, 9354
get_player_cards: SUCCESS, 7966
add_player: SUCCESS
get_team_points: SUCCESS, 0
get_player_cards: SUCCESS, 1157
add_team: SUCCESS
remove_team: SUCCESS
add_team: SUCCESS
remove_team: SUCCESS
get_team_points: SUCCESS, 0
add_team: SUCCESS
get_team_points: SUCCESS, 0
get_ith_pointless_ability: SUCCESS, 263
remove_team: SUCCESS
remove_team: SUCCESS
add_team: SUCCESS
get_team_points: SUCCESS, 0
get_team_points: SUCCESS, 0
add_team: SUCCESS
get_player_cards: SUCCESS, 2283
add_team: SUCCESS
add_team: SUCCESS
add_team: SUCCESS
remove_team: SUCCESS
remove_team: SUCCESS
get_player_cards: SUCCESS, 4633
add_team: SUCCESS
get_player_cards: SUCCESS, 7265
remove_team: SUCCESS
add_player: SUCCESS
get_ith_pointless_ability: SUCCESS, 4878
add_team: SUCCESS
remove_team: SUCCESS
get_ith_pointless_ability: SUCCESS, 97
get_ith_pointless_ability: SUCCESS, 3049
get_team_points: SUCCESS, 0
get_team_points: SUCCESS, 0
get_player_cards: SUCCESS, 9719
get_player_cards: SUCCESS, 1076
get_ith_pointless_ability: SUCCESS, 5625
add_player: SUCCESS
add_player: SUCCESS
remove_team: SUCCESS
add_team: SUCCESS
get_ith_pointless_ability: SUCCESS, 7989
get_team_points: SUCCESS, 0
remove_team: SUCCESS
remove_team: SUCCESS
get_player_cards: SUCCESS, 6856
get_ith_pointless_ability: SUCCESS, 4095
add_team: SUCCESS
get_team_points: SUCCESS, 0
get_ith_pointless_ability: SUCCESS, 3049
add_player: SUCCESS
add_player: SUCCESS
remove_team: SUCCESS
add_player: SUCCESS
remove_team: SUCCESS
get_team_points: SUCCESS, 0
get_ith_pointless_ability: SUCCESS, 6501
add_team: SUCCESS
get_team_points: SUCCESS, 0
get_ith_pointless_ability: SUCCESS, 3049
get_team_points: SUCCESS, 0
get_player_cards: SUCCESS, 6614
get_team_points: SUCCESS, 0
add_team: SUCCESS
add_team: SUCCESS
remove_team: SUCCESS
get_player_cards: SUCCESS, 9235
get_player_cards: SUCCESS, 242
remove_team: SUCCESS
remove_team: SUCCESS
remove_team: SUCCESS
get_team_points: SUCCESS, 0
get_player_cards: SUCCESS, 6568
add_player: SUCCESS
get_ith_pointless_ability: SUCCESS, 5625
get_player_cards: SUCCESS, 6856
get_team_points: SUCCESS, 0
get_ith_pointless_ability: SUCCESS, 7452
get_player_cards: SUCCESS, 8120
add_player: SUCCESS
get_team_points: SUCCESS, 0
get_team_points: SUCCESS, 0
get_player_cards: SUCCESS, 1385
remove_team: SUCCESS
remove_team: SUCCESS
add_player: SUCCESS
add_team: SUCCESS
get_ith_pointless_ability: SUCCESS, 4878
get_ith_pointless_ability: SUCCESS, 3707
get_player_cards: SUCCESS, 7265
add_player: SUCCESS
get_team_points: SUCCESS, 0
get_team_points: SUCCESS, 0
remove_team: SUCCESS
get_ith_pointless_ability: SUCCESS, 97
get_ith_pointless_ability: SUCCESS, 141
remove_team: SUCCESS
add_team: SUCCESS
get_player_cards: SUCCESS, 1276
add_team: SUCCESS
add_team: SUCCESS
remove_team: SUCCESS
get_team_points: SUCCESS, 0
get_team_points: SUCCESS, 0
add_team: SUCCESS
get_team_points: SUCCESS, 0
remove_team: SUCCESS
add_player: SUCCESS
remove_team: SUCCESS
get_player_cards: SUCCESS, 2638
get_team_points: SUCCESS, 0
remove_team: SUCCESS
add_team: SUCCESS
remove_team: SUCCESS
get_ith_pointless_ability: SUCCESS, 7452
get_ith_pointless_ability: SUCCESS, 1747
get_player_cards: SUCCESS, 3660
get_ith_pointless_ability: SUCCESS, 9857
add_player: SUCCESS
add_player: SUCCESS
get_team_points: SUCCESS, 0
add_player: SUCCESS
get_player_cards: SUCCESS, 3644
add_team: SUCCESS
remove_team: SUCCESS
add_team: SUCCESS
get_ith_pointless_ability: SUCCESS, 4264
get_player_cards: SUCCESS, 3652
add_player: SUCCESS
get_team_points: SUCCESS, 0
add_player: SUCCESS
get_ith_pointless_ability: SUCCESS, 5625
get_team_points: SUCCESS, 0
get_team_points: SUCCESS, 0
add_player: SUCCESS
add_player: SUCCESS
get_ith_pointless_ability: SUCCESS, 8859
add_team: SUCCESS
get_ith_pointless_ability: SUCCESS, 9857
add_team: SUCCESS
get_player_cards: SUCCESS, 1276
get_ith_pointless_ability: SUCCESS, 2199
add_player: SUCCESS
add_team: SUCCESS
get_ith_pointless_ability: SUCCESS, 5215
add_team: SUCCESS
get_team_points: SUCCESS, 0
get_player_cards: SUCCESS, 8120
remove_team: SUCCESS
add_player: SUCCESS
get_team_points: SUCCESS, 0
get_ith_pointless_ability: SUCCESS, 2199
get_player_cards: SUCCESS, 9076
get_ith_pointless_ability: SUCCESS, 5625
remove_team: SUCCESS
get_team_points: SUCCESS, 0
get_player_cards: SUCCESS, 7480
get_ith_pointless_ability: SUCCESS, 6597
get_ith_pointless_ability: SUCCESS, 3707
remove_team: SUCCESS
add_player: SUCCESS
get_ith_pointless_ability: SUCCESS, 2027
get_ith_pointless_ability: SUCCESS, 2428
add_player: SUCCESS
get_team_points: SUCCESS, 0
remove_team: SUCCESS
get_ith_pointless_ability: SUCCESS, 2731
remove_team: SUCCESS
add_player: SUCCESS
get_team_points: SUCCESS, 0
get_player_cards: SUCCESS, 7966
get_ith_pointless_ability: SUCCESS, 5625
add_team: SUCCESS
remove_team: SUCCESS
get_player_cards: SUCCESS, 5194
get_ith_pointless_ability: SUCCESS, 7452
remove_team: SUCCESS
get_ith_pointless_ability: SUCCESS, 3707
add_team: SUCCESS
get_ith_pointless_ability: SUCCESS, 7452
add_team: SUCCESS
get_team_points: SUCCESS, 0
get_player_cards: SUCCESS, 7480
get_ith_pointless_ability: SUCCESS, 2199
get_ith_pointless_ability: SUCCESS, 6501
add_team: SUCCESS
get_team_points: SUCCESS, 0
add_player: SUCCESS
add_team: SUCCESS
get_ith_pointless_ability: SUCCESS, 6501
get_ith_pointless_ability: SUCCESS, 7452
get_player_cards: SUCCESS, 1891
get_ith_pointless_ability: SUCCESS, 436
add_player: SUCCESS
add_player: SUCCESS
remove_team: SUCCESS
