add_team: SUCCESS
add_player: SUCCESS
add_player: SUCCESS
add_player: SUCCESS
add_player: SUCCESS
add_player: SUCCESS
add_team: SUCCESS
add_team: SUCCESS
add_team: SUCCESS
add_team: SUCCESS
add_team: SUCCESS
add_team: SUCCESS
add_player: SUCCESS
add_player: SUCCESS
add_player: SUCCESS
add_player: SUCCESS
add_player: SUCCESS
add_team: SUCCESS
add_player: SUCCESS
add_player: SUCCESS
add_team: SUCCESS
add_team: SUCCESS
add_player: SUCCESS
add_team: SUCCESS
add_player: SUCCESS
add_team: SUCCESS
add_team: SUCCESS
add_team: SUCCESS
add_player: SUCCESS
add_team: SUCCESS
add_team: SUCCESS
add_team: SUCCESS
add_team: SUCCESS
add_player: SUCCESS
add_player: SUCCESS
add_team: SUCCESS
add_team: SUCCESS
add_player: SUCCESS
add_team: SUCCESS
add_team: SUCCESS
add_player: SUCCESS
add_player: SUCCESS
add_player: SUCCESS
add_player: SUCCESS
add_player: SUCCESS
add_player: SUCCESS
add_player: SUCCESS
add_player: SUCCESS
add_team: SUCCESS
add_player: SUCCESS
add_team: SUCCESS
add_player: SUCCESS
add_player: SUCCESS
add_team: SUCCESS
add_team: SUCCESS
add_player: SUCCESS
add_team: SUCCESS
add_team: SUCCESS
add_team: SUCCESS
add_team: SUCCESS
add_team: SUCCESS
add_player: SUCCESS
add_player: SUCCESS
add_team: SUCCESS
add_player: SUCCESS
add_player: SUCCESS
add_player: SUCCESS
add_player: SUCCESS
add_player: SUCCESS
add_team: SUCCESS
add_player: SUCCESS
add_player: SUCCESS
add_team: SUCCESS
add_player: SUCCESS
add_player: SUCCESS
add_player: SUCCESS
add_player: SUCCESS
add_team: SUCCESS
add_team: SUCCESS
add_player: SUCCESS
add_team: SUCCESS
add_player: SUCCESS
add_team: SUCCESS
add_player: SUCCESS
add_player: SUCCESS
add_player: SUCCESS
add_team: SUCCESS
add_team: SUCCESS
add_team: SUCCESS
add_team: SUCCESS
add_team: SUCCESS
add_team: SUCCESS
add_team: SUCCESS
add_player: SUCCESS
add_player: SUCCESS
add_player: SUCCESS
add_player: SUCCESS
add_team: SUCCESS
add_team: SUCCESS
add_team: SUCCESS
add_player: SUCCESS
add_team: SUCCESS
add_team: SUCCESS
add_player: SUCCESS
add_player: SUCCESS
add_team: SUCCESS
add_player: SUCCESS
add_team: SUCCESS
add_player: SUCCESS
add_team: SUCCESS
add_player: SUCCESS
add_team: SUCCESS
add_player: SUCCESS
add_player: SUCCESS
add_player: SUCCESS
add_player: SUCCESS
add_player: SUCCESS
add_team: SUCCESS
add_team: SUCCESS
add_team: SUCCESS
add_player: SUCCESS
add_player: SUCCESS
add_team: SUCCESS
add_player: SUCCESS
add_team: SUCCESS
play_match: FAILURE
buy_team: FAILURE
get_partial_spirit: INVALID_INPUT
get_ith_pointless_ability: FAILURE
add_player_cards: INVALID_INPUT
remove_team: INVALID_INPUT
get_player_cards: INVALID_INPUT
get_ith_pointless_ability: FAILURE
get_player_cards: INVALID_INPUT
remove_team: FAILURE
add_team: INVALID_INPUT
add_player: INVALID_INPUT
add_player: INVALID_INPUT
get_team_points: INVALID_INPUT
add_player: FAILURE
get_team_points: INVALID_INPUT
add_team: INVALID_INPUT
play_match: INVALID_INPUT
add_player: INVALID_INPUT
get_ith_pointless_ability: FAILURE
play_match: INVALID_INPUT
add_team: INVALID_INPUT
buy_team: INVALID_INPUT
get_partial_spirit: INVALID_INPUT
play_match: INVALID_INPUT
add_player: FAILURE
get_partial_spirit: INVALID_INPUT
add_player: INVALID_INPUT
get_partial_spirit: INVALID_INPUT
remove_team: INVALID_INPUT
remove_team: INVALID_INPUT
get_player_cards: INVALID_INPUT
buy_team: FAILURE
buy_team: INVALID_INPUT
add_player_cards: FAILURE
get_player_cards: INVALID_INPUT
get_ith_pointless_ability: FAILURE
buy_team: INVALID_INPUT
add_player: INVALID_INPUT
get_ith_pointless_ability: FAILURE
get_ith_pointless_ability: FAILURE
get_team_points: INVALID_INPUT
get_ith_pointless_ability: SUCCESS, 673
remove_team: INVALID_INPUT
buy_team: INVALID_INPUT
get_team_points: INVALID_INPUT
add_team: FAILURE
add_player_cards: INVALID_INPUT
get_team_points: INVALID_INPUT
get_player_cards: INVALID_INPUT
get_team_points: INVALID_INPUT
play_match: FAILURE
get_partial_spirit: INVALID_INPUT
add_player: FAILURE
get_partial_spirit: SUCCESS, 2,1,4,3,5
get_team_points: FAILURE
get_team_points: FAILURE
get_partial_spirit: INVALID_INPUT
get_team_points: INVALID_INPUT
buy_team: INVALID_INPUT
get_player_cards: INVALID_INPUT
buy_team: FAILURE
add_team: INVALID_INPUT
get_team_points: FAILURE
add_player: INVALID_INPUT
remove_team: INVALID_INPUT
remove_team: INVALID_INPUT
add_team: INVALID_INPUT
add_player: INVALID_INPUT
get_partial_spirit: FAILURE
add_player: INVALID_INPUT
get_team_points: INVALID_INPUT
add_player: INVALID_INPUT
play_match: FAILURE
add_team: INVALID_INPUT
get_ith_pointless_ability: FAILURE
get_player_cards: INVALID_INPUT
add_player: INVALID_INPUT
play_match: INVALID_INPUT
buy_team: INVALID_INPUT
buy_team: INVALID_INPUT
get_ith_pointless_ability: FAILURE
add_player: INVALID_INPUT
remove_team: INVALID_INPUT
add_player_cards: FAILURE
add_player_cards: FAILURE
get_ith_pointless_ability: FAILURE
add_player_cards: SUCCESS
remove_team: FAILURE
get_ith_pointless_ability: FAILURE
get_ith_pointless_ability: FAILURE
get_partial_spirit: SUCCESS, 1,2,4,3,5
play_match: INVALID_INPUT
remove_team: INVALID_INPUT
get_team_points: INVALID_INPUT
get_team_points: INVALID_INPUT
get_ith_pointless_ability: SUCCESS, 942
get_ith_pointless_ability: FAILURE
get_ith_pointless_ability: FAILURE
get_partial_spirit: INVALID_INPUT
remove_team: INVALID_INPUT
add_team: INVALID_INPUT
buy_team: INVALID_INPUT
play_match: FAILURE
add_team: INVALID_INPUT
add_player: INVALID_INPUT
get_player_cards: INVALID_INPUT
play_match: FAILURE
get_player_cards: FAILURE
add_player: INVALID_INPUT
add_player_cards: SUCCESS
buy_team: FAILURE
add_team: INVALID_INPUT
get_ith_pointless_ability: FAILURE
add_player_cards: FAILURE
add_team: INVALID_INPUT
add_team: FAILURE
buy_team: FAILURE
get_player_cards: FAILURE
buy_team: INVALID_INPUT
play_match: INVALID_INPUT
get_partial_spirit: INVALID_INPUT
get_ith_pointless_ability: FAILURE
get_team_points: INVALID_INPUT
buy_team: INVALID_INPUT
get_player_cards: FAILURE
buy_team: FAILURE
get_partial_spirit: INVALID_INPUT
get_ith_pointless_ability: FAILURE
get_ith_pointless_ability: FAILURE
get_ith_pointless_ability: FAILURE
buy_team: FAILURE
remove_team: INVALID_INPUT
buy_team: INVALID_INPUT
add_player_cards: INVALID_INPUT
get_partial_spirit: INVALID_INPUT
get_player_cards: FAILURE
add_player: INVALID_INPUT
add_player: SUCCESS
buy_team: FAILURE
get_team_points: FAILURE
add_team: FAILURE
add_player: INVALID_INPUT
play_match: FAILURE
remove_team: INVALID_INPUT
get_team_points: INVALID_INPUT
get_player_cards: INVALID_INPUT
get_ith_pointless_ability: FAILURE
get_partial_spirit: INVALID_INPUT
buy_team: INVALID_INPUT
add_player: FAILURE
get_player_cards: INVALID_INPUT
play_match: FAILURE
play_match: INVALID_INPUT
get_player_cards: INVALID_INPUT
get_player_cards: INVALID_INPUT
play_match: INVALID_INPUT
buy_team: INVALID_INPUT
buy_team: INVALID_INPUT
buy_team: FAILURE
get_partial_spirit: INVALID_INPUT
remove_team: INVALID_INPUT
get_partial_spirit: INVALID_INPUT
buy_team: INVALID_INPUT
get_ith_pointless_ability: FAILURE
add_player: FAILURE
add_team: INVALID_INPUT
get_player_cards: INVALID_INPUT
get_ith_pointless_ability: FAILURE
get_partial_spirit: FAILURE
get_team_points: INVALID_INPUT
add_player: INVALID_INPUT
get_player_cards: INVALID_INPUT
buy_team: INVALID_INPUT
add_player: INVALID_INPUT
get_ith_pointless_ability: FAILURE
get_partial_spirit: INVALID_INPUT
buy_team: INVALID_INPUT
get_partial_spirit: INVALID_INPUT
buy_team: FAILURE
add_player_cards: INVALID_INPUT
add_team: FAILURE
add_team: INVALID_INPUT
play_match: INVALID_INPUT
get_team_points: FAILURE
get_team_points: INVALID_INPUT
buy_team: FAILURE
add_team: INVALID_INPUT
remove_team: INVALID_INPUT
add_team: INVALID_INPUT
add_player: INVALID_INPUT
buy_team: FAILURE
get_partial_spirit: INVALID_INPUT
get_ith_pointless_ability: FAILURE
buy_team: INVALID_INPUT
remove_team: FAILURE
add_player: INVALID_INPUT
play_match: INVALID_INPUT
add_player_cards: INVALID_INPUT
add_player: INVALID_INPUT
get_player_cards: SUCCESS, 217
buy_team: INVALID_INPUT
get_ith_pointless_ability: FAILURE
remove_team: INVALID_INPUT
get_team_points: INVALID_INPUT
get_partial_spirit: FAILURE
add_player: FAILURE
get_partial_spirit: INVALID_INPUT
get_ith_pointless_ability: FAILURE
get_player_cards: INVALID_INPUT
get_team_points: INVALID_INPUT
get_team_points: INVALID_INPUT
remove_team: INVALID_INPUT
get_team_points: INVALID_INPUT
add_player: FAILURE
play_match: FAILURE
add_player: INVALID_INPUT
get_ith_pointless_ability: FAILURE
add_player: INVALID_INPUT
play_match: FAILURE
get_partial_spirit: INVALID_INPUT
buy_team: INVALID_INPUT
get_player_cards: INVALID_INPUT
add_player: INVALID_INPUT
play_match: INVALID_INPUT
add_team: INVALID_INPUT
get_ith_pointless_ability: FAILURE
buy_team: FAILURE
play_match: FAILURE
remove_team: INVALID_INPUT
remove_team: INVALID_INPUT
add_team: INVALID_INPUT
add_player_cards: INVALID_INPUT
add_player_cards: INVALID_INPUT
get_player_cards: SUCCESS, 932
play_match: FAILURE
get_ith_pointless_ability: FAILURE
get_team_points: INVALID_INPUT
play_match: INVALID_INPUT
get_partial_spirit: FAILURE
get_partial_spirit: SUCCESS, 4,3,5,2,1
add_team: FAILURE
add_player_cards: INVALID_INPUT
get_player_cards: INVALID_INPUT
get_ith_pointless_ability: FAILURE
get_partial_spirit: FAILURE
play_match: INVALID_INPUT
buy_team: FAILURE
add_team: INVALID_INPUT
get_partial_spirit: SUCCESS, 3,1,5,2,4
remove_team: FAILURE
get_player_cards: INVALID_INPUT
add_player: INVALID_INPUT
get_player_cards: INVALID_INPUT
add_team: INVALID_INPUT
buy_team: INVALID_INPUT
get_team_points: FAILURE
add_team: INVALID_INPUT
remove_team: FAILURE
add_player_cards: INVALID_INPUT
remove_team: INVALID_INPUT
add_player_cards: INVALID_INPUT
add_player_cards: INVALID_INPUT
buy_team: INVALID_INPUT
add_team: FAILURE
play_match: INVALID_INPUT
get_ith_pointless_ability: SUCCESS, 206
add_player_cards: SUCCESS
buy_team: INVALID_INPUT
get_ith_pointless_ability: SUCCESS, 215
get_ith_pointless_ability: FAILURE
get_partial_spirit: INVALID_INPUT
get_player_cards: INVALID_INPUT
add_player_cards: FAILURE
buy_team: FAILURE
add_player_cards: INVALID_INPUT
get_team_points: FAILURE
get_team_points: SUCCESS, 0
get_ith_pointless_ability: FAILURE
get_partial_spirit: FAILURE
play_match: INVALID_INPUT
get_team_points: SUCCESS, 0
remove_team: INVALID_INPUT
get_team_points: INVALID_INPUT
add_team: INVALID_INPUT
get_ith_pointless_ability: FAILURE
get_player_cards: FAILURE
get_ith_pointless_ability: SUCCESS, 206
add_team: INVALID_INPUT
play_match: INVALID_INPUT
get_partial_spirit: INVALID_INPUT
play_match: INVALID_INPUT
get_player_cards: INVALID_INPUT
remove_team: FAILURE
add_player: INVALID_INPUT
buy_team: SUCCESS
get_partial_spirit: FAILURE
play_match: INVALID_INPUT
add_player: INVALID_INPUT
add_player: FAILURE
add_team: INVALID_INPUT
remove_team: INVALID_INPUT
get_player_cards: INVALID_INPUT
add_player: FAILURE
add_player_cards: FAILURE
get_team_points: INVALID_INPUT
get_team_points: SUCCESS, 0
play_match: FAILURE
add_player: INVALID_INPUT
get_team_points: INVALID_INPUT
buy_team: INVALID_INPUT
get_player_cards: FAILURE
add_player: FAILURE
get_player_cards: INVALID_INPUT
get_ith_pointless_ability: FAILURE
add_player: INVALID_INPUT
add_player: INVALID_INPUT
get_ith_pointless_ability: FAILURE
buy_team: INVALID_INPUT
buy_team: INVALID_INPUT
add_team: INVALID_INPUT
get_team_points: INVALID_INPUT
add_player: INVALID_INPUT
add_team: SUCCESS
get_team_points: INVALID_INPUT
add_player: INVALID_INPUT
get_team_points: FAILURE
add_player_cards: INVALID_INPUT
buy_team: FAILURE
get_player_cards: INVALID_INPUT
add_team: INVALID_INPUT
get_partial_spirit: INVALID_INPUT
add_player: SUCCESS
remove_team: INVALID_INPUT
add_player: INVALID_INPUT
add_player: FAILURE
play_match: FAILURE
get_ith_pointless_ability: FAILURE
add_player_cards: INVALID_INPUT
get_ith_pointless_ability: FAILURE
get_team_points: INVALID_INPUT
buy_team: INVALID_INPUT
add_player_cards: FAILURE
get_team_points: INVALID_INPUT
add_team: INVALID_INPUT
play_match: INVALID_INPUT
add_player: INVALID_INPUT
play_match: INVALID_INPUT
add_player: INVALID_INPUT
add_player_cards: INVALID_INPUT
remove_team: INVALID_INPUT
get_player_cards: FAILURE
get_ith_pointless_ability: FAILURE
add_player: INVALID_INPUT
get_partial_spirit: INVALID_INPUT
buy_team: FAILURE
get_team_points: FAILURE
get_player_cards: INVALID_INPUT
play_match: FAILURE
remove_team: INVALID_INPUT
get_ith_pointless_ability: FAILURE
add_player_cards: FAILURE
buy_team: INVALID_INPUT
add_team: INVALID_INPUT
add_player: INVALID_INPUT
get_ith_pointless_ability: SUCCESS, 816
get_partial_spirit: FAILURE
buy_team: INVALID_INPUT
add_player: INVALID_INPUT
remove_team: INVALID_INPUT
buy_team: INVALID_INPUT
add_player: INVALID_INPUT
play_match: FAILURE
get_player_cards: INVALID_INPUT
play_match: INVALID_INPUT
play_match: INVALID_INPUT
add_player: SUCCESS
add_team: INVALID_INPUT
get_ith_pointless_ability: FAILURE
get_team_points: INVALID_INPUT
play_match: INVALID_INPUT
buy_team: SUCCESS
remove_team: INVALID_INPUT
add_player_cards: SUCCESS
get_player_cards: INVALID_INPUT
add_player_cards: INVALID_INPUT
get_ith_pointless_ability: FAILURE
get_ith_pointless_ability: FAILURE
play_match: INVALID_INPUT
get_player_cards: FAILURE
get_team_points: FAILURE
add_player: SUCCESS
add_team: INVALID_INPUT
buy_team: INVALID_INPUT
get_partial_spirit: INVALID_INPUT
remove_team: INVALID_INPUT
get_player_cards: INVALID_INPUT
add_team: INVALID_INPUT
play_match: INVALID_INPUT
get_ith_pointless_ability: FAILURE
get_partial_spirit: INVALID_INPUT
get_team_points: INVALID_INPUT
buy_team: INVALID_INPUT
get_player_cards: INVALID_INPUT
get_player_cards: INVALID_INPUT
play_match: INVALID_INPUT
buy_team: INVALID_INPUT
buy_team: INVALID_INPUT
get_player_cards: INVALID_INPUT
get_ith_pointless_ability: FAILURE
get_player_cards: SUCCESS, 977
get_ith_pointless_ability: FAILURE
get_team_points: INVALID_INPUT
get_partial_spirit: INVALID_INPUT
add_team: INVALID_INPUT
play_match: INVALID_INPUT
get_player_cards: INVALID_INPUT
add_team: FAILURE
get_ith_pointless_ability: FAILURE
remove_team: INVALID_INPUT
add_player_cards: INVALID_INPUT
buy_team: INVALID_INPUT
add_player: INVALID_INPUT
add_team: INVALID_INPUT
get_player_cards: FAILURE
get_team_points: INVALID_INPUT
add_team: INVALID_INPUT
get_player_cards: FAILURE
remove_team: SUCCESS
play_match: INVALID_INPUT
play_match: INVALID_INPUT
add_player: FAILURE
buy_team: INVALID_INPUT
buy_team: INVALID_INPUT
buy_team: INVALID_INPUT
add_team: INVALID_INPUT
get_partial_spirit: FAILURE
remove_team: INVALID_INPUT
add_player: SUCCESS
add_team: FAILURE
get_partial_spirit: FAILURE
add_player_cards: INVALID_INPUT
buy_team: FAILURE
get_player_cards: FAILURE
get_team_points: INVALID_INPUT
add_team: FAILURE
get_player_cards: INVALID_INPUT
play_match: INVALID_INPUT
add_player: INVALID_INPUT
buy_team: FAILURE
add_player: INVALID_INPUT
add_player_cards: INVALID_INPUT
get_team_points: INVALID_INPUT
get_player_cards: FAILURE
get_player_cards: INVALID_INPUT
add_player_cards: INVALID_INPUT
get_partial_spirit: FAILURE
get_ith_pointless_ability: FAILURE
get_team_points: INVALID_INPUT
add_player_cards: INVALID_INPUT
add_team: INVALID_INPUT
add_team: INVALID_INPUT
get_player_cards: FAILURE
add_player_cards: INVALID_INPUT
play_match: INVALID_INPUT
add_team: FAILURE
get_team_points: FAILURE
add_player_cards: INVALID_INPUT
remove_team: FAILURE
get_team_points: INVALID_INPUT
remove_team: INVALID_INPUT
buy_team: INVALID_INPUT
remove_team: INVALID_INPUT
get_team_points: INVALID_INPUT
add_player: INVALID_INPUT
buy_team: INVALID_INPUT
play_match: INVALID_INPUT
remove_team: FAILURE
get_player_cards: FAILURE
add_player: FAILURE
get_partial_spirit: INVALID_INPUT
add_player_cards: FAILURE
buy_team: INVALID_INPUT
play_match: INVALID_INPUT
get_partial_spirit: INVALID_INPUT
add_player_cards: INVALID_INPUT
get_ith_pointless_ability: SUCCESS, 786
add_player_cards: INVALID_INPUT
add_player_cards: FAILURE
get_partial_spirit: INVALID_INPUT
remove_team: INVALID_INPUT
add_player_cards: INVALID_INPUT
add_team: FAILURE
play_match: INVALID_INPUT
add_team: INVALID_INPUT
get_partial_spirit: FAILURE
get_player_cards: FAILURE
buy_team: INVALID_INPUT
get_ith_pointless_ability: FAILURE
add_player_cards: FAILURE
get_player_cards: FAILURE
add_player: INVALID_INPUT
remove_team: INVALID_INPUT
play_match: INVALID_INPUT
get_partial_spirit: FAILURE
get_team_points: SUCCESS, 0
buy_team: INVALID_INPUT
remove_team: INVALID_INPUT
get_player_cards: INVALID_INPUT
get_partial_spirit: INVALID_INPUT
buy_team: INVALID_INPUT
remove_team: INVALID_INPUT
get_partial_spirit: INVALID_INPUT
get_ith_pointless_ability: FAILURE
add_player: INVALID_INPUT
get_partial_spirit: INVALID_INPUT
remove_team: FAILURE
add_team: INVALID_INPUT
add_team: SUCCESS
get_partial_spirit: FAILURE
remove_team: FAILURE
add_player_cards: INVALID_INPUT
get_ith_pointless_ability: FAILURE
remove_team: INVALID_INPUT
add_player: FAILURE
add_team: FAILURE
buy_team: FAILURE
add_player_cards: INVALID_INPUT
add_team: SUCCESS
add_player_cards: INVALID_INPUT
get_player_cards: INVALID_INPUT
buy_team: SUCCESS
add_player: INVALID_INPUT
play_match: FAILURE
add_team: INVALID_INPUT
add_player: INVALID_INPUT
add_player_cards: FAILURE
add_player: FAILURE
add_team: INVALID_INPUT
add_team: INVALID_INPUT
get_player_cards: FAILURE
add_player: INVALID_INPUT
add_team: INVALID_INPUT
buy_team: INVALID_INPUT
play_match: INVALID_INPUT
play_match: INVALID_INPUT
add_team: INVALID_INPUT
buy_team: FAILURE
buy_team: INVALID_INPUT
get_ith_pointless_ability: FAILURE
add_player: INVALID_INPUT
add_team: INVALID_INPUT
get_team_points: INVALID_INPUT
get_team_points: INVALID_INPUT
get_team_points: FAILURE
remove_team: INVALID_INPUT
get_partial_spirit: INVALID_INPUT
get_ith_pointless_ability: FAILURE
add_team: INVALID_INPUT
add_team: INVALID_INPUT
remove_team: FAILURE
get_partial_spirit: INVALID_INPUT
get_partial_spirit: FAILURE
add_team: INVALID_INPUT
add_team: FAILURE
remove_team: INVALID_INPUT
get_ith_pointless_ability: FAILURE
get_player_cards: FAILURE
add_player: INVALID_INPUT
get_team_points: INVALID_INPUT
add_player_cards: INVALID_INPUT
get_ith_pointless_ability: FAILURE
remove_team: FAILURE
add_team: SUCCESS
get_player_cards: FAILURE
get_team_points: INVALID_INPUT
get_team_points: FAILURE
get_ith_pointless_ability: FAILURE
remove_team: FAILURE
buy_team: FAILURE
add_team: FAILURE
get_player_cards: INVALID_INPUT
buy_team: INVALID_INPUT
buy_team: INVALID_INPUT
get_team_points: INVALID_INPUT
add_team: INVALID_INPUT
add_player: FAILURE
get_partial_spirit: FAILURE
add_player: INVALID_INPUT
play_match: INVALID_INPUT
add_player_cards: FAILURE
get_ith_pointless_ability: FAILURE
get_ith_pointless_ability: SUCCESS, 776
get_partial_spirit: INVALID_INPUT
play_match: INVALID_INPUT
get_ith_pointless_ability: SUCCESS, 816
add_player: FAILURE
add_player_cards: FAILURE
add_team: INVALID_INPUT
get_partial_spirit: INVALID_INPUT
get_player_cards: FAILURE
add_team: INVALID_INPUT
get_team_points: INVALID_INPUT
get_player_cards: INVALID_INPUT
add_player: INVALID_INPUT
add_player_cards: INVALID_INPUT
get_ith_pointless_ability: FAILURE
play_match: FAILURE
add_player: SUCCESS
play_match: INVALID_INPUT
get_ith_pointless_ability: SUCCESS, 676
add_player_cards: INVALID_INPUT
play_match: INVALID_INPUT
remove_team: FAILURE
get_team_points: INVALID_INPUT
add_player_cards: INVALID_INPUT
buy_team: FAILURE
remove_team: FAILURE
add_player: INVALID_INPUT
get_partial_spirit: INVALID_INPUT
play_match: FAILURE
get_player_cards: INVALID_INPUT
remove_team: INVALID_INPUT
add_player_cards: INVALID_INPUT
get_partial_spirit: INVALID_INPUT
play_match: INVALID_INPUT
add_team: SUCCESS
add_player: INVALID_INPUT
buy_team: FAILURE
add_player: FAILURE
play_match: INVALID_INPUT
add_player_cards: INVALID_INPUT
get_ith_pointless_ability: FAILURE
buy_team: SUCCESS
get_ith_pointless_ability: FAILURE
get_partial_spirit: INVALID_INPUT
get_partial_spirit: INVALID_INPUT
add_team: SUCCESS
buy_team: INVALID_INPUT
add_player_cards: INVALID_INPUT
remove_team: FAILURE
get_partial_spirit: INVALID_INPUT
get_ith_pointless_ability: FAILURE
get_partial_spirit: FAILURE
add_player: INVALID_INPUT
get_partial_spirit: FAILURE
get_player_cards: FAILURE
get_team_points: FAILURE
play_match: INVALID_INPUT
add_player: FAILURE
buy_team: INVALID_INPUT
get_partial_spirit: INVALID_INPUT
get_team_points: INVALID_INPUT
buy_team: INVALID_INPUT
get_team_points: INVALID_INPUT
get_team_points: INVALID_INPUT
add_team: INVALID_INPUT
remove_team: FAILURE
buy_team: SUCCESS
add_player_cards: INVALID_INPUT
get_team_points: INVALID_INPUT
add_player_cards: INVALID_INPUT
get_player_cards: INVALID_INPUT
get_ith_pointless_ability: SUCCESS, 327
play_match: INVALID_INPUT
get_ith_pointless_ability: FAILURE
add_player: INVALID_INPUT
buy_team: FAILURE
get_team_points: INVALID_INPUT
get_partial_spirit: INVALID_INPUT
get_player_cards: INVALID_INPUT
get_ith_pointless_ability: FAILURE
get_team_points: INVALID_INPUT
get_team_points: FAILURE
add_team: FAILURE
get_team_points: INVALID_INPUT
add_team: INVALID_INPUT
get_player_cards: INVALID_INPUT
remove_team: FAILURE
remove_team: INVALID_INPUT
remove_team: FAILURE
add_player_cards: FAILURE
add_team: SUCCESS
get_team_points: SUCCESS, 0
play_match: FAILURE
play_match: FAILURE
remove_team: INVALID_INPUT
get_partial_spirit: INVALID_INPUT
add_team: INVALID_INPUT
get_ith_pointless_ability: FAILURE
get_partial_spirit: INVALID_INPUT
buy_team: FAILURE
buy_team: FAILURE
add_player_cards: FAILURE
get_ith_pointless_ability: FAILURE
get_partial_spirit: INVALID_INPUT
get_team_points: SUCCESS, 0
get_team_points: INVALID_INPUT
get_team_points: INVALID_INPUT
play_match: INVALID_INPUT
remove_team: SUCCESS
get_player_cards: FAILURE
add_team: FAILURE
get_player_cards: INVALID_INPUT
get_partial_spirit: FAILURE
get_partial_spirit: INVALID_INPUT
add_player_cards: INVALID_INPUT
add_player: INVALID_INPUT
buy_team: INVALID_INPUT
remove_team: INVALID_INPUT
remove_team: INVALID_INPUT
play_match: INVALID_INPUT
add_player_cards: INVALID_INPUT
add_player_cards: INVALID_INPUT
buy_team: INVALID_INPUT
remove_team: INVALID_INPUT
remove_team: INVALID_INPUT
remove_team: INVALID_INPUT
get_partial_spirit: INVALID_INPUT
add_team: INVALID_INPUT
play_match: INVALID_INPUT
buy_team: INVALID_INPUT
add_player: INVALID_INPUT
remove_team: FAILURE
add_player_cards: FAILURE
remove_team: INVALID_INPUT
add_team: INVALID_INPUT
remove_team: FAILURE
add_player_cards: SUCCESS
play_match: INVALID_INPUT
add_team: FAILURE
buy_team: FAILURE
get_ith_pointless_ability: FAILURE
get_partial_spirit: INVALID_INPUT
add_player: INVALID_INPUT
get_partial_spirit: INVALID_INPUT
get_player_cards: FAILURE
get_player_cards: INVALID_INPUT
remove_team: FAILURE
remove_team: SUCCESS
buy_team: SUCCESS
get_player_cards: INVALID_INPUT
get_player_cards: FAILURE
add_player: INVALID_INPUT
get_team_points: INVALID_INPUT
add_player_cards: INVALID_INPUT
add_player: INVALID_INPUT
play_match: FAILURE
remove_team: INVALID_INPUT
remove_team: INVALID_INPUT
get_team_points: FAILURE
add_player_cards: INVALID_INPUT
add_player_cards: INVALID_INPUT
get_team_points: FAILURE
add_team: FAILURE
get_team_points: SUCCESS, 0
play_match: FAILURE
get_player_cards: SUCCESS, 50
get_partial_spirit: INVALID_INPUT
add_team: FAILURE
remove_team: SUCCESS
play_match: INVALID_INPUT
buy_team: SUCCESS
get_team_points: FAILURE
play_match: INVALID_INPUT
get_team_points: INVALID_INPUT
buy_team: FAILURE
get_partial_spirit: INVALID_INPUT
get_team_points: SUCCESS, 0
add_team: INVALID_INPUT
remove_team: SUCCESS
get_partial_spirit: FAILURE
remove_team: SUCCESS
add_team: INVALID_INPUT
get_partial_spirit: INVALID_INPUT
remove_team: INVALID_INPUT
get_partial_spirit: INVALID_INPUT
add_player_cards: INVALID_INPUT
add_player: SUCCESS
get_ith_pointless_ability: FAILURE
add_player: SUCCESS
get_partial_spirit: INVALID_INPUT
remove_team: FAILURE
buy_team: INVALID_INPUT
get_team_points: SUCCESS, 0
play_match: INVALID_INPUT
remove_team: FAILURE
get_ith_pointless_ability: FAILURE
get_team_points: INVALID_INPUT
get_team_points: FAILURE
add_player: FAILURE
remove_team: SUCCESS
buy_team: FAILURE
buy_team: INVALID_INPUT
play_match: FAILURE
play_match: INVALID_INPUT
get_ith_pointless_ability: SUCCESS, 871
remove_team: FAILURE
get_ith_pointless_ability: SUCCESS, 155
get_player_cards: SUCCESS, 708
play_match: FAILURE
get_ith_pointless_ability: FAILURE
remove_team: SUCCESS
get_team_points: INVALID_INPUT
get_ith_pointless_ability: FAILURE
remove_team: FAILURE
add_player: SUCCESS
add_player_cards: FAILURE
add_player_cards: FAILURE
get_ith_pointless_ability: FAILURE
add_player: INVALID_INPUT
remove_team: SUCCESS
get_player_cards: SUCCESS, 50
get_ith_pointless_ability: FAILURE
get_player_cards: FAILURE
add_player_cards: INVALID_INPUT
get_player_cards: SUCCESS, 908
get_player_cards: FAILURE
get_ith_pointless_ability: FAILURE
remove_team: SUCCESS
get_partial_spirit: SUCCESS, 3,1,4,5,2
get_team_points: FAILURE
remove_team: INVALID_INPUT
buy_team: INVALID_INPUT
buy_team: INVALID_INPUT
remove_team: INVALID_INPUT
add_player: FAILURE
get_team_points: SUCCESS, 0
get_player_cards: SUCCESS, 546
get_ith_pointless_ability: FAILURE
remove_team: SUCCESS
buy_team: FAILURE
remove_team: SUCCESS
add_player: INVALID_INPUT
get_ith_pointless_ability: FAILURE
add_player: INVALID_INPUT
get_team_points: FAILURE
add_team: SUCCESS
add_player_cards: FAILURE
add_player: FAILURE
get_ith_pointless_ability: SUCCESS, 776
get_partial_spirit: SUCCESS, 1,3,5,2,4
remove_team: INVALID_INPUT
buy_team: SUCCESS
add_player: FAILURE
remove_team: FAILURE
buy_team: FAILURE
get_ith_pointless_ability: FAILURE
get_team_points: SUCCESS, 0
get_partial_spirit: FAILURE
get_team_points: INVALID_INPUT
add_team: INVALID_INPUT
remove_team: INVALID_INPUT
get_partial_spirit: SUCCESS, 4,5,1,3,2
add_player_cards: SUCCESS
buy_team: INVALID_INPUT
add_player_cards: INVALID_INPUT
buy_team: INVALID_INPUT
get_partial_spirit: INVALID_INPUT
buy_team: SUCCESS
add_team: FAILURE
add_player: INVALID_INPUT
get_team_points: SUCCESS, 0
get_partial_spirit: INVALID_INPUT
get_ith_pointless_ability: SUCCESS, 538
get_partial_spirit: FAILURE
add_team: FAILURE
play_match: FAILURE
play_match: INVALID_INPUT
buy_team: SUCCESS
remove_team: SUCCESS
add_player: FAILURE
buy_team: FAILURE
get_team_points: FAILURE
add_team: FAILURE
