add_team: SUCCESS
get_ith_pointless_ability: SUCCESS, 37182
get_ith_pointless_ability: FAILURE
get_team_points: SUCCESS, 0
get_player_cards: FAILURE
add_player: SUCCESS
remove_team: SUCCESS
add_player: FAILURE
get_player_cards: SUCCESS, 99326
get_partial_spirit: FAILURE
remove_team: FAILURE
add_team: SUCCESS
add_player: SUCCESS
add_player: SUCCESS
get_player_cards: SUCCESS, 99326
add_player: SUCCESS
get_player_cards: SUCCESS, 35318
add_team: SUCCESS
play_match: FAILURE
add_player_cards: SUCCESS
get_partial_spirit: SUCCESS, 1,5,3,2,4
play_match: FAILURE
add_player: SUCCESS
play_match: FAILURE
get_player_cards: SUCCESS, 24970
add_player: SUCCESS
add_player_cards: SUCCESS
buy_team: FAILURE
add_player_cards: SUCCESS
add_player: SUCCESS
buy_team: FAILURE
get_ith_pointless_ability: FAILURE
remove_team: FAILURE
add_team: SUCCESS
get_ith_pointless_ability: SUCCESS, 87097
add_team: SUCCESS
get_partial_spirit: SUCCESS, 2,5,3,4,1
play_match: FAILURE
play_match: FAILURE
add_player_cards: SUCCESS
get_ith_pointless_ability: SUCCESS, 85979
get_team_points: SUCCESS, 0
buy_team: SUCCESS
get_ith_pointless_ability: FAILURE
remove_team: SUCCESS
get_partial_spirit: SUCCESS, 1,4,5,3,2
get_partial_spirit: SUCCESS, 2,5,3,4,1
add_player: SUCCESS
get_player_cards: SUCCESS, 99326
get_partial_spirit: FAILURE
get_partial_spirit: SUCCESS, 5,3,1,4,2
get_ith_pointless_ability: SUCCESS, 85979
play_match: FAILURE
remove_team: SUCCESS
get_player_cards: SUCCESS, 1044
get_ith_pointless_ability: SUCCESS, 86855
get_partial_spirit: SUCCESS, 3,5,1,2,4
get_partial_spirit: SUCCESS, 1,5,3,2,4
add_team: SUCCESS
add_player_cards: SUCCESS
remove_team: FAILURE
play_match: FAILURE
add_team: SUCCESS
get_partial_spirit: SUCCESS, 1,2,3,5,4
get_ith_pointless_ability: SUCCESS, 22190
get_partial_spirit: SUCCESS, 2,5,3,4,1
add_team: SUCCESS
play_match: FAILURE
get_partial_spirit: SUCCESS, 1,2,3,5,4
add_team: SUCCESS
get_ith_pointless_ability: SUCCESS, 10792
get_partial_spirit: SUCCESS, 2,5,3,4,1
get_player_cards: SUCCESS, 99326
buy_team: SUCCESS
buy_team: FAILURE
add_player_cards: SUCCESS
add_player: SUCCESS
add_player: SUCCESS
get_player_cards: SUCCESS, 1044
add_player_cards: SUCCESS
play_match: FAILURE
get_ith_pointless_ability: SUCCESS, 22190
get_team_points: SUCCESS, 0
get_partial_spirit: SUCCESS, 3,4,5,2,1
get_player_cards: SUCCESS, 79942
get_partial_spirit: SUCCESS, 1,2,3,5,4
get_player_cards: FAILURE
add_player: SUCCESS
get_team_points: SUCCESS, 0
add_team: SUCCESS
add_player: FAILURE
remove_team: SUCCESS
get_player_cards: FAILURE
get_partial_spirit: SUCCESS, 3,5,1,2,4
play_match: FAILURE
add_team: FAILURE
add_team: SUCCESS
buy_team: SUCCESS
play_match: FAILURE
play_match: FAILURE
buy_team: FAILURE
buy_team: SUCCESS
add_team: SUCCESS
add_team: SUCCESS
get_ith_pointless_ability: FAILURE
add_player_cards: SUCCESS
remove_team: SUCCESS
add_player: SUCCESS
buy_team: SUCCESS
get_ith_pointless_ability: SUCCESS, 67268
add_player_cards: SUCCESS
remove_team: SUCCESS
buy_team: FAILURE
remove_team: SUCCESS
get_player_cards: SUCCESS, 81623
get_ith_pointless_ability: SUCCESS, 66280
get_player_cards: FAILURE
get_player_cards: SUCCESS, 142244
get_ith_pointless_ability: SUCCESS, 66280
get_ith_pointless_ability: FAILURE
remove_team: SUCCESS
get_team_points: FAILURE
remove_team: FAILURE
add_player: FAILURE
get_player_cards: SUCCESS, 71860
add_team: SUCCESS
get_player_cards: FAILURE
get_partial_spirit: FAILURE
get_team_points: SUCCESS, 0
remove_team: SUCCESS
add_player: FAILURE
get_partial_spirit: FAILURE
add_team: SUCCESS
get_partial_spirit: FAILURE
get_ith_pointless_ability: SUCCESS, 42738
get_ith_pointless_ability: SUCCESS, 42738
remove_team: SUCCESS
get_player_cards: SUCCESS, 37996
get_partial_spirit: FAILURE
get_player_cards: SUCCESS, 142244
add_player: FAILURE
get_ith_pointless_ability: FAILURE
get_team_points: FAILURE
add_team: SUCCESS
get_ith_pointless_ability: SUCCESS, 87100
get_partial_spirit: FAILURE
get_player_cards: FAILURE
get_ith_pointless_ability: SUCCESS, 87100
add_team: FAILURE
add_team: SUCCESS
get_partial_spirit: FAILURE
remove_team: SUCCESS
remove_team: SUCCESS
get_ith_pointless_ability: FAILURE
get_team_points: FAILURE
remove_team: FAILURE
get_team_points: FAILURE
get_team_points: FAILURE
remove_team: FAILURE
add_player_cards: FAILURE
get_player_cards: SUCCESS, 79942
add_team: SUCCESS
get_partial_spirit: FAILURE
get_partial_spirit: FAILURE
get_ith_pointless_ability: FAILURE
get_ith_pointless_ability: SUCCESS, 10711
add_player_cards: FAILURE
remove_team: SUCCESS
add_player_cards: FAILURE
get_partial_spirit: FAILURE
remove_team: FAILURE
get_player_cards: SUCCESS, 71860
get_ith_pointless_ability: FAILURE
add_team: SUCCESS
add_player: SUCCESS
get_team_points: SUCCESS, 0
get_ith_pointless_ability: SUCCESS, 26370
add_player: SUCCESS
get_player_cards: SUCCESS, 79942
get_team_points: FAILURE
add_player_cards: SUCCESS
add_player: SUCCESS
remove_team: SUCCESS
add_team: SUCCESS
get_partial_spirit: FAILURE
get_partial_spirit: FAILURE
add_player: SUCCESS
get_team_points: SUCCESS, 0
remove_team: FAILURE
add_player_cards: SUCCESS
get_player_cards: SUCCESS, 142244
get_ith_pointless_ability: SUCCESS, 98331
add_team: SUCCESS
get_team_points: SUCCESS, 0
add_player_cards: SUCCESS
buy_team: FAILURE
get_partial_spirit: SUCCESS, 2,4,5,3,1
get_partial_spirit: SUCCESS, 2,4,5,3,1
remove_team: SUCCESS
get_partial_spirit: SUCCESS, 2,4,5,3,1
get_player_cards: SUCCESS, 142255
add_player_cards: SUCCESS
get_team_points: FAILURE
add_player: SUCCESS
get_ith_pointless_ability: SUCCESS, 98331
get_partial_spirit: SUCCESS, 5,3,1,2,4
add_player_cards: SUCCESS
get_partial_spirit: SUCCESS, 2,4,5,3,1
get_team_points: FAILURE
get_ith_pointless_ability: SUCCESS, 98331
add_team: SUCCESS
get_ith_pointless_ability: SUCCESS, 40280
get_player_cards: SUCCESS, 82589
play_match: FAILURE
buy_team: FAILURE
get_ith_pointless_ability: FAILURE
get_team_points: FAILURE
play_match: FAILURE
get_partial_spirit: SUCCESS, 5,3,1,2,4
remove_team: SUCCESS
get_player_cards: SUCCESS, 68088
get_player_cards: SUCCESS, 82589
remove_team: SUCCESS
get_partial_spirit: FAILURE
remove_team: FAILURE
get_team_points: FAILURE
get_partial_spirit: FAILURE
remove_team: FAILURE
add_player_cards: FAILURE
add_player_cards: FAILURE
remove_team: FAILURE
get_partial_spirit: FAILURE
add_player_cards: FAILURE
get_partial_spirit: FAILURE
add_player_cards: FAILURE
remove_team: FAILURE
get_partial_spirit: FAILURE
get_ith_pointless_ability: FAILURE
get_player_cards: SUCCESS, 142244
get_player_cards: SUCCESS, 25150
get_team_points: FAILURE
add_player: FAILURE
get_team_points: FAILURE
add_player: FAILURE
get_ith_pointless_ability: FAILURE
add_player: FAILURE
get_ith_pointless_ability: FAILURE
get_player_cards: SUCCESS, 1044
get_team_points: FAILURE
get_ith_pointless_ability: FAILURE
get_partial_spirit: FAILURE
get_partial_spirit: FAILURE
get_player_cards: SUCCESS, 71860
add_team: SUCCESS
add_player: SUCCESS
add_player_cards: FAILURE
get_player_cards: FAILURE
remove_team: SUCCESS
get_ith_pointless_ability: FAILURE
add_player_cards: FAILURE
get_partial_spirit: FAILURE
get_ith_pointless_ability: FAILURE
get_ith_pointless_ability: FAILURE
get_player_cards: SUCCESS, 73731
remove_team: FAILURE
remove_team: FAILURE
get_player_cards: SUCCESS, 79942
remove_team: FAILURE
add_player_cards: FAILURE
add_player: FAILURE
add_player_cards: FAILURE
get_team_points: FAILURE
add_player: FAILURE
add_player: FAILURE
remove_team: FAILURE
add_player_cards: FAILURE
get_player_cards: FAILURE
add_team: SUCCESS
get_partial_spirit: FAILURE
add_team: SUCCESS
play_match: FAILURE
get_ith_pointless_ability: FAILURE
play_match: FAILURE
get_team_points: SUCCESS, 0
play_match: FAILURE
add_player: SUCCESS
add_team: SUCCESS
add_player: FAILURE
get_partial_spirit: SUCCESS, 2,3,4,5,1
add_player: SUCCESS
add_player_cards: SUCCESS
get_player_cards: SUCCESS, 132751
remove_team: SUCCESS
get_player_cards: SUCCESS, 81623
play_match: FAILURE
get_ith_pointless_ability: SUCCESS, 9256
get_partial_spirit: FAILURE
add_team: SUCCESS
get_player_cards: FAILURE
get_player_cards: FAILURE
get_partial_spirit: FAILURE
get_team_points: SUCCESS, 0
get_team_points: SUCCESS, 0
get_ith_pointless_ability: SUCCESS, 1360
get_team_points: SUCCESS, 0
add_team: SUCCESS
get_ith_pointless_ability: SUCCESS, 6961
add_player: SUCCESS
add_player_cards: SUCCESS
buy_team: SUCCESS
get_partial_spirit: SUCCESS, 5,1,2,3,4
get_ith_pointless_ability: SUCCESS, 6961
add_player_cards: SUCCESS
get_partial_spirit: SUCCESS, 5,1,2,3,4
remove_team: SUCCESS
add_player: SUCCESS
get_player_cards: FAILURE
get_ith_pointless_ability: SUCCESS, 6961
play_match: FAILURE
play_match: FAILURE
buy_team: FAILURE
remove_team: SUCCESS
add_team: SUCCESS
remove_team: SUCCESS
add_team: SUCCESS
add_player: SUCCESS
get_player_cards: SUCCESS, 28620
get_ith_pointless_ability: SUCCESS, 30867
add_player_cards: SUCCESS
play_match: FAILURE
buy_team: FAILURE
remove_team: SUCCESS
add_team: SUCCESS
add_team: SUCCESS
add_player_cards: FAILURE
get_team_points: SUCCESS, 0
add_player: SUCCESS
play_match: FAILURE
get_team_points: SUCCESS, 0
get_team_points: SUCCESS, 0
get_player_cards: SUCCESS, 28280
get_partial_spirit: SUCCESS, 4,1,2,5,3
add_team: FAILURE
add_player_cards: SUCCESS
buy_team: SUCCESS
buy_team: FAILURE
add_team: SUCCESS
get_player_cards: SUCCESS, 114685
get_team_points: FAILURE
get_team_points: SUCCESS, 0
play_match: FAILURE
add_player: SUCCESS
remove_team: SUCCESS
get_team_points: SUCCESS, 0
buy_team: FAILURE
play_match: FAILURE
add_player: SUCCESS
add_player_cards: SUCCESS
add_player: SUCCESS
add_player_cards: SUCCESS
add_player_cards: SUCCESS
get_team_points: SUCCESS, 0
add_player_cards: SUCCESS
get_team_points: SUCCESS, 0
add_player: SUCCESS
add_player: SUCCESS
add_team: SUCCESS
get_team_points: SUCCESS, 0
get_player_cards: SUCCESS, 80806
remove_team: SUCCESS
remove_team: SUCCESS
remove_team: SUCCESS
get_partial_spirit: FAILURE
get_ith_pointless_ability: FAILURE
get_partial_spirit: FAILURE
add_player: FAILURE
add_team: SUCCESS
get_team_points: SUCCESS, 0
add_player: SUCCESS
get_player_cards: SUCCESS, 75069
get_partial_spirit: SUCCESS, 1,4,3,5,2
get_ith_pointless_ability: SUCCESS, 92876
get_ith_pointless_ability: FAILURE
get_player_cards: SUCCESS, 73515
get_partial_spirit: SUCCESS, 1,4,3,5,2
add_player: FAILURE
add_player: SUCCESS
add_team: SUCCESS
remove_team: FAILURE
get_ith_pointless_ability: SUCCESS, 92876
get_player_cards: SUCCESS, 75069
add_player_cards: FAILURE
add_player_cards: SUCCESS
play_match: FAILURE
buy_team: FAILURE
add_team: SUCCESS
get_partial_spirit: SUCCESS, 4,5,1,3,2
add_player: SUCCESS
get_team_points: FAILURE
remove_team: SUCCESS
add_team: FAILURE
play_match: FAILURE
get_player_cards: SUCCESS, 68088
add_player: SUCCESS
add_player: SUCCESS
get_partial_spirit: SUCCESS, 4,1,3,2,5
remove_team: SUCCESS
get_partial_spirit: FAILURE
add_team: SUCCESS
add_player: FAILURE
add_player: SUCCESS
get_partial_spirit: SUCCESS, 1,4,5,3,2
buy_team: FAILURE
add_player_cards: SUCCESS
play_match: FAILURE
play_match: FAILURE
add_player: SUCCESS
get_partial_spirit: FAILURE
add_team: SUCCESS
get_player_cards: SUCCESS, 73695
add_player_cards: SUCCESS
get_ith_pointless_ability: SUCCESS, 21627
add_player_cards: SUCCESS
get_team_points: SUCCESS, 0
get_team_points: SUCCESS, 0
get_team_points: SUCCESS, 0
buy_team: SUCCESS
get_ith_pointless_ability: SUCCESS, 451
play_match: FAILURE
buy_team: FAILURE
add_player_cards: SUCCESS
remove_team: SUCCESS
add_player: FAILURE
get_player_cards: SUCCESS, 93936
get_ith_pointless_ability: SUCCESS, 21627
remove_team: SUCCESS
get_ith_pointless_ability: FAILURE
get_ith_pointless_ability: FAILURE
remove_team: FAILURE
remove_team: FAILURE
get_partial_spirit: FAILURE
get_team_points: FAILURE
add_player_cards: FAILURE
add_team: SUCCESS
remove_team: SUCCESS
add_team: SUCCESS
get_ith_pointless_ability: SUCCESS, 85332
get_partial_spirit: FAILURE
get_team_points: SUCCESS, 0
add_player: FAILURE
remove_team: SUCCESS
add_player: FAILURE
get_ith_pointless_ability: FAILURE
add_team: SUCCESS
get_player_cards: SUCCESS, 50320
get_player_cards: SUCCESS, 79099
add_team: FAILURE
add_player_cards: FAILURE
add_team: SUCCESS
get_player_cards: SUCCESS, 81623
play_match: FAILURE
get_player_cards: SUCCESS, 81623
play_match: FAILURE
get_ith_pointless_ability: FAILURE
add_team: SUCCESS
get_ith_pointless_ability: SUCCESS, 32901
get_team_points: SUCCESS, 0
add_team: SUCCESS
play_match: FAILURE
add_player: SUCCESS
remove_team: SUCCESS
play_match: FAILURE
buy_team: SUCCESS
add_player: FAILURE
buy_team: FAILURE
get_ith_pointless_ability: FAILURE
buy_team: FAILURE
remove_team: SUCCESS
add_player: SUCCESS
add_player_cards: SUCCESS
add_player_cards: SUCCESS
get_partial_spirit: SUCCESS, 4,5,3,2,1
get_ith_pointless_ability: FAILURE
add_player_cards: SUCCESS
add_player_cards: SUCCESS
get_ith_pointless_ability: FAILURE
add_player_cards: SUCCESS
add_team: SUCCESS
add_player_cards: SUCCESS
get_player_cards: SUCCESS, 39075
get_team_points: SUCCESS, 0
get_player_cards: SUCCESS, 317138
add_team: SUCCESS
add_player_cards: SUCCESS
play_match: FAILURE
get_ith_pointless_ability: SUCCESS, 71249
play_match: FAILURE
get_team_points: FAILURE
remove_team: SUCCESS
get_partial_spirit: FAILURE
add_player: SUCCESS
get_player_cards: SUCCESS, 237397
add_team: SUCCESS
get_partial_spirit: SUCCESS, 4,3,1,5,2
get_team_points: SUCCESS, 0
get_player_cards: FAILURE
get_partial_spirit: SUCCESS, 4,3,1,5,2
add_player: SUCCESS
add_team: SUCCESS
add_team: SUCCESS
add_player_cards: SUCCESS
play_match: FAILURE
add_team: SUCCESS
add_player: SUCCESS
get_team_points: SUCCESS, 0
add_team: SUCCESS
get_player_cards: SUCCESS, 45118
play_match: FAILURE
get_ith_pointless_ability: SUCCESS, 71249
play_match: FAILURE
get_team_points: SUCCESS, 0
add_player_cards: SUCCESS
remove_team: SUCCESS
add_team: SUCCESS
play_match: FAILURE
add_team: SUCCESS
add_team: FAILURE
get_partial_spirit: SUCCESS, 3,4,5,1,2
remove_team: SUCCESS
add_player_cards: SUCCESS
get_ith_pointless_ability: FAILURE
add_team: SUCCESS
add_player: SUCCESS
add_player_cards: SUCCESS
get_team_points: SUCCESS, 0
get_team_points: SUCCESS, 0
add_player_cards: SUCCESS
remove_team: SUCCESS
get_team_points: SUCCESS, 0
get_partial_spirit: SUCCESS, 4,3,1,5,2
remove_team: SUCCESS
get_player_cards: SUCCESS, 87435
add_player_cards: FAILURE
get_ith_pointless_ability: SUCCESS, 71249
add_team: FAILURE
remove_team: SUCCESS
remove_team: SUCCESS
buy_team: SUCCESS
get_ith_pointless_ability: SUCCESS, 18642
get_ith_pointless_ability: SUCCESS, 33955
get_ith_pointless_ability: SUCCESS, 33955
add_player_cards: SUCCESS
add_player: SUCCESS
get_team_points: FAILURE
get_ith_pointless_ability: SUCCESS, 73734
add_player_cards: SUCCESS
play_match: FAILURE
remove_team: SUCCESS
add_player_cards: SUCCESS
get_team_points: SUCCESS, 0
add_player: SUCCESS
get_player_cards: SUCCESS, 232850
buy_team: FAILURE
add_player: SUCCESS
add_player_cards: SUCCESS
buy_team: FAILURE
get_team_points: SUCCESS, 0
get_partial_spirit: SUCCESS, 3,5,2,4,1
get_partial_spirit: SUCCESS, 1,5,3,2,4
get_partial_spirit: SUCCESS, 1,5,3,2,4
remove_team: SUCCESS
get_player_cards: SUCCESS, 251753
get_partial_spirit: FAILURE
add_player_cards: SUCCESS
get_ith_pointless_ability: SUCCESS, 18642
get_partial_spirit: SUCCESS, 3,4,5,1,2
get_player_cards: SUCCESS, 25150
add_player_cards: SUCCESS
add_player: FAILURE
get_team_points: SUCCESS, 0
add_team: SUCCESS
buy_team: FAILURE
play_match: FAILURE
add_team: FAILURE
add_player: SUCCESS
get_partial_spirit: SUCCESS, 3,4,5,1,2
add_player: SUCCESS
get_partial_spirit: SUCCESS, 4,5,2,3,1
add_player: SUCCESS
get_player_cards: SUCCESS, 154458
play_match: FAILURE
buy_team: FAILURE
play_match: FAILURE
add_player_cards: SUCCESS
buy_team: FAILURE
buy_team: FAILURE
get_ith_pointless_ability: SUCCESS, 18642
add_player: SUCCESS
get_team_points: SUCCESS, 0
play_match: FAILURE
remove_team: SUCCESS
add_player: SUCCESS
get_player_cards: SUCCESS, 33109
get_ith_pointless_ability: FAILURE
remove_team: SUCCESS
add_player: FAILURE
add_player_cards: FAILURE
get_partial_spirit: FAILURE
get_ith_pointless_ability: FAILURE
add_player_cards: FAILURE
add_team: SUCCESS
get_team_points: FAILURE
add_team: SUCCESS
remove_team: SUCCESS
add_player_cards: FAILURE
add_team: SUCCESS
add_player: SUCCESS
get_ith_pointless_ability: SUCCESS, 13807
get_ith_pointless_ability: SUCCESS, 13807
play_match: FAILURE
add_player: SUCCESS
add_player: SUCCESS
get_ith_pointless_ability: SUCCESS, 13807
buy_team: FAILURE
get_ith_pointless_ability: SUCCESS, 13807
add_player_cards: SUCCESS
get_player_cards: SUCCESS, 3039
buy_team: FAILURE
add_player: SUCCESS
add_team: SUCCESS
get_player_cards: SUCCESS, 97699
add_player_cards: FAILURE
add_player_cards: SUCCESS
buy_team: SUCCESS
get_ith_pointless_ability: SUCCESS, 74652
play_match: FAILURE
add_player_cards: SUCCESS
get_team_points: SUCCESS, 0
add_player: FAILURE
buy_team: FAILURE
get_team_points: SUCCESS, 0
get_team_points: SUCCESS, 0
play_match: FAILURE
add_player: SUCCESS
add_player: SUCCESS
play_match: FAILURE
play_match: FAILURE
get_partial_spirit: SUCCESS, 3,5,1,4,2
get_team_points: SUCCESS, 0
remove_team: SUCCESS
get_partial_spirit: FAILURE
add_player: SUCCESS
get_player_cards: SUCCESS, 197287
get_ith_pointless_ability: SUCCESS, 86499
add_team: FAILURE
get_team_points: SUCCESS, 0
add_player: SUCCESS
get_player_cards: SUCCESS, 152071
add_team: FAILURE
add_team: FAILURE
get_partial_spirit: SUCCESS, 4,3,2,5,1
add_player: FAILURE
add_player_cards: SUCCESS
add_team: SUCCESS
buy_team: FAILURE
get_team_points: SUCCESS, 0
add_player_cards: SUCCESS
add_player_cards: FAILURE
play_match: FAILURE
add_player_cards: SUCCESS
buy_team: FAILURE
get_team_points: SUCCESS, 0
buy_team: FAILURE
get_team_points: SUCCESS, 0
add_player_cards: SUCCESS
get_ith_pointless_ability: SUCCESS, 86499
get_player_cards: FAILURE
add_team: SUCCESS
add_player: SUCCESS
get_player_cards: SUCCESS, 58407
get_ith_pointless_ability: SUCCESS, 86499
remove_team: SUCCESS
play_match: FAILURE
buy_team: FAILURE
add_player_cards: SUCCESS
add_player: SUCCESS
add_player: SUCCESS
add_team: SUCCESS
add_player_cards: SUCCESS
get_partial_spirit: SUCCESS, 3,5,1,2,4
get_team_points: SUCCESS, 0
get_team_points: SUCCESS, 0
get_partial_spirit: SUCCESS, 3,5,1,2,4
add_player_cards: FAILURE
add_team: SUCCESS
play_match: FAILURE
get_partial_spirit: SUCCESS, 4,3,5,1,2
buy_team: SUCCESS
get_player_cards: SUCCESS, 39075
get_team_points: SUCCESS, 0
add_team: SUCCESS
add_team: SUCCESS
buy_team: SUCCESS
play_match: FAILURE
remove_team: SUCCESS
add_player_cards: FAILURE
buy_team: SUCCESS
add_team: SUCCESS
add_player: SUCCESS
get_player_cards: SUCCESS, 70299
remove_team: SUCCESS
get_partial_spirit: FAILURE
get_player_cards: SUCCESS, 58407
get_player_cards: SUCCESS, 6273
buy_team: FAILURE
remove_team: SUCCESS
add_player_cards: FAILURE
add_team: SUCCESS
add_player: SUCCESS
get_partial_spirit: SUCCESS, 5,3,2,4,1
play_match: FAILURE
play_match: FAILURE
buy_team: FAILURE
add_team: SUCCESS
get_player_cards: SUCCESS, 251753
get_team_points: SUCCESS, 0
get_partial_spirit: SUCCESS, 5,3,2,4,1
add_player: FAILURE
get_partial_spirit: SUCCESS, 5,3,2,4,1
add_player: FAILURE
get_partial_spirit: SUCCESS, 5,3,2,4,1
get_team_points: SUCCESS, 0
get_team_points: SUCCESS, 0
add_player: SUCCESS
get_player_cards: SUCCESS, 64933
get_ith_pointless_ability: SUCCESS, 65877
get_player_cards: SUCCESS, 68104
add_player: SUCCESS
add_team: SUCCESS
buy_team: SUCCESS
get_partial_spirit: SUCCESS, 4,2,1,3,5
add_player_cards: SUCCESS
buy_team: SUCCESS
add_player_cards: SUCCESS
play_match: FAILURE
get_team_points: SUCCESS, 0
buy_team: FAILURE
add_player_cards: SUCCESS
add_player_cards: SUCCESS
get_team_points: SUCCESS, 0
get_ith_pointless_ability: SUCCESS, 8335
get_ith_pointless_ability: SUCCESS, 8335
add_player_cards: SUCCESS
add_team: FAILURE
get_partial_spirit: SUCCESS, 5,2,4,3,1
buy_team: FAILURE
add_player: SUCCESS
add_team: SUCCESS
add_team: FAILURE
get_team_points: SUCCESS, 0
play_match: FAILURE
play_match: FAILURE
add_team: FAILURE
get_partial_spirit: FAILURE
get_ith_pointless_ability: SUCCESS, 8335
buy_team: SUCCESS
buy_team: FAILURE
add_player_cards: SUCCESS
play_match: FAILURE
buy_team: FAILURE
play_match: FAILURE
get_ith_pointless_ability: SUCCESS, 11351
get_partial_spirit: FAILURE
play_match: FAILURE
get_team_points: SUCCESS, 0
buy_team: FAILURE
add_player: SUCCESS
add_team: SUCCESS
get_team_points: SUCCESS, 0
remove_team: SUCCESS
play_match: FAILURE
get_player_cards: FAILURE
add_player: SUCCESS
remove_team: SUCCESS
get_ith_pointless_ability: SUCCESS, 11351
add_team: SUCCESS
play_match: FAILURE
play_match: FAILURE
add_player: FAILURE
add_player_cards: FAILURE
get_partial_spirit: SUCCESS, 5,2,4,3,1
get_partial_spirit: SUCCESS, 5,2,4,3,1
get_player_cards: SUCCESS, 149752
get_team_points: SUCCESS, 0
remove_team: SUCCESS
get_team_points: SUCCESS, 0
get_team_points: SUCCESS, 0
get_player_cards: FAILURE
get_team_points: SUCCESS, 0
add_team: SUCCESS
get_team_points: SUCCESS, 0
get_player_cards: SUCCESS, 149752
remove_team: SUCCESS
add_team: SUCCESS
add_player_cards: FAILURE
add_team: SUCCESS
add_player_cards: FAILURE
play_match: FAILURE
get_player_cards: SUCCESS, 33109
buy_team: SUCCESS
add_team: SUCCESS
get_team_points: SUCCESS, 0
play_match: FAILURE
get_team_points: SUCCESS, 0
get_partial_spirit: FAILURE
get_team_points: SUCCESS, 0
buy_team: SUCCESS
add_team: SUCCESS
play_match: FAILURE
play_match: FAILURE
get_player_cards: SUCCESS, 75183
play_match: FAILURE
get_ith_pointless_ability: SUCCESS, 89712
add_player: FAILURE
get_player_cards: SUCCESS, 251753
get_player_cards: SUCCESS, 59048
buy_team: SUCCESS
get_ith_pointless_ability: SUCCESS, 89712
play_match: FAILURE
get_player_cards: SUCCESS, 232850
add_player: SUCCESS
add_player: SUCCESS
get_partial_spirit: FAILURE
buy_team: FAILURE
remove_team: SUCCESS
add_player_cards: FAILURE
get_player_cards: SUCCESS, 9427
remove_team: SUCCESS
get_ith_pointless_ability: FAILURE
get_player_cards: SUCCESS, 132751
add_team: SUCCESS
remove_team: SUCCESS
add_player_cards: FAILURE
add_player_cards: FAILURE
get_team_points: FAILURE
add_player_cards: FAILURE
add_player_cards: FAILURE
get_team_points: FAILURE
get_ith_pointless_ability: FAILURE
add_player_cards: FAILURE
remove_team: FAILURE
get_player_cards: SUCCESS, 99326
remove_team: FAILURE
remove_team: FAILURE
remove_team: FAILURE
get_partial_spirit: FAILURE
get_partial_spirit: FAILURE
add_player: FAILURE
add_team: SUCCESS
get_player_cards: FAILURE
get_partial_spirit: FAILURE
add_player: SUCCESS
add_player_cards: SUCCESS
add_team: SUCCESS
get_player_cards: SUCCESS, 50320
get_ith_pointless_ability: SUCCESS, 8527
remove_team: FAILURE
get_player_cards: FAILURE
get_player_cards: SUCCESS, 120469
play_match: FAILURE
buy_team: FAILURE
add_player_cards: SUCCESS
add_team: FAILURE
buy_team: FAILURE
get_team_points: FAILURE
get_team_points: SUCCESS, 0
get_team_points: SUCCESS, 0
remove_team: SUCCESS
get_partial_spirit: SUCCESS, 4,2,1,5,3
get_player_cards: SUCCESS, 117402
get_ith_pointless_ability: SUCCESS, 8527
remove_team: SUCCESS
get_ith_pointless_ability: FAILURE
get_team_points: FAILURE
get_player_cards: FAILURE
add_player: FAILURE
add_team: SUCCESS
get_ith_pointless_ability: SUCCESS, 13225
get_partial_spirit: FAILURE
get_player_cards: SUCCESS, 77574
remove_team: SUCCESS
get_partial_spirit: FAILURE
get_player_cards: SUCCESS, 37996
get_ith_pointless_ability: FAILURE
get_partial_spirit: FAILURE
add_player: FAILURE
get_ith_pointless_ability: FAILURE
get_team_points: FAILURE
get_ith_pointless_ability: FAILURE
add_team: SUCCESS
add_player_cards: FAILURE
get_ith_pointless_ability: SUCCESS, 13687
get_team_points: SUCCESS, 0
get_partial_spirit: FAILURE
remove_team: FAILURE
remove_team: FAILURE
get_player_cards: SUCCESS, 9427
get_partial_spirit: FAILURE
get_partial_spirit: FAILURE
get_team_points: SUCCESS, 0
get_player_cards: FAILURE
add_player_cards: FAILURE
add_player: SUCCESS
add_team: SUCCESS
get_partial_spirit: SUCCESS, 2,5,3,4,1
get_ith_pointless_ability: SUCCESS, 13687
buy_team: FAILURE
play_match: FAILURE
buy_team: FAILURE
play_match: FAILURE
add_player_cards: SUCCESS
get_player_cards: SUCCESS, 51914
add_team: SUCCESS
get_team_points: SUCCESS, 0
get_player_cards: SUCCESS, 58407
remove_team: SUCCESS
buy_team: FAILURE
get_player_cards: SUCCESS, 197287
get_player_cards: FAILURE
add_team: SUCCESS
get_partial_spirit: FAILURE
add_player_cards: FAILURE
get_ith_pointless_ability: SUCCESS, 45184
add_player: SUCCESS
play_match: FAILURE
add_player: SUCCESS
get_team_points: SUCCESS, 0
get_player_cards: SUCCESS, 98958
add_team: SUCCESS
play_match: FAILURE
add_player: SUCCESS
add_team: SUCCESS
get_ith_pointless_ability: SUCCESS, 60282
buy_team: SUCCESS
add_player_cards: SUCCESS
add_player_cards: SUCCESS
get_player_cards: SUCCESS, 73695
buy_team: SUCCESS
get_ith_pointless_ability: SUCCESS, 60282
get_ith_pointless_ability: SUCCESS, 20975
get_partial_spirit: SUCCESS, 5,3,4,1,2
buy_team: SUCCESS
get_partial_spirit: FAILURE
get_ith_pointless_ability: SUCCESS, 60282
buy_team: FAILURE
add_player_cards: SUCCESS
get_ith_pointless_ability: SUCCESS, 60282
get_partial_spirit: SUCCESS, 5,1,2,3,4
add_player: FAILURE
get_partial_spirit: FAILURE
get_player_cards: SUCCESS, 1044
get_partial_spirit: FAILURE
get_partial_spirit: SUCCESS, 5,3,4,1,2
get_player_cards: SUCCESS, 113105
get_partial_spirit: SUCCESS, 4,2,3,1,5
remove_team: SUCCESS
get_ith_pointless_ability: FAILURE
remove_team: FAILURE
remove_team: SUCCESS
get_partial_spirit: FAILURE
get_player_cards: SUCCESS, 70299
add_player: FAILURE
get_ith_pointless_ability: FAILURE
remove_team: FAILURE
remove_team: FAILURE
add_team: SUCCESS
add_player: FAILURE
get_ith_pointless_ability: SUCCESS, 54324
get_player_cards: SUCCESS, 93936
get_player_cards: SUCCESS, 149611
get_ith_pointless_ability: SUCCESS, 54324
get_ith_pointless_ability: SUCCESS, 54324
add_team: SUCCESS
add_player: SUCCESS
remove_team: FAILURE
get_partial_spirit: SUCCESS, 4,5,1,3,2
get_partial_spirit: FAILURE
get_team_points: SUCCESS, 0
add_team: FAILURE
add_player: SUCCESS
buy_team: FAILURE
play_match: FAILURE
buy_team: FAILURE
get_player_cards: SUCCESS, 71860
add_player_cards: SUCCESS
add_player: SUCCESS
add_player: SUCCESS
get_team_points: SUCCESS, 0
add_team: SUCCESS
get_partial_spirit: FAILURE
