add_team: SUCCESS
get_team_points: SUCCESS, 0
get_team_points: SUCCESS, 0
get_team_points: SUCCESS, 0
add_team: SUCCESS
get_ith_pointless_ability: SUCCESS, 932
get_team_points: SUCCESS, 0
add_team: SUCCESS
get_team_points: SUCCESS, 0
add_player: SUCCESS
get_partial_spirit: SUCCESS, 3,4,2,5,1
get_ith_pointless_ability: SUCCESS, 932
get_partial_spirit: SUCCESS, 3,4,2,5,1
get_partial_spirit: SUCCESS, 3,4,2,5,1
add_team: SUCCESS
remove_team: SUCCESS
get_player_cards: SUCCESS, 625
add_team: SUCCESS
get_ith_pointless_ability: SUCCESS, 18
add_team: SUCCESS
get_team_points: SUCCESS, 0
add_team: SUCCESS
get_team_points: SUCCESS, 0
add_player: SUCCESS
get_team_points: SUCCESS, 0
get_partial_spirit: SUCCESS, 3,4,2,1,5
get_partial_spirit: SUCCESS, 3,4,2,1,5
add_player_cards: SUCCESS
get_team_points: SUCCESS, 0
remove_team: SUCCESS
get_partial_spirit: SUCCESS, 3,4,2,1,5
add_player: SUCCESS
get_partial_spirit: SUCCESS, 5,4,3,2,1
remove_team: SUCCESS
add_player: SUCCESS
add_player: SUCCESS
get_team_points: SUCCESS, 0
get_partial_spirit: SUCCESS, 4,5,2,1,3
get_partial_spirit: SUCCESS, 3,4,2,1,5
get_partial_spirit: SUCCESS, 5,4,3,2,1
get_ith_pointless_ability: SUCCESS, 985
get_partial_spirit: SUCCESS, 4,5,2,1,3
get_partial_spirit: SUCCESS, 4,5,2,1,3
get_partial_spirit: SUCCESS, 5,4,3,2,1
get_partial_spirit: SUCCESS, 4,5,2,1,3
get_ith_pointless_ability: SUCCESS, 592
get_ith_pointless_ability: SUCCESS, 18
add_player: SUCCESS
add_player_cards: SUCCESS
get_partial_spirit: SUCCESS, 5,3,1,2,4
add_team: SUCCESS
get_partial_spirit: SUCCESS, 5,3,1,2,4
get_player_cards: SUCCESS, 74
get_partial_spirit: SUCCESS, 4,5,2,1,3
get_partial_spirit: SUCCESS, 5,4,3,2,1
remove_team: SUCCESS
add_player: SUCCESS
get_partial_spirit: SUCCESS, 3,1,5,4,2
add_player_cards: SUCCESS
remove_team: SUCCESS
get_partial_spirit: SUCCESS, 5,1,4,2,3
get_partial_spirit: SUCCESS, 4,5,2,1,3
get_player_cards: SUCCESS, 865
remove_team: SUCCESS
get_player_cards: SUCCESS, 1541
get_player_cards: SUCCESS, 1943
get_ith_pointless_ability: SUCCESS, 985
remove_team: SUCCESS
get_ith_pointless_ability: SUCCESS, 985
add_player: SUCCESS
add_player: SUCCESS
get_partial_spirit: SUCCESS, 3,4,5,1,2
get_partial_spirit: SUCCESS, 4,5,3,1,2
get_ith_pointless_ability: SUCCESS, 985
get_team_points: SUCCESS, 0
get_player_cards: SUCCESS, 753
get_team_points: SUCCESS, 0
remove_team: SUCCESS
get_player_cards: SUCCESS, 753
get_player_cards: SUCCESS, 753
add_team: SUCCESS
get_player_cards: SUCCESS, 74
remove_team: SUCCESS
get_player_cards: SUCCESS, 753
add_team: SUCCESS
get_team_points: SUCCESS, 0
get_player_cards: SUCCESS, 1943
get_team_points: SUCCESS, 0
remove_team: SUCCESS
get_player_cards: SUCCESS, 1541
get_player_cards: SUCCESS, 214
add_team: SUCCESS
remove_team: SUCCESS
add_team: SUCCESS
remove_team: SUCCESS
add_team: SUCCESS
add_team: SUCCESS
remove_team: SUCCESS
get_player_cards: SUCCESS, 114
get_team_points: SUCCESS, 0
remove_team: SUCCESS
add_team: SUCCESS
add_team: SUCCESS
add_team: SUCCESS
add_player: SUCCESS
remove_team: SUCCESS
get_partial_spirit: SUCCESS, 4,2,5,1,3
get_player_cards: SUCCESS, 432
remove_team: SUCCESS
get_partial_spirit: SUCCESS, 4,2,5,1,3
get_partial_spirit: SUCCESS, 4,2,5,1,3
get_ith_pointless_ability: SUCCESS, 136
get_player_cards: SUCCESS, 432
get_partial_spirit: SUCCESS, 4,2,5,1,3
get_player_cards: SUCCESS, 1541
get_partial_spirit: SUCCESS, 4,2,5,1,3
add_team: SUCCESS
add_player: SUCCESS
get_team_points: SUCCESS, 0
add_player: SUCCESS
get_team_points: SUCCESS, 0
remove_team: SUCCESS
get_team_points: SUCCESS, 0
get_partial_spirit: SUCCESS, 3,4,1,2,5
get_partial_spirit: SUCCESS, 3,4,1,2,5
get_partial_spirit: SUCCESS, 3,4,1,2,5
get_partial_spirit: SUCCESS, 3,4,1,2,5
get_partial_spirit: SUCCESS, 3,4,1,2,5
add_team: SUCCESS
add_player_cards: SUCCESS
get_partial_spirit: SUCCESS, 3,4,1,2,5
get_partial_spirit: SUCCESS, 3,4,1,2,5
get_partial_spirit: SUCCESS, 3,4,1,2,5
get_partial_spirit: SUCCESS, 3,4,1,2,5
get_player_cards: SUCCESS, 214
get_player_cards: SUCCESS, 432
get_team_points: SUCCESS, 0
add_team: SUCCESS
remove_team: SUCCESS
get_partial_spirit: SUCCESS, 3,4,1,2,5
get_partial_spirit: SUCCESS, 3,4,1,2,5
get_ith_pointless_ability: SUCCESS, 387
add_player_cards: SUCCESS
get_team_points: SUCCESS, 0
add_team: SUCCESS
add_player: SUCCESS
get_player_cards: SUCCESS, 486
get_partial_spirit: SUCCESS, 3,4,1,2,5
remove_team: SUCCESS
add_player: SUCCESS
get_partial_spirit: SUCCESS, 3,4,1,2,5
get_team_points: SUCCESS, 0
get_partial_spirit: SUCCESS, 3,4,1,2,5
get_partial_spirit: SUCCESS, 2,4,1,3,5
get_team_points: SUCCESS, 0
get_partial_spirit: SUCCESS, 2,4,1,3,5
get_partial_spirit: SUCCESS, 2,4,1,3,5
get_partial_spirit: SUCCESS, 2,4,1,3,5
get_partial_spirit: SUCCESS, 1,4,3,5,2
add_player_cards: SUCCESS
get_partial_spirit: SUCCESS, 2,4,1,3,5
get_partial_spirit: SUCCESS, 3,4,1,2,5
remove_team: SUCCESS
get_partial_spirit: SUCCESS, 3,4,1,2,5
get_partial_spirit: SUCCESS, 3,4,1,2,5
get_partial_spirit: SUCCESS, 3,4,1,2,5
add_player_cards: SUCCESS
get_team_points: SUCCESS, 0
add_player_cards: SUCCESS
get_ith_pointless_ability: SUCCESS, 387
get_partial_spirit: SUCCESS, 3,4,1,2,5
get_partial_spirit: SUCCESS, 3,4,1,2,5
add_player_cards: SUCCESS
get_team_points: SUCCESS, 0
add_player_cards: SUCCESS
get_partial_spirit: SUCCESS, 1,4,3,5,2
get_player_cards: SUCCESS, 2899
get_player_cards: SUCCESS, 753
remove_team: SUCCESS
add_team: SUCCESS
get_player_cards: SUCCESS, 2219
get_ith_pointless_ability: SUCCESS, 330
get_team_points: SUCCESS, 0
get_team_points: SUCCESS, 0
add_team: SUCCESS
get_ith_pointless_ability: SUCCESS, 90
remove_team: SUCCESS
add_player: SUCCESS
get_partial_spirit: SUCCESS, 5,3,4,2,1
remove_team: SUCCESS
add_team: SUCCESS
add_team: SUCCESS
get_team_points: SUCCESS, 0
get_team_points: SUCCESS, 0
get_ith_pointless_ability: SUCCESS, 590
get_ith_pointless_ability: SUCCESS, 590
remove_team: SUCCESS
add_team: SUCCESS
add_player: SUCCESS
get_team_points: SUCCESS, 0
get_team_points: SUCCESS, 0
get_partial_spirit: SUCCESS, 5,3,2,4,1
get_team_points: SUCCESS, 0
get_team_points: SUCCESS, 0
get_ith_pointless_ability: SUCCESS, 966
get_partial_spirit: SUCCESS, 5,3,2,4,1
add_team: SUCCESS
get_player_cards: SUCCESS, 865
add_team: SUCCESS
get_player_cards: SUCCESS, 396
get_partial_spirit: SUCCESS, 5,3,2,4,1
get_team_points: SUCCESS, 0
add_player_cards: SUCCESS
add_player_cards: SUCCESS
remove_team: SUCCESS
add_player_cards: SUCCESS
get_team_points: SUCCESS, 0
add_player: SUCCESS
get_partial_spirit: SUCCESS, 5,3,2,4,1
get_player_cards: SUCCESS, 1943
add_team: SUCCESS
get_partial_spirit: SUCCESS, 5,3,2,4,1
add_team: SUCCESS
get_partial_spirit: SUCCESS, 5,3,2,4,1
get_partial_spirit: SUCCESS, 5,4,2,1,3
remove_team: SUCCESS
get_ith_pointless_ability: SUCCESS, 728
get_partial_spirit: SUCCESS, 5,4,2,1,3
get_partial_spirit: SUCCESS, 5,4,2,1,3
get_team_points: SUCCESS, 0
remove_team: SUCCESS
get_partial_spirit: SUCCESS, 5,3,2,4,1
get_partial_spirit: SUCCESS, 5,3,2,4,1
add_player_cards: SUCCESS
get_partial_spirit: SUCCESS, 5,3,2,4,1
get_partial_spirit: SUCCESS, 5,3,2,4,1
get_player_cards: SUCCESS, 2666
get_team_points: SUCCESS, 0
remove_team: SUCCESS
get_player_cards: SUCCESS, 2666
get_team_points: SUCCESS, 0
get_ith_pointless_ability: SUCCESS, 728
get_team_points: SUCCESS, 0
get_player_cards: SUCCESS, 2219
get_partial_spirit: SUCCESS, 5,3,2,4,1
add_team: SUCCESS
add_player_cards: SUCCESS
get_partial_spirit: SUCCESS, 5,3,2,4,1
add_player: SUCCESS
add_player_cards: SUCCESS
get_partial_spirit: SUCCESS, 5,2,1,4,3
get_partial_spirit: SUCCESS, 5,2,1,4,3
get_ith_pointless_ability: SUCCESS, 688
get_partial_spirit: SUCCESS, 5,3,2,4,1
get_partial_spirit: SUCCESS, 5,2,1,4,3
add_player_cards: SUCCESS
get_ith_pointless_ability: SUCCESS, 966
get_partial_spirit: SUCCESS, 5,3,2,4,1
get_ith_pointless_ability: SUCCESS, 728
get_ith_pointless_ability: SUCCESS, 966
add_player: SUCCESS
get_partial_spirit: SUCCESS, 4,3,1,5,2
get_player_cards: SUCCESS, 3900
get_partial_spirit: SUCCESS, 4,3,1,5,2
get_partial_spirit: SUCCESS, 4,3,1,5,2
get_ith_pointless_ability: SUCCESS, 728
get_player_cards: SUCCESS, 561
get_team_points: SUCCESS, 0
get_team_points: SUCCESS, 0
add_player_cards: SUCCESS
get_partial_spirit: SUCCESS, 4,3,1,5,2
get_ith_pointless_ability: SUCCESS, 966
add_player_cards: SUCCESS
get_partial_spirit: SUCCESS, 5,3,2,4,1
get_partial_spirit: SUCCESS, 4,3,1,5,2
get_partial_spirit: SUCCESS, 4,3,1,5,2
get_partial_spirit: SUCCESS, 4,3,1,5,2
add_team: SUCCESS
get_partial_spirit: SUCCESS, 4,3,1,5,2
get_ith_pointless_ability: SUCCESS, 728
get_ith_pointless_ability: SUCCESS, 728
add_player_cards: SUCCESS
get_partial_spirit: SUCCESS, 5,2,1,4,3
get_partial_spirit: SUCCESS, 5,2,1,4,3
add_team: SUCCESS
get_partial_spirit: SUCCESS, 4,3,1,5,2
add_team: SUCCESS
get_ith_pointless_ability: SUCCESS, 966
get_partial_spirit: SUCCESS, 4,3,1,5,2
add_player: SUCCESS
remove_team: SUCCESS
get_partial_spirit: SUCCESS, 1,2,3,4,5
add_player_cards: SUCCESS
get_team_points: SUCCESS, 0
add_player: SUCCESS
add_team: SUCCESS
add_team: SUCCESS
add_player_cards: SUCCESS
get_partial_spirit: SUCCESS, 1,2,3,4,5
get_partial_spirit: SUCCESS, 4,3,1,5,2
add_player: SUCCESS
add_player: SUCCESS
get_partial_spirit: SUCCESS, 5,3,1,2,4
get_team_points: SUCCESS, 0
get_partial_spirit: SUCCESS, 5,3,1,2,4
get_team_points: SUCCESS, 0
get_partial_spirit: SUCCESS, 5,3,1,2,4
get_ith_pointless_ability: SUCCESS, 53
get_team_points: SUCCESS, 0
add_player: SUCCESS
get_partial_spirit: SUCCESS, 1,2,3,4,5
add_player_cards: SUCCESS
get_partial_spirit: SUCCESS, 4,3,1,5,2
add_team: SUCCESS
remove_team: SUCCESS
get_ith_pointless_ability: SUCCESS, 40
add_player_cards: SUCCESS
remove_team: SUCCESS
add_player_cards: SUCCESS
get_partial_spirit: SUCCESS, 5,3,1,2,4
add_player_cards: SUCCESS
get_player_cards: SUCCESS, 74
get_player_cards: SUCCESS, 532
get_partial_spirit: SUCCESS, 1,2,3,4,5
add_team: SUCCESS
get_partial_spirit: SUCCESS, 5,4,2,1,3
add_player: SUCCESS
add_team: SUCCESS
remove_team: SUCCESS
remove_team: SUCCESS
get_partial_spirit: SUCCESS, 2,3,4,1,5
add_team: SUCCESS
get_partial_spirit: SUCCESS, 5,1,3,2,4
get_partial_spirit: SUCCESS, 5,1,3,2,4
get_player_cards: SUCCESS, 753
add_team: SUCCESS
get_ith_pointless_ability: SUCCESS, 79
get_partial_spirit: SUCCESS, 5,1,3,2,4
get_partial_spirit: SUCCESS, 5,1,3,2,4
get_partial_spirit: SUCCESS, 5,1,3,2,4
get_partial_spirit: SUCCESS, 5,1,3,2,4
get_player_cards: SUCCESS, 753
get_partial_spirit: SUCCESS, 2,3,4,1,5
get_partial_spirit: SUCCESS, 2,3,4,1,5
get_team_points: SUCCESS, 0
get_team_points: SUCCESS, 0
get_partial_spirit: SUCCESS, 2,3,4,1,5
get_team_points: SUCCESS, 0
add_player_cards: SUCCESS
remove_team: SUCCESS
get_player_cards: SUCCESS, 4088
get_team_points: SUCCESS, 0
get_partial_spirit: SUCCESS, 2,3,4,1,5
remove_team: SUCCESS
get_partial_spirit: SUCCESS, 2,3,4,1,5
get_partial_spirit: SUCCESS, 2,3,4,1,5
get_ith_pointless_ability: SUCCESS, 202
get_partial_spirit: SUCCESS, 2,3,4,1,5
add_player_cards: SUCCESS
get_partial_spirit: SUCCESS, 2,3,4,1,5
get_team_points: SUCCESS, 0
add_team: SUCCESS
get_partial_spirit: SUCCESS, 2,3,4,1,5
add_team: SUCCESS
get_partial_spirit: SUCCESS, 2,3,4,1,5
get_partial_spirit: SUCCESS, 2,3,4,1,5
get_partial_spirit: SUCCESS, 2,3,4,1,5
get_ith_pointless_ability: SUCCESS, 202
get_partial_spirit: SUCCESS, 2,3,4,1,5
get_partial_spirit: SUCCESS, 2,3,4,1,5
get_partial_spirit: SUCCESS, 2,3,4,1,5
get_team_points: SUCCESS, 0
add_player_cards: SUCCESS
get_partial_spirit: SUCCESS, 2,3,4,1,5
get_partial_spirit: SUCCESS, 2,3,4,1,5
get_partial_spirit: SUCCESS, 2,3,4,1,5
get_ith_pointless_ability: SUCCESS, 79
add_team: SUCCESS
get_ith_pointless_ability: SUCCESS, 199
get_partial_spirit: SUCCESS, 2,3,4,1,5
get_partial_spirit: SUCCESS, 2,3,4,1,5
remove_team: SUCCESS
get_partial_spirit: SUCCESS, 2,3,4,1,5
add_team: SUCCESS
get_ith_pointless_ability: SUCCESS, 459
get_partial_spirit: SUCCESS, 2,3,4,1,5
get_partial_spirit: SUCCESS, 2,3,4,1,5
get_ith_pointless_ability: SUCCESS, 831
get_team_points: SUCCESS, 0
get_partial_spirit: SUCCESS, 2,3,4,1,5
get_partial_spirit: SUCCESS, 2,3,4,1,5
get_ith_pointless_ability: SUCCESS, 76
get_team_points: SUCCESS, 0
get_player_cards: SUCCESS, 731
add_player_cards: SUCCESS
add_player_cards: SUCCESS
get_partial_spirit: SUCCESS, 2,3,4,1,5
add_player_cards: SUCCESS
get_player_cards: SUCCESS, 2712
add_player: SUCCESS
get_partial_spirit: SUCCESS, 2,1,4,3,5
get_team_points: SUCCESS, 0
get_ith_pointless_ability: SUCCESS, 613
get_partial_spirit: SUCCESS, 2,3,4,1,5
get_player_cards: SUCCESS, 4139
get_ith_pointless_ability: SUCCESS, 613
add_player: SUCCESS
get_player_cards: SUCCESS, 114
add_player: SUCCESS
get_partial_spirit: SUCCESS, 1,5,3,2,4
get_partial_spirit: SUCCESS, 1,5,3,2,4
get_partial_spirit: SUCCESS, 2,3,4,1,5
get_partial_spirit: SUCCESS, 2,1,4,3,5
add_team: SUCCESS
remove_team: SUCCESS
add_team: SUCCESS
get_partial_spirit: SUCCESS, 2,3,4,1,5
get_partial_spirit: SUCCESS, 2,3,4,1,5
get_partial_spirit: SUCCESS, 2,3,4,1,5
add_player: SUCCESS
get_ith_pointless_ability: SUCCESS, 964
get_player_cards: SUCCESS, 1541
get_partial_spirit: SUCCESS, 2,3,4,1,5
add_player_cards: SUCCESS
get_partial_spirit: SUCCESS, 1,5,4,3,2
get_partial_spirit: SUCCESS, 1,5,4,3,2
get_partial_spirit: SUCCESS, 2,3,4,1,5
remove_team: SUCCESS
get_partial_spirit: SUCCESS, 2,3,4,1,5
add_player: SUCCESS
add_team: SUCCESS
add_player_cards: SUCCESS
get_partial_spirit: SUCCESS, 3,1,5,4,2
add_player: SUCCESS
get_partial_spirit: SUCCESS, 5,3,4,1,2
get_partial_spirit: SUCCESS, 3,1,5,4,2
get_partial_spirit: SUCCESS, 2,1,4,3,5
add_team: SUCCESS
add_team: SUCCESS
get_partial_spirit: SUCCESS, 1,5,4,3,2
get_partial_spirit: SUCCESS, 1,5,3,2,4
add_player: SUCCESS
add_player_cards: SUCCESS
remove_team: SUCCESS
get_team_points: SUCCESS, 0
get_partial_spirit: SUCCESS, 3,1,5,4,2
get_partial_spirit: SUCCESS, 1,5,3,2,4
get_player_cards: SUCCESS, 915
add_player_cards: SUCCESS
get_partial_spirit: SUCCESS, 1,5,4,3,2
remove_team: SUCCESS
add_player: SUCCESS
get_partial_spirit: SUCCESS, 1,5,4,3,2
get_team_points: SUCCESS, 0
add_player_cards: SUCCESS
get_player_cards: SUCCESS, 256
remove_team: SUCCESS
get_team_points: SUCCESS, 0
get_partial_spirit: SUCCESS, 1,5,4,3,2
get_partial_spirit: SUCCESS, 1,2,3,5,4
get_partial_spirit: SUCCESS, 5,3,4,1,2
get_partial_spirit: SUCCESS, 1,2,3,5,4
get_partial_spirit: SUCCESS, 1,2,3,5,4
get_ith_pointless_ability: SUCCESS, 202
remove_team: SUCCESS
get_partial_spirit: SUCCESS, 2,3,4,1,5
get_team_points: SUCCESS, 0
get_partial_spirit: SUCCESS, 1,5,3,2,4
get_ith_pointless_ability: SUCCESS, 831
add_team: SUCCESS
get_team_points: SUCCESS, 0
get_partial_spirit: SUCCESS, 1,2,3,5,4
add_player: SUCCESS
get_partial_spirit: SUCCESS, 2,3,4,1,5
add_player: SUCCESS
add_team: SUCCESS
add_player_cards: SUCCESS
get_player_cards: SUCCESS, 256
get_partial_spirit: SUCCESS, 2,1,4,3,5
remove_team: SUCCESS
get_partial_spirit: SUCCESS, 1,2,3,5,4
get_partial_spirit: SUCCESS, 1,4,3,5,2
get_partial_spirit: SUCCESS, 2,1,4,3,5
get_partial_spirit: SUCCESS, 1,2,3,5,4
get_partial_spirit: SUCCESS, 2,1,4,3,5
add_player_cards: SUCCESS
get_partial_spirit: SUCCESS, 1,2,3,5,4
get_player_cards: SUCCESS, 709
get_partial_spirit: SUCCESS, 4,5,1,2,3
get_ith_pointless_ability: SUCCESS, 677
get_team_points: SUCCESS, 0
get_ith_pointless_ability: SUCCESS, 351
get_partial_spirit: SUCCESS, 2,3,4,1,5
add_player_cards: SUCCESS
get_partial_spirit: SUCCESS, 4,5,1,2,3
get_partial_spirit: SUCCESS, 5,3,4,1,2
get_partial_spirit: SUCCESS, 3,1,5,4,2
get_partial_spirit: SUCCESS, 5,2,4,3,1
get_player_cards: SUCCESS, 1750
get_partial_spirit: SUCCESS, 1,5,3,2,4
get_ith_pointless_ability: FAILURE
get_ith_pointless_ability: SUCCESS, 774
get_player_cards: SUCCESS, 934
add_team: FAILURE
add_player_cards: FAILURE
get_partial_spirit: SUCCESS, 1,2,3,5,4
get_partial_spirit: SUCCESS, 1,5,3,2,4
add_team: SUCCESS
add_player_cards: FAILURE
get_partial_spirit: FAILURE
get_partial_spirit: SUCCESS, 1,4,3,5,2
get_partial_spirit: FAILURE
get_partial_spirit: SUCCESS, 1,2,3,5,4
get_partial_spirit: FAILURE
get_team_points: SUCCESS, 0
get_team_points: SUCCESS, 0
get_partial_spirit: SUCCESS, 3,1,5,4,2
get_partial_spirit: FAILURE
get_player_cards: FAILURE
add_player_cards: SUCCESS
get_partial_spirit: FAILURE
get_partial_spirit: SUCCESS, 4,5,1,2,3
play_match: FAILURE
get_team_points: SUCCESS, 0
get_partial_spirit: FAILURE
get_partial_spirit: FAILURE
add_player_cards: SUCCESS
get_player_cards: SUCCESS, 558
get_partial_spirit: FAILURE
get_partial_spirit: FAILURE
play_match: FAILURE
remove_team: FAILURE
add_team: SUCCESS
get_partial_spirit: FAILURE
get_partial_spirit: SUCCESS, 2,3,4,1,5
get_partial_spirit: SUCCESS, 4,5,1,2,3
get_player_cards: SUCCESS, 96
remove_team: FAILURE
play_match: FAILURE
play_match: FAILURE
get_ith_pointless_ability: FAILURE
get_partial_spirit: SUCCESS, 5,2,4,3,1
get_partial_spirit: SUCCESS, 5,3,4,1,2
get_partial_spirit: FAILURE
add_player_cards: SUCCESS
get_player_cards: FAILURE
add_player_cards: FAILURE
get_partial_spirit: FAILURE
get_partial_spirit: FAILURE
add_player: SUCCESS
get_partial_spirit: SUCCESS, 2,4,1,3,5
remove_team: SUCCESS
add_player: FAILURE
add_team: SUCCESS
add_team: SUCCESS
get_partial_spirit: FAILURE
add_player_cards: SUCCESS
get_partial_spirit: SUCCESS, 5,2,4,3,1
get_partial_spirit: SUCCESS, 1,4,3,5,2
add_team: SUCCESS
play_match: FAILURE
add_team: SUCCESS
get_partial_spirit: FAILURE
add_team: SUCCESS
add_team: FAILURE
play_match: FAILURE
get_partial_spirit: FAILURE
get_partial_spirit: FAILURE
get_player_cards: FAILURE
get_partial_spirit: SUCCESS, 1,5,3,2,4
get_partial_spirit: SUCCESS, 2,3,4,1,5
add_player: SUCCESS
add_team: FAILURE
get_player_cards: SUCCESS, 532
get_partial_spirit: FAILURE
get_partial_spirit: SUCCESS, 1,4,3,5,2
play_match: FAILURE
get_partial_spirit: FAILURE
add_team: FAILURE
get_team_points: FAILURE
add_player_cards: SUCCESS
get_partial_spirit: FAILURE
get_player_cards: FAILURE
play_match: FAILURE
get_partial_spirit: FAILURE
add_team: FAILURE
add_player: FAILURE
get_ith_pointless_ability: SUCCESS, 898
add_player_cards: FAILURE
get_partial_spirit: FAILURE
get_partial_spirit: FAILURE
remove_team: FAILURE
add_player_cards: FAILURE
add_player: SUCCESS
add_player: FAILURE
get_partial_spirit: FAILURE
play_match: FAILURE
play_match: FAILURE
get_partial_spirit: FAILURE
add_player: SUCCESS
get_partial_spirit: SUCCESS, 3,1,5,4,2
add_player_cards: SUCCESS
play_match: FAILURE
get_ith_pointless_ability: SUCCESS, 964
get_partial_spirit: SUCCESS, 4,5,1,2,3
get_player_cards: FAILURE
add_player_cards: SUCCESS
get_partial_spirit: SUCCESS, 3,5,4,2,1
get_partial_spirit: FAILURE
play_match: FAILURE
get_partial_spirit: FAILURE
get_partial_spirit: FAILURE
get_partial_spirit: FAILURE
get_partial_spirit: SUCCESS, 4,5,1,2,3
get_partial_spirit: SUCCESS, 1,5,3,2,4
get_partial_spirit: FAILURE
get_team_points: SUCCESS, 0
get_player_cards: SUCCESS, 2219
get_ith_pointless_ability: FAILURE
get_partial_spirit: SUCCESS, 2,1,4,3,5
get_partial_spirit: FAILURE
get_team_points: SUCCESS, 0
add_player_cards: SUCCESS
get_partial_spirit: SUCCESS, 3,5,4,2,1
get_partial_spirit: SUCCESS, 4,5,1,2,3
get_partial_spirit: SUCCESS, 3,5,4,2,1
play_match: FAILURE
get_ith_pointless_ability: FAILURE
get_partial_spirit: SUCCESS, 1,2,3,5,4
get_partial_spirit: FAILURE
get_partial_spirit: SUCCESS, 3,5,4,2,1
get_ith_pointless_ability: SUCCESS, 964
get_team_points: SUCCESS, 0
add_player: SUCCESS
get_partial_spirit: SUCCESS, 1,4,3,5,2
play_match: FAILURE
get_ith_pointless_ability: FAILURE
play_match: FAILURE
play_match: FAILURE
get_ith_pointless_ability: FAILURE
remove_team: FAILURE
add_player_cards: SUCCESS
add_team: FAILURE
add_player: FAILURE
play_match: FAILURE
play_match: FAILURE
add_team: FAILURE
get_partial_spirit: SUCCESS, 3,5,4,2,1
play_match: FAILURE
remove_team: FAILURE
get_team_points: FAILURE
get_partial_spirit: FAILURE
get_player_cards: FAILURE
get_partial_spirit: FAILURE
get_partial_spirit: SUCCESS, 1,4,3,5,2
get_partial_spirit: FAILURE
get_partial_spirit: SUCCESS, 5,2,4,3,1
play_match: FAILURE
get_player_cards: SUCCESS, 1555
add_team: FAILURE
add_player_cards: SUCCESS
play_match: FAILURE
add_player: FAILURE
get_partial_spirit: FAILURE
get_ith_pointless_ability: SUCCESS, 202
get_partial_spirit: SUCCESS, 2,3,4,1,5
play_match: FAILURE
get_partial_spirit: FAILURE
get_team_points: FAILURE
get_partial_spirit: FAILURE
get_partial_spirit: SUCCESS, 2,3,4,1,5
get_partial_spirit: FAILURE
play_match: FAILURE
add_team: FAILURE
get_team_points: SUCCESS, 0
get_team_points: SUCCESS, 0
add_player: SUCCESS
get_partial_spirit: FAILURE
get_ith_pointless_ability: SUCCESS, 831
get_ith_pointless_ability: FAILURE
get_partial_spirit: SUCCESS, 1,4,3,5,2
get_partial_spirit: FAILURE
get_partial_spirit: FAILURE
play_match: FAILURE
get_partial_spirit: SUCCESS, 1,4,3,5,2
get_partial_spirit: FAILURE
get_partial_spirit: SUCCESS, 5,2,4,3,1
get_partial_spirit: FAILURE
add_player: FAILURE
get_partial_spirit: FAILURE
get_partial_spirit: SUCCESS, 4,5,1,2,3
get_partial_spirit: FAILURE
play_match: FAILURE
add_player_cards: SUCCESS
add_team: FAILURE
get_partial_spirit: SUCCESS, 1,2,3,5,4
add_player: FAILURE
get_team_points: FAILURE
play_match: FAILURE
play_match: FAILURE
get_partial_spirit: SUCCESS, 1,2,3,5,4
add_team: SUCCESS
play_match: FAILURE
play_match: FAILURE
play_match: FAILURE
get_player_cards: FAILURE
get_partial_spirit: FAILURE
play_match: FAILURE
remove_team: FAILURE
get_partial_spirit: SUCCESS, 3,1,5,4,2
remove_team: FAILURE
get_partial_spirit: FAILURE
get_partial_spirit: SUCCESS, 1,5,3,2,4
get_team_points: SUCCESS, 0
get_partial_spirit: SUCCESS, 5,2,4,3,1
remove_team: SUCCESS
add_team: SUCCESS
get_partial_spirit: SUCCESS, 3,1,5,4,2
play_match: FAILURE
play_match: FAILURE
add_team: FAILURE
get_ith_pointless_ability: SUCCESS, 774
add_team: SUCCESS
get_partial_spirit: SUCCESS, 1,2,3,5,4
get_partial_spirit: FAILURE
add_player_cards: FAILURE
add_player: SUCCESS
get_player_cards: FAILURE
get_partial_spirit: SUCCESS, 2,1,4,3,5
get_ith_pointless_ability: SUCCESS, 774
add_player_cards: FAILURE
add_player_cards: FAILURE
get_team_points: SUCCESS, 0
get_partial_spirit: SUCCESS, 2,3,4,1,5
get_partial_spirit: FAILURE
add_player: FAILURE
get_ith_pointless_ability: SUCCESS, 898
get_player_cards: FAILURE
remove_team: FAILURE
get_partial_spirit: SUCCESS, 1,5,3,2,4
get_team_points: SUCCESS, 0
get_partial_spirit: FAILURE
add_player_cards: SUCCESS
get_ith_pointless_ability: SUCCESS, 831
remove_team: SUCCESS
get_player_cards: FAILURE
get_ith_pointless_ability: SUCCESS, 11
get_partial_spirit: SUCCESS, 2,3,4,1,5
add_team: FAILURE
get_partial_spirit: FAILURE
get_partial_spirit: SUCCESS, 4,3,1,5,2
get_ith_pointless_ability: SUCCESS, 351
add_player_cards: SUCCESS
get_partial_spirit: SUCCESS, 1,4,3,5,2
get_partial_spirit: SUCCESS, 1,4,3,5,2
get_partial_spirit: SUCCESS, 2,3,4,1,5
get_partial_spirit: SUCCESS, 1,5,3,2,4
add_team: SUCCESS
get_player_cards: SUCCESS, 171
remove_team: SUCCESS
add_player_cards: SUCCESS
get_partial_spirit: SUCCESS, 5,2,4,3,1
get_partial_spirit: SUCCESS, 1,5,3,2,4
remove_team: SUCCESS
get_partial_spirit: SUCCESS, 3,5,2,1,4
get_ith_pointless_ability: SUCCESS, 447
get_partial_spirit: SUCCESS, 3,5,2,1,4
get_partial_spirit: SUCCESS, 2,3,4,1,5
add_player: SUCCESS
add_player_cards: SUCCESS
add_player: SUCCESS
get_team_points: SUCCESS, 0
get_ith_pointless_ability: SUCCESS, 774
add_player_cards: SUCCESS
remove_team: SUCCESS
add_team: SUCCESS
get_partial_spirit: SUCCESS, 1,4,5,2,3
get_partial_spirit: SUCCESS, 3,5,4,2,1
get_partial_spirit: SUCCESS, 3,5,2,1,4
get_partial_spirit: SUCCESS, 5,2,4,3,1
get_partial_spirit: SUCCESS, 2,3,4,1,5
get_ith_pointless_ability: SUCCESS, 238
get_partial_spirit: SUCCESS, 5,2,1,3,4
remove_team: SUCCESS
get_team_points: SUCCESS, 0
remove_team: SUCCESS
get_ith_pointless_ability: SUCCESS, 351
get_partial_spirit: SUCCESS, 3,5,4,2,1
get_partial_spirit: SUCCESS, 4,5,1,2,3
get_team_points: SUCCESS, 0
add_player: SUCCESS
get_ith_pointless_ability: SUCCESS, 752
get_partial_spirit: SUCCESS, 4,1,3,5,2
add_player_cards: SUCCESS
get_ith_pointless_ability: SUCCESS, 202
get_partial_spirit: SUCCESS, 3,5,4,2,1
get_partial_spirit: SUCCESS, 2,3,4,1,5
get_partial_spirit: SUCCESS, 1,4,5,2,3
add_player_cards: SUCCESS
get_partial_spirit: SUCCESS, 4,5,1,2,3
add_team: SUCCESS
add_team: SUCCESS
get_partial_spirit: SUCCESS, 5,2,1,3,4
get_partial_spirit: SUCCESS, 3,5,4,2,1
get_partial_spirit: SUCCESS, 2,1,4,3,5
get_partial_spirit: SUCCESS, 4,1,3,5,2
add_player: SUCCESS
get_partial_spirit: SUCCESS, 1,3,4,5,2
add_player: SUCCESS
get_player_cards: SUCCESS, 846
get_team_points: SUCCESS, 0
get_team_points: SUCCESS, 0
get_partial_spirit: SUCCESS, 5,3,4,1,2
get_partial_spirit: SUCCESS, 1,4,3,5,2
add_team: SUCCESS
add_team: SUCCESS
get_ith_pointless_ability: SUCCESS, 816
get_partial_spirit: SUCCESS, 1,4,3,5,2
add_player_cards: SUCCESS
get_partial_spirit: SUCCESS, 3,2,4,1,5
get_player_cards: SUCCESS, 654
get_team_points: SUCCESS, 0
add_player: SUCCESS
add_player: SUCCESS
get_partial_spirit: SUCCESS, 4,3,5,2,1
add_player: SUCCESS
add_team: SUCCESS
get_team_points: SUCCESS, 0
add_player_cards: SUCCESS
get_player_cards: SUCCESS, 120
add_team: SUCCESS
add_player_cards: SUCCESS
add_player_cards: SUCCESS
get_partial_spirit: SUCCESS, 1,3,2,5,4
get_ith_pointless_ability: SUCCESS, 250
get_team_points: SUCCESS, 0
add_player_cards: SUCCESS
get_partial_spirit: SUCCESS, 3,5,4,2,1
get_partial_spirit: SUCCESS, 2,3,4,1,5
get_partial_spirit: SUCCESS, 1,4,5,2,3
get_partial_spirit: SUCCESS, 5,3,4,1,2
get_partial_spirit: SUCCESS, 4,1,3,5,2
add_player_cards: SUCCESS
add_team: SUCCESS
get_partial_spirit: SUCCESS, 3,1,5,4,2
get_ith_pointless_ability: SUCCESS, 831
add_team: SUCCESS
remove_team: SUCCESS
add_player: SUCCESS
add_team: SUCCESS
get_partial_spirit: SUCCESS, 1,3,4,5,2
remove_team: SUCCESS
get_partial_spirit: SUCCESS, 5,4,2,3,1
get_team_points: SUCCESS, 0
get_partial_spirit: SUCCESS, 3,5,2,1,4
add_player_cards: SUCCESS
get_player_cards: SUCCESS, 182
add_team: SUCCESS
get_team_points: SUCCESS, 0
add_team: SUCCESS
get_partial_spirit: SUCCESS, 2,1,4,3,5
get_partial_spirit: SUCCESS, 3,5,2,1,4
get_partial_spirit: SUCCESS, 5,3,4,1,2
get_partial_spirit: SUCCESS, 5,3,4,2,1
get_partial_spirit: SUCCESS, 1,5,3,2,4
get_team_points: SUCCESS, 0
get_player_cards: SUCCESS, 1223
add_team: SUCCESS
get_team_points: SUCCESS, 0
get_ith_pointless_ability: SUCCESS, 351
get_partial_spirit: SUCCESS, 3,5,4,2,1
get_player_cards: SUCCESS, 709
get_partial_spirit: SUCCESS, 1,5,3,2,4
get_partial_spirit: SUCCESS, 3,1,5,4,2
get_partial_spirit: SUCCESS, 5,3,4,2,1
add_player_cards: SUCCESS
get_partial_spirit: SUCCESS, 1,3,4,5,2
get_partial_spirit: SUCCESS, 5,3,4,2,1
get_ith_pointless_ability: SUCCESS, 871
add_player_cards: SUCCESS
remove_team: SUCCESS
get_partial_spirit: SUCCESS, 3,5,2,1,4
get_partial_spirit: SUCCESS, 1,3,4,5,2
add_team: SUCCESS
add_team: SUCCESS
get_ith_pointless_ability: SUCCESS, 841
get_partial_spirit: SUCCESS, 3,2,5,1,4
get_partial_spirit: SUCCESS, 5,3,4,1,2
add_player: SUCCESS
get_ith_pointless_ability: SUCCESS, 953
add_player_cards: SUCCESS
get_ith_pointless_ability: SUCCESS, 871
get_partial_spirit: SUCCESS, 3,2,4,1,5
get_player_cards: SUCCESS, 536
get_partial_spirit: SUCCESS, 1,3,4,5,2
get_partial_spirit: SUCCESS, 4,5,1,2,3
remove_team: SUCCESS
remove_team: SUCCESS
get_partial_spirit: SUCCESS, 5,4,2,3,1
add_team: SUCCESS
add_player_cards: SUCCESS
get_partial_spirit: SUCCESS, 3,1,5,4,2
get_partial_spirit: SUCCESS, 2,1,4,3,5
get_player_cards: SUCCESS, 213
get_player_cards: SUCCESS, 121
get_ith_pointless_ability: SUCCESS, 953
add_player_cards: SUCCESS
get_partial_spirit: SUCCESS, 5,3,4,2,1
get_partial_spirit: SUCCESS, 1,5,3,2,4
get_partial_spirit: SUCCESS, 5,3,4,1,2
get_partial_spirit: SUCCESS, 1,4,5,2,3
get_partial_spirit: SUCCESS, 5,3,4,2,1
get_player_cards: SUCCESS, 1223
get_partial_spirit: SUCCESS, 3,5,4,2,1
get_partial_spirit: SUCCESS, 2,5,1,3,4
get_partial_spirit: SUCCESS, 3,2,4,1,5
add_team: SUCCESS
get_partial_spirit: SUCCESS, 1,4,3,5,2
remove_team: SUCCESS
get_team_points: SUCCESS, 0
get_team_points: SUCCESS, 0
get_partial_spirit: SUCCESS, 1,3,4,5,2
remove_team: SUCCESS
get_partial_spirit: SUCCESS, 5,3,4,1,2
get_partial_spirit: SUCCESS, 5,4,2,3,1
get_partial_spirit: SUCCESS, 1,2,3,5,4
get_partial_spirit: SUCCESS, 3,1,5,4,2
get_partial_spirit: SUCCESS, 5,3,4,1,2
get_partial_spirit: SUCCESS, 5,4,3,2,1
add_player: SUCCESS
get_partial_spirit: SUCCESS, 1,3,4,5,2
add_player: SUCCESS
get_player_cards: SUCCESS, 205
get_partial_spirit: SUCCESS, 3,2,5,1,4
get_partial_spirit: SUCCESS, 2,5,1,3,4
get_team_points: SUCCESS, 0
get_partial_spirit: SUCCESS, 3,1,5,4,2
add_team: SUCCESS
remove_team: SUCCESS
remove_team: SUCCESS
get_partial_spirit: SUCCESS, 2,1,4,3,5
get_partial_spirit: SUCCESS, 1,3,4,5,2
get_partial_spirit: SUCCESS, 3,2,4,1,5
get_partial_spirit: SUCCESS, 4,5,1,2,3
get_partial_spirit: SUCCESS, 3,1,5,4,2
get_partial_spirit: SUCCESS, 4,3,5,2,1
remove_team: SUCCESS
get_ith_pointless_ability: SUCCESS, 441
get_partial_spirit: SUCCESS, 1,4,5,2,3
add_team: SUCCESS
get_partial_spirit: SUCCESS, 3,2,4,1,5
add_team: SUCCESS
remove_team: SUCCESS
get_team_points: SUCCESS, 0
get_partial_spirit: SUCCESS, 4,5,1,2,3
get_partial_spirit: SUCCESS, 1,5,3,2,4
add_player_cards: SUCCESS
get_partial_spirit: SUCCESS, 2,5,1,3,4
get_partial_spirit: SUCCESS, 4,5,1,2,3
get_partial_spirit: SUCCESS, 1,4,5,2,3
add_player: SUCCESS
get_partial_spirit: SUCCESS, 1,3,4,5,2
add_player_cards: SUCCESS
get_partial_spirit: SUCCESS, 1,4,3,5,2
get_partial_spirit: SUCCESS, 1,3,4,5,2
get_partial_spirit: SUCCESS, 3,2,4,1,5
get_ith_pointless_ability: SUCCESS, 217
get_partial_spirit: SUCCESS, 4,5,1,2,3
add_player_cards: SUCCESS
get_partial_spirit: SUCCESS, 1,4,5,2,3
get_player_cards: SUCCESS, 96
get_team_points: SUCCESS, 0
get_player_cards: SUCCESS, 456
get_partial_spirit: SUCCESS, 5,4,3,2,1
add_player_cards: SUCCESS
remove_team: SUCCESS
get_partial_spirit: SUCCESS, 5,4,3,2,1
get_partial_spirit: SUCCESS, 3,2,5,1,4
get_partial_spirit: SUCCESS, 3,2,5,1,4
get_partial_spirit: SUCCESS, 1,4,5,2,3
add_player_cards: SUCCESS
get_partial_spirit: SUCCESS, 1,2,3,5,4
get_partial_spirit: SUCCESS, 2,1,4,3,5
add_team: SUCCESS
get_player_cards: SUCCESS, 1288
add_player_cards: SUCCESS
add_player_cards: SUCCESS
add_team: SUCCESS
get_partial_spirit: SUCCESS, 5,3,4,2,1
get_partial_spirit: SUCCESS, 5,3,4,2,1
get_ith_pointless_ability: SUCCESS, 841
get_team_points: SUCCESS, 0
get_team_points: SUCCESS, 0
get_player_cards: SUCCESS, 915
add_player_cards: SUCCESS
add_player: SUCCESS
get_player_cards: SUCCESS, 709
add_player_cards: SUCCESS
get_partial_spirit: SUCCESS, 5,3,2,1,4
add_player: SUCCESS
