add_team: SUCCESS
add_player: SUCCESS
get_ith_pointless_ability: SUCCESS, 625
get_team_points: SUCCESS, 0
add_player: SUCCESS
get_ith_pointless_ability: SUCCESS, 625
get_player_cards: SUCCESS, 533
add_team: SUCCESS
get_ith_pointless_ability: SUCCESS, 567
add_player_cards: SUCCESS
add_team: SUCCESS
get_player_cards: SUCCESS, 595
buy_team: SUCCESS
get_team_points: SUCCESS, 0
get_ith_pointless_ability: SUCCESS, 67
add_player: SUCCESS
add_player: SUCCESS
add_player: SUCCESS
remove_team: SUCCESS
add_player_cards: SUCCESS
get_ith_pointless_ability: SUCCESS, 67
remove_team: SUCCESS
add_team: SUCCESS
add_team: SUCCESS
get_ith_pointless_ability: SUCCESS, 642
remove_team: SUCCESS
get_ith_pointless_ability: SUCCESS, 642
add_team: SUCCESS
get_team_points: SUCCESS, 0
get_ith_pointless_ability: SUCCESS, 642
add_player: SUCCESS
get_team_points: SUCCESS, 0
get_ith_pointless_ability: SUCCESS, 335
add_player_cards: SUCCESS
get_player_cards: SUCCESS, 632
add_player: SUCCESS
get_ith_pointless_ability: SUCCESS, 642
add_player: SUCCESS
get_team_points: SUCCESS, 0
get_ith_pointless_ability: SUCCESS, 335
get_player_cards: SUCCESS, 1007
add_player: SUCCESS
get_player_cards: SUCCESS, 627
add_team: SUCCESS
buy_team: SUCCESS
get_player_cards: SUCCESS, 632
get_team_points: SUCCESS, 0
add_team: SUCCESS
add_player_cards: SUCCESS
add_player: SUCCESS
get_ith_pointless_ability: SUCCESS, 873
add_team: SUCCESS
buy_team: SUCCESS
buy_team: SUCCESS
get_team_points: SUCCESS, 0
remove_team: SUCCESS
add_team: SUCCESS
get_team_points: SUCCESS, 0
remove_team: SUCCESS
get_ith_pointless_ability: SUCCESS, 873
add_player: SUCCESS
remove_team: SUCCESS
get_player_cards: SUCCESS, 1264
add_team: SUCCESS
add_team: SUCCESS
add_player: SUCCESS
add_player_cards: SUCCESS
add_player: SUCCESS
add_player_cards: SUCCESS
add_player: SUCCESS
get_team_points: SUCCESS, 0
get_team_points: SUCCESS, 0
get_ith_pointless_ability: SUCCESS, 516
add_team: SUCCESS
get_team_points: SUCCESS, 0
get_player_cards: SUCCESS, 707
buy_team: SUCCESS
add_team: SUCCESS
add_player_cards: SUCCESS
buy_team: SUCCESS
add_team: SUCCESS
remove_team: SUCCESS
add_team: SUCCESS
get_team_points: SUCCESS, 0
get_player_cards: SUCCESS, 1007
add_team: SUCCESS
add_player: SUCCESS
add_player_cards: SUCCESS
add_player_cards: SUCCESS
add_player: SUCCESS
add_player_cards: SUCCESS
buy_team: SUCCESS
get_team_points: SUCCESS, 0
add_team: SUCCESS
buy_team: SUCCESS
buy_team: SUCCESS
get_player_cards: SUCCESS, 832
get_ith_pointless_ability: SUCCESS, 414
get_player_cards: SUCCESS, 595
get_team_points: SUCCESS, 0
remove_team: SUCCESS
add_player_cards: SUCCESS
add_player_cards: SUCCESS
add_player: SUCCESS
remove_team: SUCCESS
add_team: SUCCESS
add_team: SUCCESS
add_team: SUCCESS
buy_team: SUCCESS
get_player_cards: SUCCESS, 832
get_team_points: SUCCESS, 0
add_team: SUCCESS
buy_team: SUCCESS
get_ith_pointless_ability: SUCCESS, 94
remove_team: SUCCESS
add_team: SUCCESS
get_player_cards: SUCCESS, 632
add_player: SUCCESS
get_ith_pointless_ability: SUCCESS, 199
get_team_points: SUCCESS, 0
get_ith_pointless_ability: SUCCESS, 199
add_player: SUCCESS
remove_team: SUCCESS
remove_team: SUCCESS
add_team: SUCCESS
get_team_points: SUCCESS, 0
add_team: SUCCESS
get_team_points: SUCCESS, 0
add_team: SUCCESS
get_player_cards: SUCCESS, 858
get_player_cards: SUCCESS, 103
get_ith_pointless_ability: SUCCESS, 478
add_player: SUCCESS
buy_team: SUCCESS
add_team: SUCCESS
remove_team: SUCCESS
add_player: SUCCESS
get_ith_pointless_ability: SUCCESS, 214
get_player_cards: SUCCESS, 103
add_team: SUCCESS
add_team: SUCCESS
add_team: SUCCESS
get_ith_pointless_ability: SUCCESS, 368
buy_team: SUCCESS
add_player_cards: SUCCESS
buy_team: SUCCESS
buy_team: SUCCESS
remove_team: SUCCESS
remove_team: SUCCESS
get_player_cards: SUCCESS, 93
get_player_cards: SUCCESS, 525
add_team: SUCCESS
add_team: SUCCESS
get_player_cards: SUCCESS, 103
add_player: SUCCESS
add_player_cards: SUCCESS
add_player: SUCCESS
remove_team: SUCCESS
add_team: SUCCESS
get_player_cards: SUCCESS, 1699
add_player: SUCCESS
get_ith_pointless_ability: SUCCESS, 564
get_player_cards: SUCCESS, 960
get_player_cards: SUCCESS, 960
get_ith_pointless_ability: SUCCESS, 358
add_team: SUCCESS
buy_team: SUCCESS
get_player_cards: SUCCESS, 525
get_player_cards: SUCCESS, 960
remove_team: SUCCESS
add_player: SUCCESS
get_team_points: SUCCESS, 0
add_team: SUCCESS
get_team_points: SUCCESS, 0
get_team_points: SUCCESS, 0
get_team_points: SUCCESS, 0
get_ith_pointless_ability: SUCCESS, 926
get_ith_pointless_ability: SUCCESS, 564
add_player_cards: SUCCESS
get_team_points: SUCCESS, 0
add_player_cards: SUCCESS
add_team: SUCCESS
buy_team: SUCCESS
remove_team: SUCCESS
get_team_points: SUCCESS, 0
get_team_points: SUCCESS, 0
get_ith_pointless_ability: SUCCESS, 926
add_team: SUCCESS
remove_team: SUCCESS
remove_team: SUCCESS
get_player_cards: SUCCESS, 633
add_team: SUCCESS
add_player: SUCCESS
add_player_cards: SUCCESS
add_team: SUCCESS
add_player_cards: SUCCESS
get_player_cards: SUCCESS, 1843
add_player: SUCCESS
get_team_points: SUCCESS, 0
add_player_cards: SUCCESS
get_player_cards: SUCCESS, 53
remove_team: SUCCESS
add_player_cards: SUCCESS
get_team_points: SUCCESS, 0
get_player_cards: SUCCESS, 981
add_player: SUCCESS
get_ith_pointless_ability: SUCCESS, 734
remove_team: SUCCESS
get_player_cards: SUCCESS, 2735
get_player_cards: SUCCESS, 1264
get_player_cards: SUCCESS, 492
get_player_cards: SUCCESS, 53
get_player_cards: SUCCESS, 627
get_player_cards: SUCCESS, 124
add_team: SUCCESS
get_ith_pointless_ability: SUCCESS, 650
get_team_points: SUCCESS, 0
add_player: SUCCESS
add_player: SUCCESS
add_player: SUCCESS
get_ith_pointless_ability: SUCCESS, 650
get_team_points: SUCCESS, 0
add_team: SUCCESS
add_team: SUCCESS
buy_team: SUCCESS
add_team: SUCCESS
add_team: SUCCESS
get_ith_pointless_ability: SUCCESS, 944
buy_team: SUCCESS
buy_team: SUCCESS
remove_team: SUCCESS
get_team_points: SUCCESS, 0
get_ith_pointless_ability: SUCCESS, 650
get_ith_pointless_ability: SUCCESS, 650
get_ith_pointless_ability: SUCCESS, 650
get_team_points: SUCCESS, 0
remove_team: SUCCESS
get_player_cards: SUCCESS, 124
add_team: SUCCESS
get_team_points: SUCCESS, 0
get_team_points: SUCCESS, 0
remove_team: SUCCESS
add_team: SUCCESS
get_player_cards: SUCCESS, 633
remove_team: SUCCESS
get_player_cards: SUCCESS, 858
add_team: SUCCESS
get_player_cards: SUCCESS, 722
get_team_points: SUCCESS, 0
get_ith_pointless_ability: SUCCESS, 165
get_team_points: SUCCESS, 0
get_player_cards: SUCCESS, 869
remove_team: SUCCESS
get_player_cards: SUCCESS, 858
get_player_cards: SUCCESS, 1843
add_team: SUCCESS
get_ith_pointless_ability: SUCCESS, 816
add_player: SUCCESS
remove_team: SUCCESS
add_team: SUCCESS
get_ith_pointless_ability: SUCCESS, 77
add_player: SUCCESS
add_player: SUCCESS
get_team_points: SUCCESS, 0
get_player_cards: SUCCESS, 137
remove_team: SUCCESS
add_team: SUCCESS
remove_team: SUCCESS
get_player_cards: SUCCESS, 525
get_player_cards: SUCCESS, 407
add_team: SUCCESS
add_team: SUCCESS
get_team_points: SUCCESS, 0
remove_team: SUCCESS
add_player: SUCCESS
add_player_cards: SUCCESS
add_player: SUCCESS
get_player_cards: SUCCESS, 869
get_ith_pointless_ability: SUCCESS, 986
get_ith_pointless_ability: SUCCESS, 986
add_team: SUCCESS
remove_team: SUCCESS
get_ith_pointless_ability: SUCCESS, 986
get_ith_pointless_ability: SUCCESS, 986
remove_team: SUCCESS
add_team: SUCCESS
add_player: SUCCESS
remove_team: SUCCESS
get_player_cards: SUCCESS, 627
get_player_cards: SUCCESS, 632
get_player_cards: SUCCESS, 707
get_player_cards: SUCCESS, 986
get_player_cards: SUCCESS, 632
get_player_cards: SUCCESS, 1007
add_team: SUCCESS
add_player: SUCCESS
add_player: SUCCESS
remove_team: SUCCESS
add_team: SUCCESS
add_player: SUCCESS
add_team: SUCCESS
remove_team: SUCCESS
add_player: SUCCESS
add_player_cards: SUCCESS
remove_team: SUCCESS
get_player_cards: SUCCESS, 53
get_player_cards: SUCCESS, 103
get_player_cards: SUCCESS, 1007
get_player_cards: SUCCESS, 124
get_player_cards: SUCCESS, 986
get_player_cards: SUCCESS, 483
get_player_cards: SUCCESS, 1264
add_team: SUCCESS
add_player: SUCCESS
remove_team: SUCCESS
get_player_cards: SUCCESS, 483
get_player_cards: SUCCESS, 627
add_team: SUCCESS
get_ith_pointless_ability: SUCCESS, 998
remove_team: SUCCESS
get_player_cards: SUCCESS, 707
add_team: SUCCESS
add_player: SUCCESS
add_team: SUCCESS
add_team: SUCCESS
buy_team: SUCCESS
add_team: SUCCESS
get_player_cards: SUCCESS, 834
buy_team: SUCCESS
add_player_cards: SUCCESS
add_team: SUCCESS
get_player_cards: SUCCESS, 1229
add_player: SUCCESS
get_player_cards: SUCCESS, 283
add_team: SUCCESS
remove_team: SUCCESS
buy_team: SUCCESS
remove_team: SUCCESS
remove_team: SUCCESS
add_team: SUCCESS
get_team_points: SUCCESS, 0
remove_team: SUCCESS
get_player_cards: SUCCESS, 858
add_team: SUCCESS
add_player: SUCCESS
get_player_cards: SUCCESS, 781
add_team: SUCCESS
add_player: SUCCESS
get_team_points: SUCCESS, 0
get_team_points: SUCCESS, 0
get_player_cards: SUCCESS, 781
add_team: SUCCESS
buy_team: SUCCESS
get_ith_pointless_ability: SUCCESS, 262
get_team_points: SUCCESS, 0
get_ith_pointless_ability: SUCCESS, 340
get_player_cards: SUCCESS, 147
get_player_cards: SUCCESS, 988
add_player: SUCCESS
get_player_cards: SUCCESS, 781
add_player: SUCCESS
get_player_cards: SUCCESS, 722
add_team: SUCCESS
get_ith_pointless_ability: SUCCESS, 331
add_player_cards: SUCCESS
buy_team: SUCCESS
remove_team: SUCCESS
remove_team: SUCCESS
add_team: SUCCESS
remove_team: SUCCESS
get_player_cards: SUCCESS, 595
get_player_cards: SUCCESS, 595
get_player_cards: SUCCESS, 1859
get_player_cards: SUCCESS, 632
get_player_cards: SUCCESS, 300
add_team: SUCCESS
remove_team: SUCCESS
get_player_cards: SUCCESS, 492
get_player_cards: SUCCESS, 135
add_team: SUCCESS
get_player_cards: SUCCESS, 986
get_team_points: SUCCESS, 0
get_team_points: SUCCESS, 0
add_player: SUCCESS
get_team_points: SUCCESS, 0
add_player_cards: SUCCESS
get_player_cards: SUCCESS, 735
add_player_cards: SUCCESS
add_player: SUCCESS
get_team_points: SUCCESS, 0
get_ith_pointless_ability: SUCCESS, 79
get_team_points: SUCCESS, 0
get_player_cards: SUCCESS, 622
remove_team: SUCCESS
add_team: SUCCESS
get_ith_pointless_ability: SUCCESS, 519
get_ith_pointless_ability: SUCCESS, 519
remove_team: SUCCESS
get_player_cards: SUCCESS, 53
get_player_cards: SUCCESS, 986
add_team: SUCCESS
remove_team: SUCCESS
add_team: SUCCESS
add_player: SUCCESS
get_player_cards: SUCCESS, 270
get_player_cards: SUCCESS, 1248
add_player_cards: SUCCESS
get_player_cards: SUCCESS, 1802
add_team: SUCCESS
add_team: SUCCESS
remove_team: SUCCESS
add_player: SUCCESS
add_player: SUCCESS
add_player: SUCCESS
add_player_cards: SUCCESS
remove_team: SUCCESS
get_ith_pointless_ability: SUCCESS, 691
get_team_points: SUCCESS, 0
get_player_cards: SUCCESS, 285
get_team_points: SUCCESS, 0
get_player_cards: SUCCESS, 285
get_player_cards: SUCCESS, 1229
get_player_cards: SUCCESS, 492
get_player_cards: SUCCESS, 1578
get_player_cards: SUCCESS, 285
remove_team: SUCCESS
get_player_cards: SUCCESS, 237
add_team: SUCCESS
get_player_cards: SUCCESS, 129
add_team: SUCCESS
get_player_cards: SUCCESS, 283
get_team_points: SUCCESS, 0
remove_team: SUCCESS
get_team_points: SUCCESS, 0
get_player_cards: SUCCESS, 981
add_player: SUCCESS
get_team_points: SUCCESS, 0
add_player: SUCCESS
remove_team: SUCCESS
get_player_cards: SUCCESS, 124
add_team: SUCCESS
add_player: SUCCESS
add_team: SUCCESS
add_team: SUCCESS
get_team_points: SUCCESS, 0
get_ith_pointless_ability: SUCCESS, 579
get_team_points: SUCCESS, 0
add_player: SUCCESS
buy_team: SUCCESS
add_player_cards: SUCCESS
get_team_points: SUCCESS, 0
get_ith_pointless_ability: SUCCESS, 508
add_team: SUCCESS
get_team_points: SUCCESS, 0
buy_team: SUCCESS
remove_team: SUCCESS
add_player_cards: SUCCESS
add_player_cards: SUCCESS
get_team_points: SUCCESS, 0
get_team_points: SUCCESS, 0
get_ith_pointless_ability: SUCCESS, 904
get_player_cards: SUCCESS, 1861
remove_team: SUCCESS
get_player_cards: SUCCESS, 777
add_team: SUCCESS
add_player: SUCCESS
get_player_cards: SUCCESS, 981
remove_team: SUCCESS
add_team: SUCCESS
get_team_points: SUCCESS, 0
add_player: SUCCESS
get_ith_pointless_ability: SUCCESS, 12
get_player_cards: SUCCESS, 161
add_team: SUCCESS
add_player_cards: SUCCESS
get_ith_pointless_ability: SUCCESS, 954
remove_team: SUCCESS
get_ith_pointless_ability: SUCCESS, 954
remove_team: SUCCESS
get_player_cards: SUCCESS, 135
add_team: SUCCESS
get_ith_pointless_ability: SUCCESS, 557
get_player_cards: SUCCESS, 237
remove_team: SUCCESS
add_team: SUCCESS
add_team: SUCCESS
add_player: SUCCESS
get_player_cards: SUCCESS, 1229
get_player_cards: SUCCESS, 685
get_player_cards: SUCCESS, 685
add_team: SUCCESS
buy_team: SUCCESS
add_player: SUCCESS
remove_team: SUCCESS
get_player_cards: SUCCESS, 300
get_player_cards: SUCCESS, 1861
add_player: SUCCESS
remove_team: SUCCESS
get_player_cards: SUCCESS, 135
add_team: SUCCESS
get_ith_pointless_ability: FAILURE
remove_team: SUCCESS
add_player_cards: FAILURE
get_ith_pointless_ability: FAILURE
get_player_cards: FAILURE
get_ith_pointless_ability: FAILURE
get_ith_pointless_ability: FAILURE
get_ith_pointless_ability: FAILURE
remove_team: FAILURE
get_team_points: FAILURE
add_player_cards: FAILURE
add_player_cards: FAILURE
add_player_cards: FAILURE
get_ith_pointless_ability: FAILURE
add_team: SUCCESS
get_player_cards: SUCCESS, 632
add_player: SUCCESS
get_player_cards: FAILURE
get_team_points: FAILURE
get_ith_pointless_ability: SUCCESS, 562
remove_team: SUCCESS
get_team_points: FAILURE
add_player_cards: FAILURE
add_player_cards: FAILURE
add_player_cards: FAILURE
get_ith_pointless_ability: FAILURE
remove_team: FAILURE
remove_team: FAILURE
get_team_points: FAILURE
add_team: SUCCESS
remove_team: FAILURE
add_player_cards: FAILURE
add_team: FAILURE
add_team: SUCCESS
buy_team: FAILURE
get_player_cards: FAILURE
add_player_cards: FAILURE
add_player: FAILURE
get_team_points: FAILURE
remove_team: FAILURE
get_team_points: SUCCESS, 0
play_match: FAILURE
get_team_points: FAILURE
add_player: FAILURE
add_team: FAILURE
buy_team: FAILURE
get_ith_pointless_ability: FAILURE
add_team: FAILURE
buy_team: FAILURE
get_player_cards: FAILURE
buy_team: FAILURE
remove_team: FAILURE
add_player: FAILURE
remove_team: FAILURE
add_team: SUCCESS
buy_team: SUCCESS
get_team_points: FAILURE
buy_team: FAILURE
remove_team: SUCCESS
get_team_points: FAILURE
get_team_points: SUCCESS, 0
get_team_points: SUCCESS, 0
add_team: SUCCESS
buy_team: FAILURE
buy_team: FAILURE
get_ith_pointless_ability: SUCCESS, 646
buy_team: FAILURE
buy_team: FAILURE
buy_team: FAILURE
add_player: SUCCESS
add_team: FAILURE
add_player_cards: SUCCESS
get_player_cards: SUCCESS, 1898
play_match: FAILURE
get_player_cards: FAILURE
add_player: SUCCESS
add_player_cards: SUCCESS
buy_team: FAILURE
buy_team: FAILURE
add_player: FAILURE
buy_team: FAILURE
get_team_points: SUCCESS, 0
buy_team: FAILURE
buy_team: FAILURE
get_ith_pointless_ability: SUCCESS, 646
buy_team: FAILURE
get_team_points: FAILURE
get_team_points: SUCCESS, 0
get_team_points: SUCCESS, 0
play_match: FAILURE
buy_team: FAILURE
remove_team: FAILURE
buy_team: FAILURE
buy_team: FAILURE
buy_team: FAILURE
get_player_cards: FAILURE
buy_team: FAILURE
play_match: FAILURE
get_ith_pointless_ability: SUCCESS, 646
buy_team: FAILURE
buy_team: FAILURE
buy_team: FAILURE
buy_team: FAILURE
remove_team: SUCCESS
add_team: FAILURE
add_player: FAILURE
add_player_cards: SUCCESS
get_team_points: FAILURE
add_team: SUCCESS
buy_team: FAILURE
play_match: FAILURE
remove_team: SUCCESS
get_player_cards: FAILURE
get_player_cards: FAILURE
remove_team: SUCCESS
get_ith_pointless_ability: FAILURE
get_player_cards: SUCCESS, 2735
add_player_cards: FAILURE
add_player: FAILURE
get_team_points: FAILURE
get_ith_pointless_ability: FAILURE
get_ith_pointless_ability: FAILURE
remove_team: FAILURE
get_team_points: FAILURE
get_ith_pointless_ability: FAILURE
remove_team: FAILURE
remove_team: FAILURE
add_team: SUCCESS
get_player_cards: SUCCESS, 13
remove_team: FAILURE
add_player_cards: FAILURE
add_team: SUCCESS
play_match: FAILURE
buy_team: FAILURE
get_player_cards: SUCCESS, 124
buy_team: FAILURE
buy_team: FAILURE
buy_team: FAILURE
add_player: SUCCESS
buy_team: FAILURE
add_team: SUCCESS
add_player: SUCCESS
buy_team: SUCCESS
remove_team: FAILURE
buy_team: FAILURE
buy_team: FAILURE
buy_team: FAILURE
add_team: FAILURE
buy_team: FAILURE
get_team_points: SUCCESS, 0
get_player_cards: SUCCESS, 1843
add_player_cards: FAILURE
buy_team: FAILURE
add_player: SUCCESS
get_player_cards: FAILURE
add_player: FAILURE
buy_team: FAILURE
buy_team: FAILURE
get_player_cards: FAILURE
get_team_points: FAILURE
get_ith_pointless_ability: FAILURE
buy_team: FAILURE
buy_team: FAILURE
get_player_cards: FAILURE
get_player_cards: SUCCESS, 379
buy_team: FAILURE
add_player: SUCCESS
play_match: FAILURE
add_player: FAILURE
buy_team: FAILURE
play_match: FAILURE
add_player_cards: FAILURE
get_team_points: FAILURE
buy_team: FAILURE
buy_team: FAILURE
remove_team: SUCCESS
add_player_cards: SUCCESS
add_team: FAILURE
add_player_cards: SUCCESS
add_player: SUCCESS
add_team: SUCCESS
buy_team: FAILURE
remove_team: SUCCESS
get_player_cards: FAILURE
add_player_cards: FAILURE
get_player_cards: FAILURE
add_player: SUCCESS
get_team_points: FAILURE
remove_team: FAILURE
get_player_cards: FAILURE
add_player: SUCCESS
add_team: SUCCESS
play_match: FAILURE
get_player_cards: FAILURE
get_team_points: FAILURE
buy_team: FAILURE
buy_team: FAILURE
buy_team: FAILURE
buy_team: FAILURE
get_team_points: FAILURE
get_ith_pointless_ability: FAILURE
buy_team: FAILURE
add_player_cards: FAILURE
buy_team: FAILURE
remove_team: SUCCESS
add_team: FAILURE
get_ith_pointless_ability: SUCCESS, 421
add_player_cards: SUCCESS
remove_team: FAILURE
remove_team: SUCCESS
add_player_cards: FAILURE
add_team: SUCCESS
add_team: FAILURE
add_team: FAILURE
get_ith_pointless_ability: SUCCESS, 622
remove_team: SUCCESS
add_player: FAILURE
get_player_cards: SUCCESS, 869
add_player: FAILURE
get_player_cards: SUCCESS, 923
add_player: FAILURE
get_ith_pointless_ability: FAILURE
get_ith_pointless_ability: FAILURE
add_player: FAILURE
add_player: FAILURE
get_ith_pointless_ability: FAILURE
get_team_points: FAILURE
remove_team: FAILURE
add_team: SUCCESS
get_player_cards: SUCCESS, 595
add_player: SUCCESS
add_team: SUCCESS
buy_team: FAILURE
play_match: FAILURE
buy_team: FAILURE
buy_team: FAILURE
add_team: SUCCESS
add_player_cards: SUCCESS
buy_team: FAILURE
get_ith_pointless_ability: FAILURE
remove_team: FAILURE
add_team: SUCCESS
buy_team: FAILURE
buy_team: SUCCESS
play_match: FAILURE
buy_team: FAILURE
remove_team: FAILURE
add_team: FAILURE
buy_team: SUCCESS
buy_team: FAILURE
add_player_cards: SUCCESS
add_player: SUCCESS
add_team: SUCCESS
remove_team: SUCCESS
remove_team: SUCCESS
add_team: SUCCESS
add_player_cards: SUCCESS
add_team: SUCCESS
buy_team: SUCCESS
get_ith_pointless_ability: SUCCESS, 381
get_ith_pointless_ability: SUCCESS, 617
add_player_cards: SUCCESS
add_player_cards: SUCCESS
get_player_cards: SUCCESS, 1334
add_player: SUCCESS
get_player_cards: SUCCESS, 685
add_player: SUCCESS
get_team_points: SUCCESS, 0
get_team_points: SUCCESS, 0
add_player_cards: SUCCESS
get_ith_pointless_ability: SUCCESS, 617
remove_team: SUCCESS
add_team: SUCCESS
add_player: SUCCESS
add_player_cards: SUCCESS
add_player_cards: SUCCESS
add_player_cards: SUCCESS
add_player: SUCCESS
remove_team: SUCCESS
get_team_points: SUCCESS, 0
get_ith_pointless_ability: SUCCESS, 617
get_player_cards: SUCCESS, 810
get_ith_pointless_ability: SUCCESS, 617
add_team: SUCCESS
get_player_cards: SUCCESS, 931
get_ith_pointless_ability: SUCCESS, 295
remove_team: SUCCESS
get_ith_pointless_ability: SUCCESS, 617
get_ith_pointless_ability: SUCCESS, 617
add_team: SUCCESS
get_ith_pointless_ability: SUCCESS, 617
get_ith_pointless_ability: SUCCESS, 581
get_player_cards: SUCCESS, 931
get_ith_pointless_ability: SUCCESS, 617
add_team: SUCCESS
add_player_cards: SUCCESS
add_player_cards: SUCCESS
get_ith_pointless_ability: SUCCESS, 726
add_team: SUCCESS
add_team: SUCCESS
buy_team: SUCCESS
get_team_points: SUCCESS, 0
add_player: SUCCESS
buy_team: SUCCESS
buy_team: SUCCESS
get_player_cards: SUCCESS, 1010
remove_team: SUCCESS
get_ith_pointless_ability: SUCCESS, 269
get_team_points: SUCCESS, 0
add_player: SUCCESS
add_team: SUCCESS
add_player: SUCCESS
add_player_cards: SUCCESS
add_player: SUCCESS
get_player_cards: SUCCESS, 525
get_player_cards: SUCCESS, 54
get_ith_pointless_ability: SUCCESS, 269
add_player_cards: SUCCESS
get_player_cards: SUCCESS, 1942
add_player: SUCCESS
add_player: SUCCESS
get_ith_pointless_ability: SUCCESS, 269
get_player_cards: SUCCESS, 124
add_player_cards: SUCCESS
add_player: SUCCESS
add_team: SUCCESS
add_player_cards: SUCCESS
add_player: SUCCESS
get_player_cards: SUCCESS, 300
get_team_points: SUCCESS, 0
remove_team: SUCCESS
remove_team: SUCCESS
remove_team: SUCCESS
add_team: SUCCESS
add_player: SUCCESS
get_player_cards: SUCCESS, 380
get_team_points: SUCCESS, 0
add_player_cards: SUCCESS
get_team_points: SUCCESS, 0
get_player_cards: SUCCESS, 746
get_team_points: SUCCESS, 0
add_team: SUCCESS
add_player_cards: SUCCESS
remove_team: SUCCESS
remove_team: SUCCESS
add_team: SUCCESS
get_player_cards: SUCCESS, 41
get_ith_pointless_ability: SUCCESS, 917
get_team_points: SUCCESS, 0
add_player: SUCCESS
add_player: SUCCESS
remove_team: SUCCESS
get_player_cards: SUCCESS, 762
add_team: SUCCESS
add_team: SUCCESS
remove_team: SUCCESS
get_player_cards: SUCCESS, 1942
remove_team: SUCCESS
add_team: SUCCESS
add_team: SUCCESS
add_team: SUCCESS
buy_team: SUCCESS
add_team: SUCCESS
buy_team: SUCCESS
get_ith_pointless_ability: SUCCESS, 942
add_player: SUCCESS
get_ith_pointless_ability: SUCCESS, 942
add_team: SUCCESS
get_player_cards: SUCCESS, 2080
add_player_cards: SUCCESS
buy_team: SUCCESS
get_ith_pointless_ability: SUCCESS, 942
add_player_cards: SUCCESS
get_team_points: SUCCESS, 0
get_team_points: SUCCESS, 0
remove_team: SUCCESS
add_team: SUCCESS
add_player: SUCCESS
add_team: SUCCESS
add_player: SUCCESS
buy_team: SUCCESS
remove_team: SUCCESS
add_player: SUCCESS
add_team: SUCCESS
get_team_points: SUCCESS, 0
get_team_points: SUCCESS, 0
remove_team: SUCCESS
get_team_points: SUCCESS, 0
get_ith_pointless_ability: SUCCESS, 290
add_player: SUCCESS
add_player_cards: SUCCESS
add_player: SUCCESS
add_team: SUCCESS
add_player_cards: SUCCESS
get_team_points: SUCCESS, 0
add_team: SUCCESS
get_team_points: SUCCESS, 0
add_player_cards: SUCCESS
buy_team: SUCCESS
get_player_cards: SUCCESS, 80
remove_team: SUCCESS
add_player: SUCCESS
add_team: SUCCESS
add_player: SUCCESS
remove_team: SUCCESS
add_team: SUCCESS
remove_team: SUCCESS
add_team: SUCCESS
get_ith_pointless_ability: SUCCESS, 290
add_team: SUCCESS
get_ith_pointless_ability: SUCCESS, 834
get_team_points: SUCCESS, 0
buy_team: SUCCESS
add_player: SUCCESS
get_player_cards: SUCCESS, 707
add_player_cards: SUCCESS
get_player_cards: SUCCESS, 595
get_team_points: SUCCESS, 0
get_ith_pointless_ability: SUCCESS, 834
get_player_cards: SUCCESS, 772
get_team_points: SUCCESS, 0
remove_team: SUCCESS
add_team: SUCCESS
add_team: SUCCESS
buy_team: SUCCESS
get_team_points: SUCCESS, 0
get_team_points: SUCCESS, 0
remove_team: SUCCESS
remove_team: SUCCESS
get_player_cards: SUCCESS, 525
get_player_cards: SUCCESS, 41
add_team: SUCCESS
get_ith_pointless_ability: SUCCESS, 268
get_player_cards: SUCCESS, 194
get_ith_pointless_ability: SUCCESS, 268
add_player: SUCCESS
remove_team: SUCCESS
get_player_cards: SUCCESS, 1007
get_player_cards: SUCCESS, 1099
add_team: SUCCESS
get_player_cards: SUCCESS, 735
get_ith_pointless_ability: SUCCESS, 655
add_team: SUCCESS
get_team_points: SUCCESS, 0
add_team: SUCCESS
buy_team: SUCCESS
get_player_cards: SUCCESS, 1802
remove_team: SUCCESS
add_player: SUCCESS
get_team_points: SUCCESS, 0
get_team_points: SUCCESS, 0
add_player_cards: SUCCESS
remove_team: SUCCESS
add_team: SUCCESS
get_ith_pointless_ability: SUCCESS, 645
get_player_cards: SUCCESS, 483
get_ith_pointless_ability: SUCCESS, 645
get_team_points: SUCCESS, 0
add_team: SUCCESS
get_team_points: SUCCESS, 0
remove_team: SUCCESS
get_player_cards: SUCCESS, 137
get_team_points: SUCCESS, 0
get_ith_pointless_ability: SUCCESS, 980
add_player: SUCCESS
get_player_cards: SUCCESS, 803
add_player: SUCCESS
remove_team: SUCCESS
add_team: SUCCESS
add_player: SUCCESS
add_player_cards: SUCCESS
remove_team: SUCCESS
get_player_cards: SUCCESS, 1248
get_player_cards: SUCCESS, 41
get_player_cards: SUCCESS, 12
get_player_cards: SUCCESS, 1802
add_team: SUCCESS
get_ith_pointless_ability: SUCCESS, 626
add_player: SUCCESS
get_ith_pointless_ability: SUCCESS, 626
get_team_points: SUCCESS, 0
add_player_cards: SUCCESS
remove_team: SUCCESS
add_team: SUCCESS
get_player_cards: SUCCESS, 399
get_team_points: SUCCESS, 0
get_ith_pointless_ability: SUCCESS, 279
get_team_points: SUCCESS, 0
get_ith_pointless_ability: SUCCESS, 279
get_team_points: SUCCESS, 0
get_ith_pointless_ability: SUCCESS, 279
get_player_cards: SUCCESS, 610
remove_team: SUCCESS
get_player_cards: SUCCESS, 103
add_team: SUCCESS
remove_team: SUCCESS
get_player_cards: SUCCESS, 1578
get_player_cards: SUCCESS, 124
get_player_cards: SUCCESS, 585
get_player_cards: SUCCESS, 1413
