add_team: SUCCESS
get_team_points: SUCCESS, 0
get_ith_pointless_ability: SUCCESS, 650
remove_team: SUCCESS
add_team: SUCCESS
add_player: SUCCESS
add_player_cards: SUCCESS
get_team_points: SUCCESS, 0
remove_team: SUCCESS
get_player_cards: SUCCESS, 1127
add_team: SUCCESS
add_team: SUCCESS
get_team_points: SUCCESS, 0
get_team_points: SUCCESS, 0
get_player_cards: SUCCESS, 1127
get_player_cards: SUCCESS, 1127
get_player_cards: SUCCESS, 1127
remove_team: SUCCESS
get_team_points: SUCCESS, 0
get_player_cards: SUCCESS, 1127
add_team: SUCCESS
add_team: SUCCESS
get_ith_pointless_ability: SUCCESS, 609
get_ith_pointless_ability: SUCCESS, 645
get_player_cards: SUCCESS, 1127
get_player_cards: SUCCESS, 1127
remove_team: SUCCESS
get_player_cards: SUCCESS, 1127
add_player: SUCCESS
add_team: SUCCESS
add_player: SUCCESS
add_player_cards: SUCCESS
add_player_cards: SUCCESS
add_player: SUCCESS
add_player_cards: SUCCESS
add_team: SUCCESS
get_player_cards: SUCCESS, 1127
add_player_cards: SUCCESS
get_player_cards: SUCCESS, 1029
add_player: SUCCESS
get_ith_pointless_ability: SUCCESS, 388
remove_team: SUCCESS
add_team: SUCCESS
add_player_cards: SUCCESS
remove_team: SUCCESS
get_ith_pointless_ability: SUCCESS, 554
get_ith_pointless_ability: SUCCESS, 862
add_player_cards: SUCCESS
add_team: SUCCESS
get_player_cards: SUCCESS, 1487
remove_team: SUCCESS
remove_team: SUCCESS
get_player_cards: SUCCESS, 1487
get_team_points: SUCCESS, 0
add_player: SUCCESS
add_team: SUCCESS
get_player_cards: SUCCESS, 529
get_team_points: SUCCESS, 0
get_player_cards: SUCCESS, 1487
add_player: SUCCESS
add_team: SUCCESS
get_ith_pointless_ability: SUCCESS, 289
get_team_points: SUCCESS, 0
add_team: SUCCESS
add_player: SUCCESS
get_ith_pointless_ability: SUCCESS, 717
get_ith_pointless_ability: SUCCESS, 554
add_player_cards: SUCCESS
add_player_cards: SUCCESS
get_player_cards: SUCCESS, 480
remove_team: SUCCESS
get_team_points: SUCCESS, 0
get_player_cards: SUCCESS, 839
add_player_cards: SUCCESS
remove_team: SUCCESS
add_team: SUCCESS
get_ith_pointless_ability: SUCCESS, 554
get_team_points: SUCCESS, 0
add_player_cards: SUCCESS
add_player: SUCCESS
get_ith_pointless_ability: SUCCESS, 717
get_ith_pointless_ability: SUCCESS, 429
get_ith_pointless_ability: SUCCESS, 537
remove_team: SUCCESS
add_team: SUCCESS
add_player_cards: SUCCESS
get_player_cards: SUCCESS, 1428
remove_team: SUCCESS
add_team: SUCCESS
add_team: SUCCESS
remove_team: SUCCESS
remove_team: SUCCESS
add_player: SUCCESS
get_player_cards: SUCCESS, 859
remove_team: SUCCESS
remove_team: SUCCESS
add_team: SUCCESS
add_team: SUCCESS
remove_team: SUCCESS
add_team: SUCCESS
get_player_cards: SUCCESS, 1428
get_player_cards: SUCCESS, 1127
get_ith_pointless_ability: SUCCESS, 896
remove_team: SUCCESS
get_team_points: SUCCESS, 0
add_player: SUCCESS
add_player_cards: SUCCESS
add_team: SUCCESS
get_player_cards: SUCCESS, 859
add_player: SUCCESS
remove_team: SUCCESS
get_ith_pointless_ability: SUCCESS, 611
add_team: SUCCESS
add_player_cards: SUCCESS
get_team_points: SUCCESS, 0
add_player_cards: SUCCESS
get_team_points: SUCCESS, 0
add_team: SUCCESS
add_player: SUCCESS
get_ith_pointless_ability: SUCCESS, 198
get_team_points: SUCCESS, 0
get_ith_pointless_ability: SUCCESS, 426
get_ith_pointless_ability: SUCCESS, 426
add_player_cards: SUCCESS
add_team: SUCCESS
get_player_cards: SUCCESS, 1740
get_player_cards: SUCCESS, 1740
get_ith_pointless_ability: SUCCESS, 198
remove_team: SUCCESS
get_ith_pointless_ability: SUCCESS, 426
add_player_cards: SUCCESS
remove_team: SUCCESS
add_team: SUCCESS
get_ith_pointless_ability: SUCCESS, 159
get_ith_pointless_ability: SUCCESS, 655
add_team: SUCCESS
add_team: SUCCESS
get_team_points: SUCCESS, 0
add_team: SUCCESS
get_ith_pointless_ability: SUCCESS, 244
get_player_cards: SUCCESS, 52
add_team: SUCCESS
add_player: SUCCESS
get_player_cards: SUCCESS, 52
get_ith_pointless_ability: SUCCESS, 426
get_player_cards: SUCCESS, 52
get_team_points: SUCCESS, 0
get_team_points: SUCCESS, 0
add_team: SUCCESS
remove_team: SUCCESS
get_ith_pointless_ability: SUCCESS, 426
get_ith_pointless_ability: SUCCESS, 709
add_team: SUCCESS
get_ith_pointless_ability: SUCCESS, 510
get_team_points: SUCCESS, 0
add_player_cards: SUCCESS
remove_team: SUCCESS
remove_team: SUCCESS
get_team_points: SUCCESS, 0
add_player_cards: SUCCESS
get_team_points: SUCCESS, 0
get_ith_pointless_ability: SUCCESS, 655
get_ith_pointless_ability: SUCCESS, 510
add_player_cards: SUCCESS
add_team: SUCCESS
add_team: SUCCESS
add_player: SUCCESS
add_player_cards: SUCCESS
get_player_cards: SUCCESS, 2394
add_player: SUCCESS
remove_team: SUCCESS
add_player_cards: SUCCESS
add_player_cards: SUCCESS
get_ith_pointless_ability: SUCCESS, 709
remove_team: SUCCESS
remove_team: SUCCESS
add_player: SUCCESS
add_player: SUCCESS
get_team_points: SUCCESS, 0
get_player_cards: SUCCESS, 240
add_team: SUCCESS
add_player_cards: SUCCESS
get_team_points: SUCCESS, 0
get_player_cards: SUCCESS, 480
remove_team: SUCCESS
get_team_points: SUCCESS, 0
get_ith_pointless_ability: SUCCESS, 709
add_team: SUCCESS
add_team: SUCCESS
remove_team: SUCCESS
get_player_cards: SUCCESS, 680
remove_team: SUCCESS
get_ith_pointless_ability: SUCCESS, 312
get_team_points: SUCCESS, 0
add_player: SUCCESS
get_ith_pointless_ability: SUCCESS, 125
get_player_cards: SUCCESS, 870
get_player_cards: SUCCESS, 870
get_player_cards: SUCCESS, 870
get_player_cards: SUCCESS, 1127
remove_team: SUCCESS
add_player: SUCCESS
get_player_cards: SUCCESS, 870
add_player_cards: SUCCESS
get_player_cards: SUCCESS, 683
add_team: SUCCESS
add_player: SUCCESS
add_player_cards: SUCCESS
get_player_cards: SUCCESS, 1539
get_player_cards: SUCCESS, 1539
add_team: SUCCESS
get_ith_pointless_ability: SUCCESS, 936
get_player_cards: SUCCESS, 718
add_team: SUCCESS
get_team_points: SUCCESS, 0
add_player_cards: SUCCESS
add_player: SUCCESS
get_player_cards: SUCCESS, 1183
get_player_cards: SUCCESS, 1187
get_ith_pointless_ability: SUCCESS, 180
get_ith_pointless_ability: SUCCESS, 42
get_team_points: SUCCESS, 0
get_team_points: SUCCESS, 0
add_team: SUCCESS
add_player: SUCCESS
add_player_cards: SUCCESS
get_player_cards: SUCCESS, 1127
get_player_cards: SUCCESS, 859
add_player_cards: SUCCESS
get_team_points: SUCCESS, 0
add_player_cards: SUCCESS
get_ith_pointless_ability: SUCCESS, 312
get_team_points: SUCCESS, 0
remove_team: SUCCESS
add_player_cards: SUCCESS
remove_team: SUCCESS
get_team_points: SUCCESS, 0
get_team_points: SUCCESS, 0
get_player_cards: SUCCESS, 1487
get_team_points: SUCCESS, 0
get_player_cards: SUCCESS, 683
get_ith_pointless_ability: SUCCESS, 996
get_player_cards: SUCCESS, 282
add_player_cards: SUCCESS
get_team_points: SUCCESS, 0
add_player_cards: SUCCESS
remove_team: SUCCESS
get_team_points: SUCCESS, 0
remove_team: SUCCESS
add_player: SUCCESS
add_player: SUCCESS
add_player_cards: SUCCESS
get_player_cards: SUCCESS, 3331
add_team: SUCCESS
get_player_cards: SUCCESS, 279
add_player: SUCCESS
get_player_cards: SUCCESS, 1127
add_player: SUCCESS
add_player_cards: SUCCESS
add_player: SUCCESS
add_player_cards: SUCCESS
add_player: SUCCESS
remove_team: SUCCESS
get_team_points: SUCCESS, 0
get_player_cards: SUCCESS, 282
add_player_cards: SUCCESS
get_team_points: SUCCESS, 0
get_player_cards: SUCCESS, 2212
add_team: SUCCESS
add_team: SUCCESS
add_team: SUCCESS
remove_team: SUCCESS
get_player_cards: SUCCESS, 510
get_team_points: SUCCESS, 0
get_ith_pointless_ability: SUCCESS, 125
get_player_cards: SUCCESS, 240
add_player_cards: SUCCESS
get_player_cards: SUCCESS, 1127
get_player_cards: SUCCESS, 1029
get_ith_pointless_ability: SUCCESS, 996
add_player: SUCCESS
add_player: SUCCESS
get_ith_pointless_ability: SUCCESS, 7
get_ith_pointless_ability: SUCCESS, 282
remove_team: SUCCESS
add_player_cards: SUCCESS
get_team_points: SUCCESS, 0
get_ith_pointless_ability: SUCCESS, 7
add_player: SUCCESS
add_team: SUCCESS
add_player_cards: SUCCESS
get_player_cards: SUCCESS, 1029
add_player: SUCCESS
add_team: SUCCESS
add_player_cards: SUCCESS
add_player_cards: SUCCESS
add_team: SUCCESS
get_ith_pointless_ability: SUCCESS, 211
add_player_cards: SUCCESS
get_ith_pointless_ability: SUCCESS, 622
get_player_cards: SUCCESS, 1740
add_player: SUCCESS
get_player_cards: SUCCESS, 861
add_player_cards: SUCCESS
get_ith_pointless_ability: SUCCESS, 7
add_player_cards: SUCCESS
add_player: SUCCESS
add_player_cards: SUCCESS
add_player_cards: SUCCESS
add_player: SUCCESS
remove_team: SUCCESS
get_team_points: SUCCESS, 0
add_player: SUCCESS
add_team: SUCCESS
add_team: SUCCESS
add_player_cards: SUCCESS
add_team: SUCCESS
add_team: SUCCESS
add_player: SUCCESS
add_team: SUCCESS
get_player_cards: SUCCESS, 1518
add_player: SUCCESS
add_player_cards: SUCCESS
add_player_cards: SUCCESS
get_ith_pointless_ability: SUCCESS, 360
get_ith_pointless_ability: SUCCESS, 213
get_ith_pointless_ability: SUCCESS, 931
get_team_points: SUCCESS, 0
get_player_cards: SUCCESS, 238
get_ith_pointless_ability: SUCCESS, 927
add_player_cards: SUCCESS
get_team_points: SUCCESS, 0
remove_team: SUCCESS
add_player_cards: SUCCESS
get_ith_pointless_ability: SUCCESS, 211
get_player_cards: SUCCESS, 1218
remove_team: SUCCESS
remove_team: SUCCESS
add_player_cards: SUCCESS
get_team_points: SUCCESS, 0
get_ith_pointless_ability: SUCCESS, 637
get_player_cards: SUCCESS, 238
get_player_cards: SUCCESS, 510
add_player: SUCCESS
get_ith_pointless_ability: SUCCESS, 40
remove_team: SUCCESS
add_team: SUCCESS
get_team_points: SUCCESS, 0
remove_team: SUCCESS
add_player: SUCCESS
get_ith_pointless_ability: SUCCESS, 397
remove_team: SUCCESS
get_player_cards: SUCCESS, 1775
remove_team: SUCCESS
get_ith_pointless_ability: SUCCESS, 7
get_ith_pointless_ability: SUCCESS, 7
get_player_cards: SUCCESS, 1218
get_player_cards: SUCCESS, 305
get_team_points: SUCCESS, 0
get_ith_pointless_ability: SUCCESS, 40
get_ith_pointless_ability: SUCCESS, 213
add_team: SUCCESS
get_ith_pointless_ability: SUCCESS, 40
remove_team: SUCCESS
get_player_cards: SUCCESS, 2063
get_team_points: SUCCESS, 0
add_team: SUCCESS
add_player: SUCCESS
remove_team: SUCCESS
add_team: SUCCESS
add_player_cards: SUCCESS
get_team_points: SUCCESS, 0
remove_team: SUCCESS
get_team_points: SUCCESS, 0
remove_team: SUCCESS
add_player: SUCCESS
remove_team: SUCCESS
remove_team: SUCCESS
add_player_cards: SUCCESS
get_ith_pointless_ability: SUCCESS, 7
get_ith_pointless_ability: SUCCESS, 622
get_team_points: SUCCESS, 0
add_player: SUCCESS
get_player_cards: SUCCESS, 437
get_ith_pointless_ability: SUCCESS, 622
add_player_cards: SUCCESS
get_team_points: SUCCESS, 0
get_team_points: SUCCESS, 0
add_team: SUCCESS
add_player_cards: SUCCESS
get_player_cards: SUCCESS, 4113
get_player_cards: SUCCESS, 1428
add_player_cards: SUCCESS
add_player_cards: SUCCESS
add_player_cards: SUCCESS
get_team_points: SUCCESS, 0
get_ith_pointless_ability: SUCCESS, 213
remove_team: SUCCESS
add_team: SUCCESS
get_ith_pointless_ability: SUCCESS, 622
get_ith_pointless_ability: SUCCESS, 213
get_team_points: SUCCESS, 0
get_ith_pointless_ability: SUCCESS, 213
remove_team: SUCCESS
remove_team: SUCCESS
add_team: SUCCESS
add_player_cards: SUCCESS
get_player_cards: SUCCESS, 1218
add_player_cards: SUCCESS
add_team: SUCCESS
add_player_cards: SUCCESS
remove_team: SUCCESS
get_player_cards: SUCCESS, 1183
add_player_cards: SUCCESS
remove_team: SUCCESS
add_player: SUCCESS
add_player_cards: SUCCESS
add_team: SUCCESS
add_player: SUCCESS
get_player_cards: SUCCESS, 846
add_player_cards: SUCCESS
get_player_cards: SUCCESS, 510
get_player_cards: SUCCESS, 0
get_ith_pointless_ability: SUCCESS, 126
add_player_cards: SUCCESS
add_player: SUCCESS
remove_team: SUCCESS
get_player_cards: SUCCESS, 71
add_player_cards: SUCCESS
get_ith_pointless_ability: SUCCESS, 126
get_team_points: SUCCESS, 0
get_player_cards: SUCCESS, 305
get_ith_pointless_ability: SUCCESS, 126
add_player: SUCCESS
get_ith_pointless_ability: SUCCESS, 622
add_player_cards: SUCCESS
add_team: SUCCESS
add_player_cards: SUCCESS
add_team: SUCCESS
get_team_points: SUCCESS, 0
get_team_points: SUCCESS, 0
get_team_points: SUCCESS, 0
remove_team: SUCCESS
get_team_points: SUCCESS, 0
remove_team: SUCCESS
add_team: SUCCESS
get_team_points: SUCCESS, 0
get_player_cards: SUCCESS, 733
add_player: SUCCESS
add_player_cards: SUCCESS
get_ith_pointless_ability: SUCCESS, 237
remove_team: SUCCESS
get_player_cards: SUCCESS, 1309
get_player_cards: SUCCESS, 1775
get_player_cards: SUCCESS, 4859
add_team: SUCCESS
add_player_cards: SUCCESS
add_team: SUCCESS
add_player_cards: SUCCESS
add_player_cards: SUCCESS
add_player_cards: SUCCESS
add_player_cards: SUCCESS
get_player_cards: SUCCESS, 5098
get_ith_pointless_ability: SUCCESS, 622
add_team: SUCCESS
add_player: SUCCESS
get_player_cards: SUCCESS, 2990
add_player: SUCCESS
add_player_cards: SUCCESS
add_player: SUCCESS
add_player: SUCCESS
add_team: SUCCESS
remove_team: SUCCESS
get_ith_pointless_ability: SUCCESS, 420
add_player: SUCCESS
add_player: SUCCESS
remove_team: SUCCESS
add_team: SUCCESS
get_ith_pointless_ability: SUCCESS, 237
get_player_cards: SUCCESS, 1187
add_team: SUCCESS
get_player_cards: SUCCESS, 2212
get_ith_pointless_ability: SUCCESS, 593
remove_team: SUCCESS
add_player: SUCCESS
get_player_cards: SUCCESS, 279
add_player_cards: SUCCESS
get_ith_pointless_ability: SUCCESS, 237
get_team_points: SUCCESS, 0
add_player_cards: SUCCESS
get_player_cards: SUCCESS, 1029
get_player_cards: SUCCESS, 846
get_player_cards: SUCCESS, 238
get_player_cards: SUCCESS, 2193
get_ith_pointless_ability: SUCCESS, 593
add_player: SUCCESS
add_player_cards: SUCCESS
add_player_cards: SUCCESS
remove_team: SUCCESS
add_player_cards: SUCCESS
add_player_cards: FAILURE
play_match: FAILURE
play_match: FAILURE
get_ith_pointless_ability: SUCCESS, 593
add_player: FAILURE
get_team_points: SUCCESS, 0
get_player_cards: FAILURE
add_player_cards: SUCCESS
get_ith_pointless_ability: FAILURE
remove_team: SUCCESS
get_team_points: FAILURE
get_ith_pointless_ability: SUCCESS, 745
get_team_points: SUCCESS, 0
add_team: SUCCESS
add_player: FAILURE
play_match: FAILURE
add_player: SUCCESS
get_player_cards: SUCCESS, 909
remove_team: SUCCESS
add_player: SUCCESS
get_team_points: FAILURE
play_match: FAILURE
get_player_cards: FAILURE
remove_team: FAILURE
add_player_cards: FAILURE
add_player_cards: SUCCESS
add_player_cards: FAILURE
get_player_cards: SUCCESS, 693
remove_team: SUCCESS
add_player_cards: FAILURE
add_player_cards: FAILURE
add_player_cards: FAILURE
add_player_cards: FAILURE
remove_team: SUCCESS
play_match: FAILURE
get_team_points: SUCCESS, 0
add_player: FAILURE
play_match: FAILURE
add_team: FAILURE
add_player: SUCCESS
add_player: SUCCESS
add_team: SUCCESS
add_player: SUCCESS
add_team: FAILURE
add_team: FAILURE
get_player_cards: SUCCESS, 509
add_player_cards: SUCCESS
play_match: FAILURE
get_ith_pointless_ability: SUCCESS, 283
add_team: FAILURE
add_team: FAILURE
add_team: FAILURE
add_player_cards: SUCCESS
add_player: FAILURE
play_match: FAILURE
add_team: SUCCESS
get_ith_pointless_ability: FAILURE
add_team: SUCCESS
get_player_cards: FAILURE
add_player_cards: FAILURE
add_player: FAILURE
get_ith_pointless_ability: SUCCESS, 283
add_player: FAILURE
remove_team: SUCCESS
add_team: FAILURE
remove_team: SUCCESS
get_player_cards: SUCCESS, 2227
add_player: FAILURE
get_ith_pointless_ability: SUCCESS, 81
add_team: FAILURE
add_player_cards: SUCCESS
add_player: FAILURE
add_player_cards: SUCCESS
add_team: SUCCESS
get_team_points: SUCCESS, 0
add_player_cards: FAILURE
get_player_cards: SUCCESS, 2049
get_player_cards: SUCCESS, 1587
get_team_points: FAILURE
remove_team: FAILURE
remove_team: FAILURE
add_player_cards: SUCCESS
add_player: FAILURE
get_team_points: FAILURE
add_player: SUCCESS
add_player_cards: FAILURE
get_ith_pointless_ability: FAILURE
get_player_cards: SUCCESS, 1218
play_match: FAILURE
get_team_points: SUCCESS, 0
get_ith_pointless_ability: SUCCESS, 773
get_player_cards: SUCCESS, 1218
add_player_cards: FAILURE
get_team_points: SUCCESS, 0
get_player_cards: FAILURE
get_player_cards: FAILURE
add_player: FAILURE
get_team_points: FAILURE
get_team_points: FAILURE
play_match: FAILURE
add_team: FAILURE
add_player: FAILURE
add_player_cards: FAILURE
get_player_cards: SUCCESS, 954
remove_team: SUCCESS
add_player_cards: SUCCESS
add_player: SUCCESS
get_player_cards: FAILURE
get_player_cards: FAILURE
play_match: FAILURE
get_team_points: SUCCESS, 0
add_team: FAILURE
get_ith_pointless_ability: FAILURE
get_player_cards: SUCCESS, 2049
get_player_cards: SUCCESS, 1260
get_player_cards: SUCCESS, 643
get_team_points: SUCCESS, 0
get_ith_pointless_ability: FAILURE
remove_team: SUCCESS
add_player: SUCCESS
play_match: FAILURE
get_ith_pointless_ability: FAILURE
add_player_cards: FAILURE
add_player: SUCCESS
play_match: FAILURE
get_player_cards: FAILURE
add_team: FAILURE
add_player: SUCCESS
get_ith_pointless_ability: FAILURE
add_team: FAILURE
add_player_cards: SUCCESS
remove_team: FAILURE
get_player_cards: FAILURE
get_team_points: FAILURE
get_team_points: FAILURE
get_ith_pointless_ability: FAILURE
get_player_cards: FAILURE
add_player: SUCCESS
add_player: FAILURE
remove_team: FAILURE
play_match: FAILURE
add_team: FAILURE
add_player: FAILURE
play_match: FAILURE
add_player: FAILURE
add_player: FAILURE
get_team_points: SUCCESS, 0
add_player_cards: FAILURE
add_player_cards: FAILURE
add_player: SUCCESS
get_player_cards: SUCCESS, 861
remove_team: FAILURE
play_match: FAILURE
add_team: FAILURE
remove_team: SUCCESS
remove_team: SUCCESS
get_player_cards: FAILURE
get_team_points: FAILURE
add_player_cards: FAILURE
add_player_cards: FAILURE
remove_team: FAILURE
get_player_cards: FAILURE
add_team: SUCCESS
remove_team: SUCCESS
add_player_cards: FAILURE
remove_team: FAILURE
get_player_cards: SUCCESS, 643
add_player_cards: FAILURE
get_player_cards: FAILURE
get_ith_pointless_ability: FAILURE
get_ith_pointless_ability: FAILURE
get_team_points: FAILURE
add_player_cards: FAILURE
get_player_cards: FAILURE
remove_team: FAILURE
add_player_cards: FAILURE
add_player_cards: FAILURE
get_player_cards: FAILURE
get_player_cards: FAILURE
get_ith_pointless_ability: FAILURE
add_player: FAILURE
remove_team: FAILURE
get_ith_pointless_ability: FAILURE
add_player_cards: FAILURE
get_player_cards: FAILURE
add_team: SUCCESS
add_player_cards: FAILURE
remove_team: SUCCESS
get_player_cards: FAILURE
add_player: FAILURE
add_player_cards: FAILURE
get_player_cards: SUCCESS, 442
get_team_points: FAILURE
add_player_cards: FAILURE
get_team_points: FAILURE
add_player: FAILURE
add_player_cards: FAILURE
get_team_points: FAILURE
add_player_cards: FAILURE
remove_team: FAILURE
get_team_points: FAILURE
get_player_cards: FAILURE
add_team: SUCCESS
add_player_cards: FAILURE
remove_team: FAILURE
get_player_cards: FAILURE
add_player: SUCCESS
get_player_cards: FAILURE
get_team_points: SUCCESS, 0
add_team: FAILURE
get_ith_pointless_ability: FAILURE
get_ith_pointless_ability: FAILURE
remove_team: FAILURE
get_ith_pointless_ability: SUCCESS, 46
add_player: SUCCESS
remove_team: FAILURE
add_team: SUCCESS
add_player_cards: SUCCESS
add_team: FAILURE
get_player_cards: SUCCESS, 625
remove_team: FAILURE
remove_team: FAILURE
get_team_points: FAILURE
add_player: FAILURE
add_team: SUCCESS
add_team: FAILURE
get_player_cards: SUCCESS, 1111
add_team: SUCCESS
get_team_points: FAILURE
get_player_cards: FAILURE
add_player_cards: FAILURE
play_match: FAILURE
remove_team: SUCCESS
get_team_points: SUCCESS, 0
add_player: SUCCESS
play_match: FAILURE
get_player_cards: SUCCESS, 1029
get_team_points: SUCCESS, 0
add_player_cards: FAILURE
remove_team: FAILURE
add_player: SUCCESS
get_ith_pointless_ability: FAILURE
get_team_points: FAILURE
get_ith_pointless_ability: SUCCESS, 739
play_match: FAILURE
remove_team: SUCCESS
add_player_cards: SUCCESS
get_ith_pointless_ability: SUCCESS, 629
get_team_points: FAILURE
get_ith_pointless_ability: SUCCESS, 629
get_ith_pointless_ability: SUCCESS, 46
get_ith_pointless_ability: SUCCESS, 46
get_player_cards: SUCCESS, 625
add_team: SUCCESS
get_player_cards: SUCCESS, 680
add_team: SUCCESS
add_team: SUCCESS
add_team: SUCCESS
remove_team: SUCCESS
remove_team: SUCCESS
get_team_points: SUCCESS, 0
get_team_points: SUCCESS, 0
get_team_points: SUCCESS, 0
add_player: SUCCESS
add_player: SUCCESS
get_team_points: SUCCESS, 0
add_team: SUCCESS
add_player_cards: SUCCESS
get_team_points: SUCCESS, 0
get_player_cards: SUCCESS, 1485
add_player_cards: SUCCESS
get_ith_pointless_ability: SUCCESS, 334
get_ith_pointless_ability: SUCCESS, 46
add_player: SUCCESS
get_ith_pointless_ability: SUCCESS, 219
add_player_cards: SUCCESS
get_player_cards: SUCCESS, 981
get_team_points: SUCCESS, 0
add_player: SUCCESS
get_ith_pointless_ability: SUCCESS, 334
add_player: SUCCESS
get_ith_pointless_ability: SUCCESS, 374
add_player_cards: SUCCESS
add_team: SUCCESS
add_team: SUCCESS
add_team: SUCCESS
add_player_cards: SUCCESS
get_ith_pointless_ability: SUCCESS, 374
add_team: SUCCESS
add_player: SUCCESS
get_ith_pointless_ability: SUCCESS, 219
get_player_cards: SUCCESS, 1029
get_team_points: SUCCESS, 0
add_team: SUCCESS
add_player: SUCCESS
remove_team: SUCCESS
add_team: SUCCESS
get_team_points: SUCCESS, 0
add_player: SUCCESS
add_team: SUCCESS
add_team: SUCCESS
add_team: SUCCESS
add_team: SUCCESS
add_player_cards: SUCCESS
add_player_cards: SUCCESS
remove_team: SUCCESS
get_player_cards: SUCCESS, 1298
add_player: SUCCESS
add_team: SUCCESS
remove_team: SUCCESS
remove_team: SUCCESS
add_team: SUCCESS
add_player_cards: SUCCESS
get_ith_pointless_ability: SUCCESS, 5
add_player: SUCCESS
add_team: SUCCESS
add_team: SUCCESS
remove_team: SUCCESS
get_player_cards: SUCCESS, 805
add_team: SUCCESS
get_ith_pointless_ability: SUCCESS, 5
add_team: SUCCESS
add_team: SUCCESS
get_team_points: SUCCESS, 0
add_player_cards: SUCCESS
get_team_points: SUCCESS, 0
get_player_cards: SUCCESS, 1195
get_player_cards: SUCCESS, 238
get_ith_pointless_ability: SUCCESS, 107
get_team_points: SUCCESS, 0
add_player: SUCCESS
add_team: SUCCESS
remove_team: SUCCESS
add_team: SUCCESS
get_ith_pointless_ability: SUCCESS, 231
add_player: SUCCESS
add_player: SUCCESS
remove_team: SUCCESS
get_team_points: SUCCESS, 0
remove_team: SUCCESS
get_player_cards: SUCCESS, 481
remove_team: SUCCESS
add_player_cards: SUCCESS
get_team_points: SUCCESS, 0
get_player_cards: SUCCESS, 1187
add_team: SUCCESS
add_team: SUCCESS
remove_team: SUCCESS
get_team_points: SUCCESS, 0
add_player_cards: SUCCESS
add_team: SUCCESS
add_player_cards: SUCCESS
add_player: SUCCESS
add_player_cards: SUCCESS
add_team: SUCCESS
get_ith_pointless_ability: SUCCESS, 231
remove_team: SUCCESS
remove_team: SUCCESS
get_team_points: SUCCESS, 0
add_player_cards: SUCCESS
add_team: SUCCESS
get_player_cards: SUCCESS, 238
get_team_points: SUCCESS, 0
add_player: SUCCESS
get_team_points: SUCCESS, 0
add_player: SUCCESS
add_player_cards: SUCCESS
remove_team: SUCCESS
add_player: SUCCESS
add_team: SUCCESS
add_player: SUCCESS
add_team: SUCCESS
remove_team: SUCCESS
add_team: SUCCESS
get_player_cards: SUCCESS, 922
get_ith_pointless_ability: SUCCESS, 412
get_player_cards: SUCCESS, 321
add_player: SUCCESS
get_player_cards: SUCCESS, 586
add_team: SUCCESS
add_team: SUCCESS
add_player: SUCCESS
remove_team: SUCCESS
add_player: SUCCESS
add_player_cards: SUCCESS
get_ith_pointless_ability: SUCCESS, 687
add_team: SUCCESS
add_player_cards: SUCCESS
get_team_points: SUCCESS, 0
get_player_cards: SUCCESS, 1348
get_player_cards: SUCCESS, 586
get_team_points: SUCCESS, 0
get_player_cards: SUCCESS, 586
add_player: SUCCESS
add_player: SUCCESS
get_player_cards: SUCCESS, 1348
add_player_cards: SUCCESS
remove_team: SUCCESS
add_team: SUCCESS
get_ith_pointless_ability: SUCCESS, 962
add_player_cards: SUCCESS
get_ith_pointless_ability: SUCCESS, 962
add_player_cards: SUCCESS
get_player_cards: SUCCESS, 1917
get_player_cards: SUCCESS, 586
add_team: SUCCESS
add_player: SUCCESS
get_player_cards: SUCCESS, 17
add_team: SUCCESS
add_player_cards: SUCCESS
get_team_points: SUCCESS, 0
add_player: SUCCESS
add_player_cards: SUCCESS
get_ith_pointless_ability: SUCCESS, 181
get_ith_pointless_ability: SUCCESS, 279
add_player_cards: SUCCESS
remove_team: SUCCESS
get_player_cards: SUCCESS, 23
get_team_points: SUCCESS, 0
add_team: SUCCESS
add_player: SUCCESS
get_player_cards: SUCCESS, 238
get_player_cards: SUCCESS, 680
get_ith_pointless_ability: SUCCESS, 412
add_player_cards: SUCCESS
remove_team: SUCCESS
add_player: SUCCESS
add_player: SUCCESS
get_ith_pointless_ability: SUCCESS, 374
remove_team: SUCCESS
get_player_cards: SUCCESS, 1260
add_team: SUCCESS
add_player: SUCCESS
add_team: SUCCESS
add_team: SUCCESS
get_team_points: SUCCESS, 0
add_player_cards: SUCCESS
add_player_cards: SUCCESS
add_player: SUCCESS
add_team: SUCCESS
get_ith_pointless_ability: SUCCESS, 374
add_player_cards: SUCCESS
add_player: SUCCESS
get_ith_pointless_ability: SUCCESS, 279
add_player_cards: SUCCESS
get_team_points: SUCCESS, 0
get_ith_pointless_ability: SUCCESS, 272
add_player_cards: SUCCESS
add_team: SUCCESS
remove_team: SUCCESS
get_ith_pointless_ability: SUCCESS, 80
get_ith_pointless_ability: SUCCESS, 374
add_team: SUCCESS
get_player_cards: SUCCESS, 859
get_player_cards: SUCCESS, 435
add_team: SUCCESS
add_team: SUCCESS
add_player: SUCCESS
add_player_cards: SUCCESS
remove_team: SUCCESS
remove_team: SUCCESS
add_player: SUCCESS
remove_team: SUCCESS
add_player: SUCCESS
get_player_cards: SUCCESS, 485
add_player_cards: SUCCESS
get_ith_pointless_ability: SUCCESS, 687
add_team: SUCCESS
get_player_cards: SUCCESS, 897
add_player: SUCCESS
add_player_cards: SUCCESS
add_player_cards: SUCCESS
add_player_cards: SUCCESS
get_player_cards: SUCCESS, 586
get_ith_pointless_ability: SUCCESS, 946
remove_team: SUCCESS
get_player_cards: SUCCESS, 1260
get_player_cards: SUCCESS, 437
get_player_cards: SUCCESS, 238
remove_team: SUCCESS
get_ith_pointless_ability: SUCCESS, 744
get_ith_pointless_ability: SUCCESS, 428
add_player_cards: SUCCESS
get_team_points: SUCCESS, 0
add_player: SUCCESS
add_team: SUCCESS
get_player_cards: SUCCESS, 1116
get_player_cards: SUCCESS, 1567
add_player_cards: SUCCESS
get_player_cards: SUCCESS, 560
add_team: SUCCESS
get_player_cards: SUCCESS, 125
get_team_points: SUCCESS, 0
add_player_cards: SUCCESS
get_team_points: SUCCESS, 0
get_player_cards: SUCCESS, 1412
add_team: SUCCESS
add_team: SUCCESS
add_player_cards: SUCCESS
get_player_cards: SUCCESS, 946
