add_team: SUCCESS
add_team: SUCCESS
add_player: SUCCESS
add_team: SUCCESS
add_player: SUCCESS
add_player: SUCCESS
add_team: SUCCESS
add_team: SUCCESS
add_team: SUCCESS
add_player: SUCCESS
add_player: SUCCESS
add_team: SUCCESS
add_player: SUCCESS
add_player: SUCCESS
add_player: SUCCESS
add_team: SUCCESS
add_player: SUCCESS
add_team: SUCCESS
add_team: SUCCESS
add_player: SUCCESS
add_player: SUCCESS
add_player: SUCCESS
add_player: SUCCESS
add_team: SUCCESS
add_team: SUCCESS
add_player: SUCCESS
add_player: SUCCESS
add_team: SUCCESS
add_player: SUCCESS
add_player: SUCCESS
add_team: SUCCESS
add_team: SUCCESS
add_team: SUCCESS
add_player: SUCCESS
add_team: SUCCESS
add_team: SUCCESS
add_player: SUCCESS
add_team: SUCCESS
add_team: SUCCESS
add_player: SUCCESS
add_player: SUCCESS
add_player: SUCCESS
add_team: SUCCESS
add_team: SUCCESS
add_player: SUCCESS
add_team: SUCCESS
add_team: SUCCESS
add_team: SUCCESS
add_team: SUCCESS
add_player: SUCCESS
add_player: SUCCESS
add_player: SUCCESS
add_player: SUCCESS
add_player: SUCCESS
add_player: SUCCESS
add_team: SUCCESS
add_team: SUCCESS
add_team: SUCCESS
add_player: SUCCESS
add_player: SUCCESS
add_player: SUCCESS
add_player: SUCCESS
add_player: SUCCESS
add_team: SUCCESS
add_player: SUCCESS
add_team: SUCCESS
add_player: SUCCESS
add_player: SUCCESS
add_player: SUCCESS
add_player: SUCCESS
add_player: SUCCESS
add_player: SUCCESS
add_player: SUCCESS
add_player: SUCCESS
add_player: SUCCESS
add_player: SUCCESS
add_player: SUCCESS
add_team: SUCCESS
add_team: SUCCESS
add_team: SUCCESS
add_player: SUCCESS
add_team: SUCCESS
add_player: SUCCESS
add_team: SUCCESS
add_team: SUCCESS
add_team: SUCCESS
add_team: SUCCESS
add_team: SUCCESS
add_player: SUCCESS
add_team: SUCCESS
add_player: SUCCESS
add_team: SUCCESS
add_team: SUCCESS
add_player: SUCCESS
add_team: SUCCESS
add_player: SUCCESS
add_player: SUCCESS
add_player: SUCCESS
add_player: SUCCESS
add_player: SUCCESS
add_team: SUCCESS
add_player: SUCCESS
add_team: SUCCESS
add_player: SUCCESS
add_player: SUCCESS
add_team: SUCCESS
add_player: SUCCESS
add_player: SUCCESS
add_team: SUCCESS
add_player: SUCCESS
add_team: SUCCESS
add_player: SUCCESS
add_team: SUCCESS
add_team: SUCCESS
add_team: SUCCESS
add_team: SUCCESS
add_team: SUCCESS
add_team: SUCCESS
add_team: SUCCESS
add_team: SUCCESS
add_team: SUCCESS
add_player: SUCCESS
add_team: SUCCESS
add_player: SUCCESS
add_player: SUCCESS
play_match: INVALID_INPUT
play_match: INVALID_INPUT
get_player_cards: FAILURE
get_partial_spirit: SUCCESS, 3,5,4,1,2
add_team: INVALID_INPUT
add_player: INVALID_INPUT
get_player_cards: INVALID_INPUT
buy_team: INVALID_INPUT
get_player_cards: INVALID_INPUT
play_match: INVALID_INPUT
buy_team: FAILURE
get_partial_spirit: INVALID_INPUT
add_player: INVALID_INPUT
add_player_cards: INVALID_INPUT
remove_team: INVALID_INPUT
remove_team: INVALID_INPUT
buy_team: INVALID_INPUT
get_player_cards: INVALID_INPUT
buy_team: FAILURE
add_player: INVALID_INPUT
buy_team: INVALID_INPUT
get_player_cards: INVALID_INPUT
add_player: INVALID_INPUT
get_partial_spirit: INVALID_INPUT
add_team: FAILURE
remove_team: INVALID_INPUT
get_partial_spirit: FAILURE
get_ith_pointless_ability: FAILURE
add_team: INVALID_INPUT
buy_team: INVALID_INPUT
add_player: INVALID_INPUT
remove_team: INVALID_INPUT
get_team_points: FAILURE
add_player_cards: INVALID_INPUT
remove_team: INVALID_INPUT
get_player_cards: SUCCESS, 600
add_player_cards: INVALID_INPUT
remove_team: INVALID_INPUT
get_ith_pointless_ability: FAILURE
get_player_cards: INVALID_INPUT
remove_team: INVALID_INPUT
play_match: FAILURE
add_player: INVALID_INPUT
get_player_cards: FAILURE
play_match: FAILURE
add_player: FAILURE
add_player: INVALID_INPUT
get_team_points: FAILURE
get_team_points: FAILURE
add_team: INVALID_INPUT
get_player_cards: INVALID_INPUT
get_team_points: INVALID_INPUT
get_ith_pointless_ability: SUCCESS, 356
buy_team: SUCCESS
remove_team: INVALID_INPUT
buy_team: FAILURE
remove_team: INVALID_INPUT
get_player_cards: INVALID_INPUT
get_partial_spirit: INVALID_INPUT
get_partial_spirit: INVALID_INPUT
remove_team: INVALID_INPUT
add_player: FAILURE
remove_team: INVALID_INPUT
add_player: SUCCESS
buy_team: INVALID_INPUT
get_team_points: INVALID_INPUT
get_player_cards: INVALID_INPUT
play_match: FAILURE
play_match: INVALID_INPUT
add_team: INVALID_INPUT
get_team_points: INVALID_INPUT
play_match: INVALID_INPUT
add_team: INVALID_INPUT
add_player_cards: INVALID_INPUT
get_partial_spirit: INVALID_INPUT
remove_team: INVALID_INPUT
add_player_cards: FAILURE
remove_team: INVALID_INPUT
buy_team: INVALID_INPUT
get_player_cards: FAILURE
get_team_points: FAILURE
buy_team: FAILURE
remove_team: INVALID_INPUT
add_team: INVALID_INPUT
add_player_cards: FAILURE
get_team_points: INVALID_INPUT
play_match: INVALID_INPUT
get_partial_spirit: INVALID_INPUT
get_ith_pointless_ability: FAILURE
get_partial_spirit: INVALID_INPUT
add_team: INVALID_INPUT
add_player_cards: INVALID_INPUT
buy_team: FAILURE
get_team_points: SUCCESS, 0
add_team: SUCCESS
add_player: INVALID_INPUT
add_player_cards: INVALID_INPUT
get_partial_spirit: INVALID_INPUT
add_player_cards: FAILURE
get_partial_spirit: INVALID_INPUT
get_player_cards: FAILURE
get_partial_spirit: INVALID_INPUT
add_team: INVALID_INPUT
play_match: INVALID_INPUT
add_team: INVALID_INPUT
get_team_points: INVALID_INPUT
add_player: INVALID_INPUT
get_player_cards: INVALID_INPUT
add_team: FAILURE
get_ith_pointless_ability: SUCCESS, 959
buy_team: FAILURE
remove_team: INVALID_INPUT
add_player_cards: INVALID_INPUT
add_player: INVALID_INPUT
add_player_cards: INVALID_INPUT
add_player: INVALID_INPUT
get_player_cards: INVALID_INPUT
play_match: INVALID_INPUT
add_player: INVALID_INPUT
add_player: FAILURE
get_ith_pointless_ability: SUCCESS, 845
get_team_points: FAILURE
add_player: INVALID_INPUT
add_player: FAILURE
get_ith_pointless_ability: FAILURE
get_player_cards: FAILURE
play_match: INVALID_INPUT
get_partial_spirit: FAILURE
add_player: FAILURE
add_player_cards: INVALID_INPUT
get_team_points: INVALID_INPUT
get_partial_spirit: INVALID_INPUT
remove_team: INVALID_INPUT
get_partial_spirit: INVALID_INPUT
add_player_cards: INVALID_INPUT
add_team: INVALID_INPUT
remove_team: FAILURE
get_team_points: INVALID_INPUT
play_match: INVALID_INPUT
get_player_cards: FAILURE
get_team_points: FAILURE
add_player_cards: FAILURE
get_team_points: FAILURE
buy_team: SUCCESS
get_ith_pointless_ability: SUCCESS, 365
get_player_cards: FAILURE
remove_team: FAILURE
get_partial_spirit: SUCCESS, 5,4,2,3,1
get_player_cards: INVALID_INPUT
add_player_cards: INVALID_INPUT
remove_team: INVALID_INPUT
add_player_cards: INVALID_INPUT
add_team: INVALID_INPUT
get_ith_pointless_ability: SUCCESS, 580
get_team_points: FAILURE
get_partial_spirit: FAILURE
add_player: INVALID_INPUT
get_partial_spirit: FAILURE
play_match: INVALID_INPUT
add_team: INVALID_INPUT
get_partial_spirit: FAILURE
get_partial_spirit: SUCCESS, 2,1,3,4,5
add_team: FAILURE
buy_team: INVALID_INPUT
get_ith_pointless_ability: FAILURE
buy_team: FAILURE
get_player_cards: INVALID_INPUT
get_player_cards: INVALID_INPUT
remove_team: FAILURE
get_partial_spirit: INVALID_INPUT
add_player_cards: FAILURE
get_partial_spirit: SUCCESS, 4,3,2,5,1
add_player: INVALID_INPUT
play_match: INVALID_INPUT
add_player: SUCCESS
add_team: INVALID_INPUT
buy_team: INVALID_INPUT
remove_team: FAILURE
remove_team: INVALID_INPUT
get_ith_pointless_ability: FAILURE
buy_team: INVALID_INPUT
get_partial_spirit: INVALID_INPUT
get_ith_pointless_ability: FAILURE
add_player_cards: SUCCESS
add_player_cards: FAILURE
add_team: FAILURE
remove_team: INVALID_INPUT
buy_team: FAILURE
get_team_points: FAILURE
get_team_points: FAILURE
get_player_cards: INVALID_INPUT
play_match: INVALID_INPUT
get_team_points: INVALID_INPUT
play_match: INVALID_INPUT
get_ith_pointless_ability: FAILURE
add_player: FAILURE
play_match: INVALID_INPUT
get_player_cards: INVALID_INPUT
remove_team: INVALID_INPUT
add_player_cards: FAILURE
play_match: INVALID_INPUT
add_player_cards: FAILURE
play_match: FAILURE
get_player_cards: INVALID_INPUT
get_player_cards: INVALID_INPUT
add_player_cards: FAILURE
get_ith_pointless_ability: FAILURE
get_team_points: INVALID_INPUT
get_player_cards: INVALID_INPUT
remove_team: INVALID_INPUT
add_player: INVALID_INPUT
get_team_points: INVALID_INPUT
add_player: FAILURE
get_partial_spirit: INVALID_INPUT
play_match: INVALID_INPUT
get_player_cards: SUCCESS, 250
get_partial_spirit: INVALID_INPUT
get_team_points: INVALID_INPUT
get_partial_spirit: FAILURE
add_player: FAILURE
get_team_points: FAILURE
add_player_cards: FAILURE
get_ith_pointless_ability: FAILURE
play_match: FAILURE
remove_team: INVALID_INPUT
get_player_cards: INVALID_INPUT
get_ith_pointless_ability: FAILURE
play_match: FAILURE
play_match: INVALID_INPUT
get_partial_spirit: INVALID_INPUT
add_team: SUCCESS
add_player: FAILURE
add_team: INVALID_INPUT
get_player_cards: INVALID_INPUT
get_team_points: INVALID_INPUT
get_partial_spirit: INVALID_INPUT
add_player_cards: FAILURE
remove_team: INVALID_INPUT
get_partial_spirit: FAILURE
get_partial_spirit: INVALID_INPUT
get_team_points: INVALID_INPUT
add_player_cards: FAILURE
buy_team: INVALID_INPUT
get_player_cards: INVALID_INPUT
get_team_points: INVALID_INPUT
get_player_cards: INVALID_INPUT
get_team_points: INVALID_INPUT
get_ith_pointless_ability: FAILURE
buy_team: INVALID_INPUT
get_team_points: FAILURE
get_ith_pointless_ability: FAILURE
get_partial_spirit: INVALID_INPUT
play_match: INVALID_INPUT
get_player_cards: INVALID_INPUT
add_player: INVALID_INPUT
get_team_points: INVALID_INPUT
add_player: INVALID_INPUT
play_match: FAILURE
get_player_cards: INVALID_INPUT
get_player_cards: INVALID_INPUT
get_partial_spirit: FAILURE
add_player: INVALID_INPUT
get_partial_spirit: INVALID_INPUT
get_player_cards: SUCCESS, 537
get_player_cards: INVALID_INPUT
buy_team: FAILURE
buy_team: FAILURE
get_partial_spirit: INVALID_INPUT
play_match: FAILURE
remove_team: FAILURE
get_ith_pointless_ability: FAILURE
add_player_cards: INVALID_INPUT
add_player: INVALID_INPUT
add_player: INVALID_INPUT
add_team: FAILURE
add_player_cards: FAILURE
remove_team: INVALID_INPUT
get_player_cards: FAILURE
get_ith_pointless_ability: FAILURE
play_match: INVALID_INPUT
add_player_cards: SUCCESS
play_match: INVALID_INPUT
add_player_cards: INVALID_INPUT
get_player_cards: FAILURE
get_team_points: SUCCESS, 0
add_player: INVALID_INPUT
get_ith_pointless_ability: FAILURE
get_player_cards: INVALID_INPUT
buy_team: INVALID_INPUT
add_player: INVALID_INPUT
add_player: INVALID_INPUT
play_match: FAILURE
get_team_points: FAILURE
get_player_cards: FAILURE
get_team_points: SUCCESS, 0
get_ith_pointless_ability: FAILURE
get_ith_pointless_ability: FAILURE
get_player_cards: FAILURE
buy_team: INVALID_INPUT
get_player_cards: INVALID_INPUT
add_team: INVALID_INPUT
buy_team: FAILURE
get_partial_spirit: FAILURE
play_match: INVALID_INPUT
play_match: INVALID_INPUT
play_match: INVALID_INPUT
buy_team: INVALID_INPUT
remove_team: INVALID_INPUT
play_match: INVALID_INPUT
get_player_cards: INVALID_INPUT
get_team_points: INVALID_INPUT
get_team_points: FAILURE
remove_team: FAILURE
get_team_points: INVALID_INPUT
get_team_points: FAILURE
add_team: INVALID_INPUT
add_player_cards: INVALID_INPUT
add_player: FAILURE
buy_team: INVALID_INPUT
add_team: FAILURE
get_player_cards: FAILURE
add_player_cards: FAILURE
add_player: INVALID_INPUT
remove_team: FAILURE
buy_team: INVALID_INPUT
get_player_cards: FAILURE
get_partial_spirit: INVALID_INPUT
get_ith_pointless_ability: FAILURE
get_player_cards: FAILURE
buy_team: INVALID_INPUT
add_player_cards: INVALID_INPUT
get_ith_pointless_ability: FAILURE
play_match: FAILURE
add_player_cards: FAILURE
add_team: INVALID_INPUT
get_player_cards: FAILURE
add_player: FAILURE
remove_team: INVALID_INPUT
remove_team: INVALID_INPUT
add_team: FAILURE
add_player_cards: INVALID_INPUT
add_player: INVALID_INPUT
get_player_cards: INVALID_INPUT
add_team: INVALID_INPUT
get_player_cards: FAILURE
buy_team: INVALID_INPUT
add_player: INVALID_INPUT
play_match: INVALID_INPUT
get_partial_spirit: SUCCESS, 3,4,2,1,5
get_partial_spirit: FAILURE
get_ith_pointless_ability: FAILURE
add_player: INVALID_INPUT
add_player_cards: INVALID_INPUT
remove_team: INVALID_INPUT
play_match: INVALID_INPUT
get_ith_pointless_ability: FAILURE
get_player_cards: INVALID_INPUT
get_player_cards: INVALID_INPUT
get_partial_spirit: INVALID_INPUT
buy_team: SUCCESS
get_team_points: INVALID_INPUT
add_player: FAILURE
play_match: INVALID_INPUT
add_team: FAILURE
add_team: INVALID_INPUT
get_partial_spirit: INVALID_INPUT
get_ith_pointless_ability: SUCCESS, 717
play_match: FAILURE
get_ith_pointless_ability: FAILURE
add_team: INVALID_INPUT
remove_team: INVALID_INPUT
play_match: INVALID_INPUT
play_match: INVALID_INPUT
add_player_cards: FAILURE
play_match: FAILURE
get_team_points: INVALID_INPUT
get_ith_pointless_ability: SUCCESS, 64
buy_team: FAILURE
play_match: FAILURE
get_player_cards: INVALID_INPUT
add_team: INVALID_INPUT
get_team_points: INVALID_INPUT
add_team: FAILURE
play_match: INVALID_INPUT
buy_team: INVALID_INPUT
get_player_cards: INVALID_INPUT
add_team: FAILURE
play_match: FAILURE
get_partial_spirit: INVALID_INPUT
add_team: INVALID_INPUT
get_partial_spirit: INVALID_INPUT
get_ith_pointless_ability: FAILURE
get_ith_pointless_ability: FAILURE
play_match: FAILURE
play_match: INVALID_INPUT
remove_team: INVALID_INPUT
play_match: INVALID_INPUT
get_team_points: INVALID_INPUT
play_match: FAILURE
add_player_cards: FAILURE
remove_team: INVALID_INPUT
add_team: INVALID_INPUT
get_team_points: INVALID_INPUT
remove_team: INVALID_INPUT
remove_team: INVALID_INPUT
remove_team: FAILURE
remove_team: FAILURE
add_player: INVALID_INPUT
get_ith_pointless_ability: FAILURE
add_player: FAILURE
buy_team: FAILURE
buy_team: FAILURE
play_match: INVALID_INPUT
buy_team: INVALID_INPUT
add_team: INVALID_INPUT
get_player_cards: SUCCESS, 141
play_match: FAILURE
get_team_points: INVALID_INPUT
add_player: INVALID_INPUT
add_team: INVALID_INPUT
add_team: FAILURE
buy_team: FAILURE
add_team: INVALID_INPUT
get_ith_pointless_ability: FAILURE
get_ith_pointless_ability: FAILURE
play_match: INVALID_INPUT
buy_team: FAILURE
get_player_cards: INVALID_INPUT
get_team_points: FAILURE
get_player_cards: INVALID_INPUT
add_player_cards: FAILURE
buy_team: INVALID_INPUT
get_team_points: INVALID_INPUT
get_team_points: FAILURE
add_team: INVALID_INPUT
add_team: INVALID_INPUT
get_partial_spirit: INVALID_INPUT
play_match: INVALID_INPUT
get_partial_spirit: INVALID_INPUT
get_team_points: INVALID_INPUT
remove_team: INVALID_INPUT
get_ith_pointless_ability: FAILURE
add_player: INVALID_INPUT
get_player_cards: INVALID_INPUT
remove_team: FAILURE
remove_team: FAILURE
add_player: FAILURE
add_team: INVALID_INPUT
add_player: INVALID_INPUT
get_ith_pointless_ability: FAILURE
get_ith_pointless_ability: FAILURE
play_match: INVALID_INPUT
get_player_cards: INVALID_INPUT
get_partial_spirit: INVALID_INPUT
remove_team: INVALID_INPUT
get_ith_pointless_ability: FAILURE
add_player_cards: INVALID_INPUT
get_ith_pointless_ability: FAILURE
buy_team: FAILURE
remove_team: INVALID_INPUT
add_player_cards: FAILURE
get_partial_spirit: INVALID_INPUT
get_ith_pointless_ability: FAILURE
get_ith_pointless_ability: SUCCESS, 203
buy_team: INVALID_INPUT
get_player_cards: FAILURE
add_player: INVALID_INPUT
get_partial_spirit: FAILURE
get_player_cards: INVALID_INPUT
add_player_cards: INVALID_INPUT
get_team_points: INVALID_INPUT
get_team_points: FAILURE
add_team: INVALID_INPUT
remove_team: FAILURE
get_player_cards: INVALID_INPUT
add_player_cards: INVALID_INPUT
play_match: INVALID_INPUT
get_team_points: SUCCESS, 0
get_ith_pointless_ability: FAILURE
buy_team: FAILURE
buy_team: INVALID_INPUT
add_team: INVALID_INPUT
add_team: INVALID_INPUT
remove_team: INVALID_INPUT
get_player_cards: SUCCESS, 385
get_team_points: INVALID_INPUT
remove_team: INVALID_INPUT
add_team: INVALID_INPUT
remove_team: SUCCESS
add_team: INVALID_INPUT
get_player_cards: INVALID_INPUT
get_partial_spirit: INVALID_INPUT
remove_team: INVALID_INPUT
get_ith_pointless_ability: FAILURE
add_team: FAILURE
get_team_points: INVALID_INPUT
get_partial_spirit: INVALID_INPUT
get_team_points: INVALID_INPUT
get_player_cards: INVALID_INPUT
add_team: INVALID_INPUT
buy_team: FAILURE
get_ith_pointless_ability: SUCCESS, 832
add_player_cards: INVALID_INPUT
add_team: INVALID_INPUT
play_match: INVALID_INPUT
add_player_cards: INVALID_INPUT
get_partial_spirit: INVALID_INPUT
play_match: INVALID_INPUT
get_team_points: INVALID_INPUT
get_partial_spirit: INVALID_INPUT
get_team_points: INVALID_INPUT
get_player_cards: SUCCESS, 956
get_ith_pointless_ability: FAILURE
play_match: FAILURE
play_match: INVALID_INPUT
get_partial_spirit: FAILURE
add_team: FAILURE
add_player: FAILURE
add_player_cards: FAILURE
add_team: INVALID_INPUT
get_ith_pointless_ability: FAILURE
add_team: FAILURE
get_partial_spirit: FAILURE
remove_team: INVALID_INPUT
add_player: INVALID_INPUT
play_match: INVALID_INPUT
add_player_cards: FAILURE
add_player: FAILURE
get_team_points: INVALID_INPUT
add_player: FAILURE
add_player: FAILURE
add_player: FAILURE
add_player: SUCCESS
get_player_cards: FAILURE
add_player: INVALID_INPUT
remove_team: FAILURE
add_player_cards: INVALID_INPUT
add_player_cards: INVALID_INPUT
remove_team: FAILURE
add_player_cards: INVALID_INPUT
remove_team: FAILURE
get_player_cards: INVALID_INPUT
add_player: FAILURE
add_player_cards: INVALID_INPUT
play_match: FAILURE
add_team: INVALID_INPUT
add_player_cards: INVALID_INPUT
buy_team: FAILURE
play_match: INVALID_INPUT
get_ith_pointless_ability: FAILURE
add_team: INVALID_INPUT
add_team: INVALID_INPUT
get_partial_spirit: FAILURE
get_team_points: FAILURE
remove_team: SUCCESS
buy_team: INVALID_INPUT
add_player: INVALID_INPUT
add_player_cards: INVALID_INPUT
buy_team: INVALID_INPUT
get_player_cards: FAILURE
add_player: INVALID_INPUT
get_ith_pointless_ability: FAILURE
buy_team: FAILURE
add_player_cards: INVALID_INPUT
get_team_points: FAILURE
get_player_cards: INVALID_INPUT
add_player_cards: INVALID_INPUT
buy_team: INVALID_INPUT
get_team_points: INVALID_INPUT
buy_team: FAILURE
get_ith_pointless_ability: FAILURE
get_player_cards: INVALID_INPUT
get_ith_pointless_ability: SUCCESS, 490
play_match: FAILURE
get_partial_spirit: INVALID_INPUT
remove_team: FAILURE
add_player: FAILURE
add_team: INVALID_INPUT
get_ith_pointless_ability: FAILURE
get_partial_spirit: INVALID_INPUT
add_player: INVALID_INPUT
add_player_cards: SUCCESS
get_ith_pointless_ability: FAILURE
remove_team: INVALID_INPUT
get_player_cards: FAILURE
buy_team: INVALID_INPUT
buy_team: INVALID_INPUT
add_team: INVALID_INPUT
get_ith_pointless_ability: FAILURE
get_partial_spirit: INVALID_INPUT
add_player_cards: FAILURE
get_team_points: INVALID_INPUT
get_team_points: INVALID_INPUT
get_team_points: FAILURE
get_player_cards: INVALID_INPUT
remove_team: INVALID_INPUT
get_player_cards: FAILURE
get_partial_spirit: FAILURE
add_player_cards: INVALID_INPUT
get_player_cards: INVALID_INPUT
get_team_points: FAILURE
buy_team: FAILURE
add_team: FAILURE
get_player_cards: SUCCESS, 843
add_player: INVALID_INPUT
add_player_cards: FAILURE
get_player_cards: INVALID_INPUT
add_team: FAILURE
add_player: INVALID_INPUT
buy_team: INVALID_INPUT
get_player_cards: FAILURE
add_player: INVALID_INPUT
add_team: FAILURE
get_team_points: INVALID_INPUT
remove_team: INVALID_INPUT
add_player_cards: FAILURE
add_team: INVALID_INPUT
remove_team: SUCCESS
add_player_cards: INVALID_INPUT
get_partial_spirit: SUCCESS, 1,3,2,4,5
get_partial_spirit: INVALID_INPUT
buy_team: INVALID_INPUT
remove_team: INVALID_INPUT
remove_team: INVALID_INPUT
get_ith_pointless_ability: FAILURE
get_ith_pointless_ability: FAILURE
play_match: INVALID_INPUT
buy_team: FAILURE
get_player_cards: FAILURE
play_match: FAILURE
remove_team: INVALID_INPUT
get_partial_spirit: INVALID_INPUT
buy_team: INVALID_INPUT
get_player_cards: INVALID_INPUT
get_ith_pointless_ability: SUCCESS, 944
buy_team: INVALID_INPUT
add_team: INVALID_INPUT
get_player_cards: INVALID_INPUT
get_team_points: INVALID_INPUT
add_player_cards: INVALID_INPUT
get_player_cards: INVALID_INPUT
remove_team: INVALID_INPUT
add_player_cards: INVALID_INPUT
get_team_points: INVALID_INPUT
buy_team: INVALID_INPUT
add_player: INVALID_INPUT
remove_team: INVALID_INPUT
remove_team: INVALID_INPUT
add_player_cards: SUCCESS
get_team_points: INVALID_INPUT
get_player_cards: INVALID_INPUT
add_player: INVALID_INPUT
get_ith_pointless_ability: FAILURE
add_team: FAILURE
add_team: INVALID_INPUT
buy_team: INVALID_INPUT
get_player_cards: INVALID_INPUT
buy_team: INVALID_INPUT
add_player_cards: INVALID_INPUT
get_ith_pointless_ability: SUCCESS, 905
get_team_points: INVALID_INPUT
get_ith_pointless_ability: FAILURE
add_team: INVALID_INPUT
get_ith_pointless_ability: FAILURE
get_team_points: FAILURE
buy_team: INVALID_INPUT
get_player_cards: FAILURE
get_ith_pointless_ability: FAILURE
play_match: FAILURE
get_player_cards: INVALID_INPUT
buy_team: FAILURE
get_ith_pointless_ability: SUCCESS, 281
add_player_cards: FAILURE
get_partial_spirit: INVALID_INPUT
remove_team: INVALID_INPUT
play_match: INVALID_INPUT
get_ith_pointless_ability: FAILURE
buy_team: SUCCESS
add_player: INVALID_INPUT
buy_team: SUCCESS
play_match: INVALID_INPUT
get_player_cards: INVALID_INPUT
add_player_cards: INVALID_INPUT
get_partial_spirit: FAILURE
add_player: FAILURE
add_team: FAILURE
remove_team: SUCCESS
get_partial_spirit: INVALID_INPUT
get_player_cards: INVALID_INPUT
get_ith_pointless_ability: FAILURE
remove_team: INVALID_INPUT
add_player: INVALID_INPUT
remove_team: INVALID_INPUT
get_team_points: FAILURE
get_player_cards: INVALID_INPUT
add_team: INVALID_INPUT
get_ith_pointless_ability: FAILURE
get_partial_spirit: SUCCESS, 1,4,2,5,3
get_team_points: INVALID_INPUT
add_player_cards: FAILURE
get_team_points: INVALID_INPUT
play_match: INVALID_INPUT
remove_team: INVALID_INPUT
get_ith_pointless_ability: FAILURE
get_ith_pointless_ability: FAILURE
buy_team: INVALID_INPUT
get_partial_spirit: FAILURE
get_player_cards: INVALID_INPUT
remove_team: FAILURE
add_player: INVALID_INPUT
get_team_points: INVALID_INPUT
play_match: INVALID_INPUT
add_player_cards: INVALID_INPUT
get_partial_spirit: INVALID_INPUT
add_player: INVALID_INPUT
play_match: FAILURE
get_team_points: INVALID_INPUT
buy_team: FAILURE
add_team: SUCCESS
get_player_cards: INVALID_INPUT
remove_team: FAILURE
get_player_cards: INVALID_INPUT
remove_team: INVALID_INPUT
get_ith_pointless_ability: SUCCESS, 959
get_partial_spirit: INVALID_INPUT
add_player: INVALID_INPUT
remove_team: INVALID_INPUT
get_ith_pointless_ability: FAILURE
get_player_cards: INVALID_INPUT
add_player: INVALID_INPUT
get_player_cards: INVALID_INPUT
get_ith_pointless_ability: SUCCESS, 802
get_player_cards: INVALID_INPUT
play_match: INVALID_INPUT
add_player: SUCCESS
get_team_points: INVALID_INPUT
remove_team: INVALID_INPUT
get_ith_pointless_ability: FAILURE
buy_team: INVALID_INPUT
buy_team: INVALID_INPUT
add_player_cards: FAILURE
get_player_cards: INVALID_INPUT
remove_team: FAILURE
get_team_points: INVALID_INPUT
add_team: INVALID_INPUT
get_partial_spirit: INVALID_INPUT
play_match: FAILURE
get_player_cards: INVALID_INPUT
add_player_cards: FAILURE
buy_team: INVALID_INPUT
get_ith_pointless_ability: SUCCESS, 202
add_player: SUCCESS
play_match: FAILURE
add_player_cards: INVALID_INPUT
add_player_cards: SUCCESS
play_match: INVALID_INPUT
play_match: FAILURE
add_team: INVALID_INPUT
get_ith_pointless_ability: SUCCESS, 802
get_partial_spirit: SUCCESS, 2,1,3,4,5
get_player_cards: INVALID_INPUT
play_match: FAILURE
get_player_cards: SUCCESS, 531
add_player: INVALID_INPUT
buy_team: INVALID_INPUT
get_partial_spirit: SUCCESS, 3,5,4,1,2
get_partial_spirit: FAILURE
get_team_points: FAILURE
add_player_cards: INVALID_INPUT
play_match: INVALID_INPUT
remove_team: SUCCESS
add_player: FAILURE
add_player: INVALID_INPUT
remove_team: SUCCESS
get_player_cards: SUCCESS, 995
get_player_cards: SUCCESS, 761
add_player: SUCCESS
get_ith_pointless_ability: FAILURE
get_partial_spirit: SUCCESS, 3,2,4,1,5
get_ith_pointless_ability: FAILURE
add_player_cards: SUCCESS
get_player_cards: SUCCESS, 695
get_player_cards: FAILURE
add_player: SUCCESS
add_player_cards: FAILURE
add_player: INVALID_INPUT
add_team: FAILURE
get_ith_pointless_ability: FAILURE
get_player_cards: INVALID_INPUT
add_player_cards: FAILURE
add_player: SUCCESS
add_player_cards: FAILURE
add_team: INVALID_INPUT
buy_team: SUCCESS
add_player: SUCCESS
add_player_cards: SUCCESS
get_ith_pointless_ability: SUCCESS, 845
play_match: INVALID_INPUT
play_match: INVALID_INPUT
add_player: SUCCESS
get_ith_pointless_ability: SUCCESS, 461
get_ith_pointless_ability: FAILURE
buy_team: INVALID_INPUT
add_team: FAILURE
add_player_cards: FAILURE
buy_team: SUCCESS
add_team: INVALID_INPUT
get_ith_pointless_ability: SUCCESS, 869
add_team: INVALID_INPUT
play_match: INVALID_INPUT
get_partial_spirit: SUCCESS, 2,5,3,4,1
get_team_points: SUCCESS, 0
add_player_cards: SUCCESS
add_player_cards: SUCCESS
add_team: INVALID_INPUT
buy_team: FAILURE
add_player: FAILURE
play_match: INVALID_INPUT
add_team: INVALID_INPUT
get_team_points: INVALID_INPUT
get_ith_pointless_ability: FAILURE
get_team_points: INVALID_INPUT
get_team_points: SUCCESS, 0
get_player_cards: FAILURE
buy_team: FAILURE
get_partial_spirit: FAILURE
add_player: SUCCESS
add_player_cards: INVALID_INPUT
remove_team: INVALID_INPUT
play_match: INVALID_INPUT
get_ith_pointless_ability: SUCCESS, 248
buy_team: FAILURE
add_player: FAILURE
get_ith_pointless_ability: FAILURE
get_team_points: INVALID_INPUT
add_player: SUCCESS
add_team: FAILURE
add_player: INVALID_INPUT
buy_team: FAILURE
add_team: FAILURE
get_player_cards: SUCCESS, 531
get_team_points: INVALID_INPUT
get_ith_pointless_ability: SUCCESS, 573
get_player_cards: SUCCESS, 531
remove_team: SUCCESS
get_ith_pointless_ability: SUCCESS, 944
get_team_points: SUCCESS, 0
get_partial_spirit: SUCCESS, 2,1,4,5,3
play_match: INVALID_INPUT
add_player_cards: INVALID_INPUT
get_team_points: FAILURE
add_team: SUCCESS
add_team: FAILURE
add_player_cards: FAILURE
buy_team: INVALID_INPUT
play_match: INVALID_INPUT
play_match: INVALID_INPUT
add_player_cards: SUCCESS
get_player_cards: SUCCESS, 342
get_ith_pointless_ability: FAILURE
add_player: SUCCESS
get_player_cards: FAILURE
get_team_points: INVALID_INPUT
play_match: FAILURE
add_player: FAILURE
add_team: INVALID_INPUT
add_player_cards: SUCCESS
get_partial_spirit: FAILURE
get_team_points: INVALID_INPUT
get_partial_spirit: INVALID_INPUT
add_team: INVALID_INPUT
add_player: INVALID_INPUT
add_team: SUCCESS
get_partial_spirit: INVALID_INPUT
get_team_points: INVALID_INPUT
