get_partial_spirit: FAILURE
get_ith_pointless_ability: FAILURE
add_team: SUCCESS
get_ith_pointless_ability: SUCCESS, 58759
add_player_cards: FAILURE
remove_team: SUCCESS
get_player_cards: FAILURE
remove_team: FAILURE
add_player_cards: FAILURE
add_player: FAILURE
remove_team: FAILURE
add_player_cards: FAILURE
get_team_points: FAILURE
get_team_points: FAILURE
remove_team: FAILURE
get_team_points: FAILURE
add_player: FAILURE
remove_team: FAILURE
get_ith_pointless_ability: FAILURE
add_team: SUCCESS
get_ith_pointless_ability: SUCCESS, 21240
get_team_points: SUCCESS, 0
remove_team: SUCCESS
get_ith_pointless_ability: FAILURE
get_player_cards: FAILURE
add_player: FAILURE
get_team_points: FAILURE
get_partial_spirit: FAILURE
add_player: FAILURE
get_player_cards: FAILURE
get_team_points: FAILURE
get_partial_spirit: FAILURE
add_player: FAILURE
remove_team: FAILURE
get_ith_pointless_ability: FAILURE
add_player: FAILURE
get_team_points: FAILURE
remove_team: FAILURE
get_player_cards: FAILURE
remove_team: FAILURE
get_player_cards: FAILURE
get_player_cards: FAILURE
get_partial_spirit: FAILURE
add_player: FAILURE
get_player_cards: FAILURE
add_player_cards: FAILURE
get_player_cards: FAILURE
add_team: SUCCESS
add_player: SUCCESS
remove_team: FAILURE
get_player_cards: FAILURE
add_team: SUCCESS
add_player: SUCCESS
add_player_cards: FAILURE
add_player_cards: SUCCESS
get_team_points: SUCCESS, 0
add_player: SUCCESS
get_player_cards: SUCCESS, 38105
remove_team: SUCCESS
add_player: SUCCESS
get_player_cards: FAILURE
add_team: SUCCESS
get_team_points: SUCCESS, 0
get_player_cards: SUCCESS, 181756
get_player_cards: FAILURE
get_partial_spirit: SUCCESS, 5,4,1,3,2
play_match: FAILURE
play_match: FAILURE
get_player_cards: SUCCESS, 38105
get_ith_pointless_ability: SUCCESS, 93888
add_player: SUCCESS
remove_team: FAILURE
add_team: FAILURE
get_ith_pointless_ability: SUCCESS, 93888
get_team_points: SUCCESS, 0
get_team_points: SUCCESS, 0
get_team_points: SUCCESS, 0
get_ith_pointless_ability: FAILURE
add_player_cards: SUCCESS
get_team_points: SUCCESS, 0
get_team_points: SUCCESS, 0
add_player: SUCCESS
get_player_cards: SUCCESS, 136794
play_match: FAILURE
get_team_points: SUCCESS, 0
get_ith_pointless_ability: SUCCESS, 77623
remove_team: SUCCESS
get_team_points: FAILURE
add_team: SUCCESS
add_player: SUCCESS
get_team_points: SUCCESS, 0
play_match: FAILURE
add_player: SUCCESS
add_team: SUCCESS
add_player: SUCCESS
get_player_cards: SUCCESS, 62138
remove_team: SUCCESS
add_team: SUCCESS
get_ith_pointless_ability: SUCCESS, 21143
get_partial_spirit: FAILURE
add_team: SUCCESS
add_player: SUCCESS
get_ith_pointless_ability: SUCCESS, 72895
buy_team: SUCCESS
get_partial_spirit: SUCCESS, 1,3,5,4,2
add_player: SUCCESS
get_team_points: SUCCESS, 0
buy_team: SUCCESS
add_player: SUCCESS
get_team_points: SUCCESS, 0
buy_team: FAILURE
add_team: SUCCESS
add_player_cards: SUCCESS
get_partial_spirit: SUCCESS, 5,4,1,3,2
add_player_cards: SUCCESS
get_team_points: SUCCESS, 0
add_player: SUCCESS
remove_team: SUCCESS
get_partial_spirit: SUCCESS, 4,2,3,5,1
buy_team: FAILURE
get_player_cards: SUCCESS, 181756
get_team_points: SUCCESS, 0
get_ith_pointless_ability: SUCCESS, 74014
add_player_cards: SUCCESS
add_player_cards: SUCCESS
get_partial_spirit: SUCCESS, 2,5,1,3,4
add_player_cards: SUCCESS
get_team_points: SUCCESS, 0
get_ith_pointless_ability: SUCCESS, 77623
add_player: FAILURE
remove_team: SUCCESS
add_player: SUCCESS
remove_team: SUCCESS
get_team_points: FAILURE
add_player: FAILURE
get_player_cards: SUCCESS, 99190
get_ith_pointless_ability: FAILURE
get_team_points: FAILURE
add_player: FAILURE
remove_team: FAILURE
add_player: FAILURE
add_player: FAILURE
remove_team: FAILURE
add_player_cards: FAILURE
add_player: FAILURE
get_partial_spirit: FAILURE
get_ith_pointless_ability: FAILURE
get_team_points: FAILURE
remove_team: FAILURE
get_partial_spirit: FAILURE
add_player: FAILURE
add_team: SUCCESS
add_player_cards: FAILURE
get_partial_spirit: FAILURE
get_ith_pointless_ability: SUCCESS, 6053
get_partial_spirit: FAILURE
remove_team: SUCCESS
get_ith_pointless_ability: FAILURE
add_player_cards: FAILURE
add_player: FAILURE
add_player: FAILURE
add_player: FAILURE
add_player: FAILURE
get_team_points: FAILURE
get_team_points: FAILURE
add_team: SUCCESS
add_player: SUCCESS
add_team: SUCCESS
remove_team: SUCCESS
add_player: SUCCESS
remove_team: SUCCESS
remove_team: FAILURE
get_player_cards: SUCCESS, 64411
add_player: FAILURE
get_player_cards: FAILURE
get_player_cards: SUCCESS, 38105
add_player: FAILURE
get_team_points: FAILURE
get_partial_spirit: FAILURE
get_partial_spirit: FAILURE
get_ith_pointless_ability: FAILURE
add_player_cards: FAILURE
get_player_cards: FAILURE
add_team: SUCCESS
get_team_points: SUCCESS, 0
add_player: SUCCESS
add_player_cards: SUCCESS
get_player_cards: SUCCESS, 77303
remove_team: SUCCESS
get_player_cards: SUCCESS, 67064
get_ith_pointless_ability: FAILURE
add_team: SUCCESS
add_player_cards: FAILURE
get_ith_pointless_ability: SUCCESS, 85248
get_team_points: SUCCESS, 0
remove_team: SUCCESS
remove_team: FAILURE
get_team_points: FAILURE
add_player: FAILURE
get_player_cards: SUCCESS, 45776
get_team_points: FAILURE
add_player: FAILURE
get_ith_pointless_ability: FAILURE
get_ith_pointless_ability: FAILURE
add_player: FAILURE
add_player: FAILURE
get_player_cards: SUCCESS, 67064
add_player_cards: FAILURE
get_partial_spirit: FAILURE
add_team: SUCCESS
remove_team: SUCCESS
add_team: SUCCESS
get_ith_pointless_ability: SUCCESS, 33224
add_player: SUCCESS
get_player_cards: SUCCESS, 45776
remove_team: SUCCESS
add_player: FAILURE
add_team: SUCCESS
add_team: FAILURE
add_team: SUCCESS
play_match: FAILURE
play_match: FAILURE
add_team: SUCCESS
remove_team: SUCCESS
play_match: FAILURE
play_match: FAILURE
buy_team: FAILURE
remove_team: SUCCESS
add_player_cards: FAILURE
get_player_cards: SUCCESS, 124133
get_team_points: SUCCESS, 0
remove_team: SUCCESS
add_player_cards: FAILURE
add_team: SUCCESS
get_player_cards: SUCCESS, 181756
add_player_cards: FAILURE
get_partial_spirit: FAILURE
remove_team: SUCCESS
remove_team: FAILURE
get_ith_pointless_ability: FAILURE
add_player_cards: FAILURE
remove_team: FAILURE
get_team_points: FAILURE
add_team: SUCCESS
get_player_cards: SUCCESS, 45776
remove_team: SUCCESS
get_ith_pointless_ability: FAILURE
get_ith_pointless_ability: FAILURE
get_player_cards: SUCCESS, 87000
get_player_cards: SUCCESS, 99190
get_player_cards: SUCCESS, 64411
add_team: SUCCESS
remove_team: SUCCESS
get_partial_spirit: FAILURE
add_team: SUCCESS
add_team: SUCCESS
get_ith_pointless_ability: FAILURE
get_ith_pointless_ability: SUCCESS, 34673
add_team: FAILURE
play_match: FAILURE
buy_team: FAILURE
get_partial_spirit: FAILURE
get_partial_spirit: FAILURE
add_player: SUCCESS
remove_team: SUCCESS
add_team: SUCCESS
get_team_points: SUCCESS, 0
buy_team: FAILURE
add_team: SUCCESS
buy_team: SUCCESS
add_team: FAILURE
play_match: FAILURE
get_player_cards: FAILURE
add_team: SUCCESS
add_player: FAILURE
add_player_cards: FAILURE
get_ith_pointless_ability: SUCCESS, 83229
add_team: SUCCESS
get_ith_pointless_ability: SUCCESS, 83229
add_player: FAILURE
play_match: FAILURE
add_player_cards: FAILURE
add_player_cards: SUCCESS
get_ith_pointless_ability: SUCCESS, 48463
add_player: SUCCESS
get_partial_spirit: SUCCESS, 3,5,1,2,4
remove_team: SUCCESS
add_player: SUCCESS
remove_team: SUCCESS
buy_team: FAILURE
add_player: SUCCESS
add_team: SUCCESS
add_player_cards: SUCCESS
get_player_cards: SUCCESS, 88476
get_player_cards: SUCCESS, 77303
get_player_cards: SUCCESS, 88476
get_team_points: FAILURE
get_player_cards: SUCCESS, 52056
get_partial_spirit: SUCCESS, 3,4,2,1,5
get_team_points: SUCCESS, 0
remove_team: SUCCESS
play_match: FAILURE
get_partial_spirit: SUCCESS, 1,2,5,4,3
get_partial_spirit: FAILURE
get_partial_spirit: SUCCESS, 1,2,5,4,3
remove_team: SUCCESS
remove_team: SUCCESS
add_player: FAILURE
get_ith_pointless_ability: FAILURE
get_ith_pointless_ability: FAILURE
add_player_cards: FAILURE
add_team: SUCCESS
remove_team: SUCCESS
get_player_cards: FAILURE
remove_team: FAILURE
add_player: FAILURE
get_ith_pointless_ability: FAILURE
add_player: FAILURE
get_ith_pointless_ability: FAILURE
add_player_cards: FAILURE
get_ith_pointless_ability: FAILURE
get_team_points: FAILURE
remove_team: FAILURE
get_ith_pointless_ability: FAILURE
get_ith_pointless_ability: FAILURE
get_player_cards: SUCCESS, 99190
get_team_points: FAILURE
get_partial_spirit: FAILURE
remove_team: FAILURE
get_ith_pointless_ability: FAILURE
get_ith_pointless_ability: FAILURE
get_ith_pointless_ability: FAILURE
get_team_points: FAILURE
add_player: FAILURE
remove_team: FAILURE
add_player_cards: FAILURE
add_player: FAILURE
get_partial_spirit: FAILURE
get_team_points: FAILURE
add_player_cards: FAILURE
add_player_cards: FAILURE
get_team_points: FAILURE
get_ith_pointless_ability: FAILURE
add_player_cards: FAILURE
get_team_points: FAILURE
get_team_points: FAILURE
add_team: SUCCESS
remove_team: FAILURE
get_player_cards: SUCCESS, 10627
get_ith_pointless_ability: SUCCESS, 67447
get_team_points: SUCCESS, 0
get_partial_spirit: FAILURE
get_ith_pointless_ability: SUCCESS, 67447
get_player_cards: SUCCESS, 67064
get_ith_pointless_ability: SUCCESS, 67447
get_team_points: FAILURE
get_partial_spirit: FAILURE
get_player_cards: SUCCESS, 136794
remove_team: FAILURE
add_team: SUCCESS
buy_team: FAILURE
add_player_cards: FAILURE
get_ith_pointless_ability: SUCCESS, 67447
add_player_cards: FAILURE
get_player_cards: SUCCESS, 204645
get_team_points: SUCCESS, 0
get_ith_pointless_ability: SUCCESS, 67447
add_player: SUCCESS
add_player_cards: SUCCESS
play_match: FAILURE
buy_team: FAILURE
add_player_cards: SUCCESS
add_player: FAILURE
add_team: SUCCESS
get_player_cards: FAILURE
remove_team: SUCCESS
get_partial_spirit: SUCCESS, 2,4,5,1,3
add_player: SUCCESS
add_player_cards: FAILURE
add_team: SUCCESS
play_match: FAILURE
add_player_cards: SUCCESS
add_player: SUCCESS
get_player_cards: FAILURE
add_player_cards: FAILURE
get_partial_spirit: SUCCESS, 2,4,5,1,3
remove_team: SUCCESS
play_match: FAILURE
get_player_cards: SUCCESS, 45776
add_player: SUCCESS
add_player_cards: SUCCESS
remove_team: SUCCESS
remove_team: SUCCESS
remove_team: FAILURE
add_player: FAILURE
remove_team: FAILURE
add_team: SUCCESS
get_player_cards: FAILURE
add_team: SUCCESS
get_team_points: SUCCESS, 0
get_player_cards: SUCCESS, 88476
get_partial_spirit: FAILURE
add_player: SUCCESS
get_player_cards: SUCCESS, 56156
add_player_cards: FAILURE
get_partial_spirit: SUCCESS, 5,1,3,4,2
add_player_cards: SUCCESS
add_player_cards: SUCCESS
buy_team: FAILURE
get_player_cards: SUCCESS, 64411
remove_team: SUCCESS
remove_team: SUCCESS
get_partial_spirit: FAILURE
get_partial_spirit: FAILURE
add_team: SUCCESS
get_team_points: SUCCESS, 0
add_player_cards: FAILURE
remove_team: SUCCESS
get_team_points: FAILURE
remove_team: FAILURE
get_ith_pointless_ability: FAILURE
add_player_cards: FAILURE
get_team_points: FAILURE
add_player_cards: FAILURE
remove_team: FAILURE
get_player_cards: SUCCESS, 131098
get_ith_pointless_ability: FAILURE
add_player_cards: FAILURE
remove_team: FAILURE
get_ith_pointless_ability: FAILURE
get_team_points: FAILURE
add_player: FAILURE
get_ith_pointless_ability: FAILURE
remove_team: FAILURE
add_player_cards: FAILURE
get_partial_spirit: FAILURE
get_player_cards: FAILURE
get_partial_spirit: FAILURE
add_player: FAILURE
get_partial_spirit: FAILURE
get_ith_pointless_ability: FAILURE
get_player_cards: SUCCESS, 36678
get_team_points: FAILURE
get_ith_pointless_ability: FAILURE
add_player_cards: FAILURE
add_team: SUCCESS
get_team_points: SUCCESS, 0
get_player_cards: SUCCESS, 83961
add_player: SUCCESS
get_ith_pointless_ability: FAILURE
get_partial_spirit: SUCCESS, 5,3,4,1,2
add_team: SUCCESS
get_partial_spirit: SUCCESS, 5,3,4,1,2
remove_team: SUCCESS
add_player_cards: FAILURE
add_player_cards: SUCCESS
add_team: SUCCESS
add_player: SUCCESS
add_player_cards: SUCCESS
get_ith_pointless_ability: SUCCESS, 47614
get_ith_pointless_ability: SUCCESS, 47614
add_team: SUCCESS
add_team: SUCCESS
add_team: SUCCESS
get_ith_pointless_ability: SUCCESS, 33548
add_player_cards: SUCCESS
get_ith_pointless_ability: SUCCESS, 47614
get_team_points: SUCCESS, 0
get_ith_pointless_ability: SUCCESS, 52594
get_partial_spirit: SUCCESS, 5,3,4,1,2
remove_team: SUCCESS
add_team: SUCCESS
buy_team: FAILURE
remove_team: SUCCESS
buy_team: SUCCESS
add_team: SUCCESS
get_partial_spirit: SUCCESS, 1,3,4,2,5
add_player_cards: SUCCESS
get_partial_spirit: SUCCESS, 1,3,4,2,5
add_team: FAILURE
remove_team: SUCCESS
get_ith_pointless_ability: SUCCESS, 76653
play_match: FAILURE
remove_team: SUCCESS
add_team: SUCCESS
add_player: SUCCESS
get_ith_pointless_ability: SUCCESS, 33548
add_player: SUCCESS
play_match: FAILURE
add_team: FAILURE
remove_team: SUCCESS
remove_team: SUCCESS
get_team_points: SUCCESS, 0
get_team_points: SUCCESS, 0
get_team_points: SUCCESS, 0
add_player: SUCCESS
get_player_cards: SUCCESS, 62331
get_partial_spirit: SUCCESS, 2,1,4,3,5
remove_team: SUCCESS
remove_team: FAILURE
get_team_points: FAILURE
add_team: SUCCESS
add_player: SUCCESS
get_team_points: SUCCESS, 0
add_player: SUCCESS
add_player_cards: FAILURE
add_team: SUCCESS
add_team: SUCCESS
add_player: SUCCESS
play_match: FAILURE
get_ith_pointless_ability: SUCCESS, 10207
get_ith_pointless_ability: SUCCESS, 71186
remove_team: SUCCESS
get_partial_spirit: SUCCESS, 4,3,2,5,1
add_player: SUCCESS
get_partial_spirit: SUCCESS, 4,3,5,2,1
play_match: FAILURE
get_team_points: SUCCESS, 0
get_partial_spirit: SUCCESS, 2,5,4,3,1
get_team_points: SUCCESS, 0
get_partial_spirit: SUCCESS, 4,3,5,2,1
buy_team: FAILURE
get_player_cards: SUCCESS, 62159
add_team: SUCCESS
remove_team: FAILURE
add_player_cards: SUCCESS
add_player: SUCCESS
get_partial_spirit: SUCCESS, 4,3,2,5,1
remove_team: SUCCESS
add_player_cards: SUCCESS
remove_team: SUCCESS
add_team: SUCCESS
add_player: SUCCESS
get_player_cards: SUCCESS, 56989
buy_team: FAILURE
remove_team: SUCCESS
get_partial_spirit: SUCCESS, 1,5,2,4,3
add_team: SUCCESS
play_match: FAILURE
get_partial_spirit: SUCCESS, 1,5,2,4,3
add_player: SUCCESS
get_ith_pointless_ability: SUCCESS, 56346
remove_team: SUCCESS
get_partial_spirit: SUCCESS, 1,5,2,4,3
add_player_cards: SUCCESS
get_team_points: FAILURE
remove_team: SUCCESS
get_ith_pointless_ability: FAILURE
get_ith_pointless_ability: FAILURE
get_partial_spirit: FAILURE
add_team: SUCCESS
add_player: FAILURE
remove_team: SUCCESS
get_team_points: FAILURE
add_player_cards: FAILURE
get_player_cards: SUCCESS, 121579
add_player: FAILURE
get_team_points: FAILURE
get_partial_spirit: FAILURE
get_partial_spirit: FAILURE
add_player: FAILURE
remove_team: FAILURE
get_player_cards: SUCCESS, 34167
add_player: FAILURE
add_team: SUCCESS
add_team: SUCCESS
get_team_points: SUCCESS, 0
buy_team: FAILURE
get_team_points: SUCCESS, 0
remove_team: SUCCESS
get_team_points: FAILURE
get_partial_spirit: FAILURE
get_team_points: SUCCESS, 0
add_player_cards: FAILURE
get_partial_spirit: FAILURE
add_player_cards: FAILURE
get_partial_spirit: FAILURE
get_partial_spirit: FAILURE
add_team: SUCCESS
get_team_points: SUCCESS, 0
add_player: SUCCESS
remove_team: FAILURE
get_ith_pointless_ability: SUCCESS, 73797
add_team: FAILURE
get_team_points: SUCCESS, 0
play_match: FAILURE
play_match: FAILURE
buy_team: FAILURE
get_partial_spirit: SUCCESS, 4,1,3,2,5
buy_team: FAILURE
get_team_points: SUCCESS, 0
buy_team: FAILURE
play_match: FAILURE
remove_team: SUCCESS
add_player: FAILURE
remove_team: SUCCESS
add_player_cards: FAILURE
get_partial_spirit: FAILURE
get_partial_spirit: FAILURE
get_partial_spirit: FAILURE
add_player: FAILURE
get_partial_spirit: FAILURE
add_team: SUCCESS
get_team_points: SUCCESS, 0
add_player_cards: FAILURE
remove_team: FAILURE
get_player_cards: SUCCESS, 204645
get_partial_spirit: FAILURE
get_partial_spirit: FAILURE
add_team: FAILURE
add_player: SUCCESS
add_player: FAILURE
get_team_points: SUCCESS, 0
get_player_cards: SUCCESS, 232902
get_player_cards: FAILURE
add_team: SUCCESS
add_player_cards: SUCCESS
get_partial_spirit: FAILURE
get_team_points: SUCCESS, 0
add_player_cards: SUCCESS
add_player: SUCCESS
get_ith_pointless_ability: SUCCESS, 11361
get_team_points: SUCCESS, 0
play_match: FAILURE
add_player_cards: SUCCESS
get_player_cards: SUCCESS, 10936
remove_team: FAILURE
play_match: FAILURE
remove_team: SUCCESS
add_player: FAILURE
get_partial_spirit: SUCCESS, 2,4,5,3,1
add_player: SUCCESS
get_team_points: SUCCESS, 0
add_player_cards: SUCCESS
add_player_cards: SUCCESS
get_partial_spirit: SUCCESS, 1,4,3,2,5
remove_team: FAILURE
remove_team: SUCCESS
add_player_cards: FAILURE
get_ith_pointless_ability: FAILURE
get_ith_pointless_ability: FAILURE
remove_team: FAILURE
get_ith_pointless_ability: FAILURE
get_team_points: FAILURE
get_partial_spirit: FAILURE
add_player: FAILURE
get_team_points: FAILURE
get_player_cards: FAILURE
remove_team: FAILURE
remove_team: FAILURE
get_ith_pointless_ability: FAILURE
remove_team: FAILURE
add_team: SUCCESS
get_ith_pointless_ability: SUCCESS, 20531
add_team: SUCCESS
buy_team: FAILURE
get_player_cards: FAILURE
get_ith_pointless_ability: SUCCESS, 28545
buy_team: FAILURE
get_partial_spirit: FAILURE
add_team: SUCCESS
get_team_points: SUCCESS, 0
get_team_points: SUCCESS, 0
get_player_cards: SUCCESS, 72603
buy_team: SUCCESS
add_player_cards: FAILURE
buy_team: FAILURE
buy_team: FAILURE
get_team_points: SUCCESS, 0
get_team_points: SUCCESS, 0
get_partial_spirit: FAILURE
add_team: SUCCESS
buy_team: FAILURE
buy_team: SUCCESS
add_player_cards: FAILURE
buy_team: FAILURE
get_partial_spirit: FAILURE
add_player: SUCCESS
add_team: SUCCESS
add_player: SUCCESS
add_player_cards: SUCCESS
get_player_cards: SUCCESS, 1193
buy_team: SUCCESS
get_player_cards: SUCCESS, 67897
add_player: SUCCESS
remove_team: SUCCESS
remove_team: SUCCESS
get_partial_spirit: FAILURE
add_player_cards: FAILURE
get_ith_pointless_ability: FAILURE
get_ith_pointless_ability: FAILURE
get_ith_pointless_ability: FAILURE
get_partial_spirit: FAILURE
add_player: FAILURE
add_team: SUCCESS
get_ith_pointless_ability: FAILURE
add_player_cards: FAILURE
add_team: FAILURE
add_team: SUCCESS
buy_team: FAILURE
add_team: SUCCESS
buy_team: SUCCESS
add_team: SUCCESS
buy_team: FAILURE
play_match: FAILURE
buy_team: SUCCESS
get_team_points: SUCCESS, 0
get_player_cards: FAILURE
buy_team: FAILURE
add_player_cards: FAILURE
get_player_cards: SUCCESS, 67064
get_partial_spirit: FAILURE
play_match: FAILURE
get_player_cards: SUCCESS, 128440
add_player_cards: FAILURE
get_ith_pointless_ability: FAILURE
get_team_points: SUCCESS, 0
add_team: SUCCESS
add_team: SUCCESS
get_partial_spirit: FAILURE
add_team: FAILURE
add_player: SUCCESS
remove_team: SUCCESS
buy_team: SUCCESS
get_player_cards: FAILURE
buy_team: FAILURE
add_player: SUCCESS
add_team: SUCCESS
play_match: FAILURE
remove_team: SUCCESS
get_team_points: SUCCESS, 0
play_match: FAILURE
get_team_points: SUCCESS, 0
remove_team: FAILURE
remove_team: FAILURE
add_player: SUCCESS
get_player_cards: SUCCESS, 32675
get_partial_spirit: SUCCESS, 4,5,2,1,3
add_team: FAILURE
add_team: FAILURE
get_ith_pointless_ability: SUCCESS, 91654
add_player_cards: SUCCESS
get_player_cards: SUCCESS, 87000
buy_team: FAILURE
get_partial_spirit: SUCCESS, 4,5,2,1,3
add_player_cards: SUCCESS
get_player_cards: SUCCESS, 137987
get_team_points: SUCCESS, 0
get_ith_pointless_ability: SUCCESS, 91654
get_ith_pointless_ability: SUCCESS, 91654
get_player_cards: FAILURE
get_team_points: SUCCESS, 0
get_team_points: FAILURE
add_team: FAILURE
remove_team: FAILURE
add_player: SUCCESS
remove_team: SUCCESS
get_partial_spirit: FAILURE
get_team_points: SUCCESS, 0
get_ith_pointless_ability: SUCCESS, 91654
add_player: SUCCESS
get_player_cards: SUCCESS, 39989
get_ith_pointless_ability: SUCCESS, 91654
add_player: SUCCESS
add_team: SUCCESS
add_team: SUCCESS
add_team: SUCCESS
add_team: SUCCESS
get_partial_spirit: SUCCESS, 4,5,2,1,3
play_match: FAILURE
get_team_points: SUCCESS, 0
get_partial_spirit: SUCCESS, 4,5,2,1,3
add_player_cards: SUCCESS
get_partial_spirit: SUCCESS, 1,3,4,2,5
get_partial_spirit: SUCCESS, 5,4,3,2,1
buy_team: FAILURE
buy_team: SUCCESS
get_ith_pointless_ability: FAILURE
add_player: SUCCESS
buy_team: SUCCESS
add_player: SUCCESS
add_team: FAILURE
play_match: FAILURE
add_team: SUCCESS
remove_team: FAILURE
get_partial_spirit: SUCCESS, 2,3,1,4,5
get_partial_spirit: SUCCESS, 4,5,2,1,3
get_ith_pointless_ability: SUCCESS, 26782
add_player_cards: SUCCESS
play_match: FAILURE
get_team_points: SUCCESS, 0
add_player: SUCCESS
add_player: SUCCESS
get_ith_pointless_ability: SUCCESS, 40034
add_player: SUCCESS
play_match: FAILURE
get_team_points: SUCCESS, 0
get_ith_pointless_ability: FAILURE
get_player_cards: SUCCESS, 39989
add_player: SUCCESS
get_ith_pointless_ability: FAILURE
get_player_cards: SUCCESS, 17866
get_player_cards: SUCCESS, 16192
get_partial_spirit: SUCCESS, 2,1,3,5,4
get_partial_spirit: SUCCESS, 1,5,2,3,4
add_team: SUCCESS
get_team_points: FAILURE
play_match: FAILURE
add_team: SUCCESS
get_player_cards: SUCCESS, 137987
get_team_points: SUCCESS, 0
add_player: SUCCESS
buy_team: SUCCESS
play_match: FAILURE
get_partial_spirit: SUCCESS, 4,5,2,3,1
get_player_cards: SUCCESS, 36678
get_player_cards: FAILURE
add_player: FAILURE
get_ith_pointless_ability: SUCCESS, 87794
remove_team: SUCCESS
get_player_cards: SUCCESS, 46020
add_player_cards: SUCCESS
remove_team: SUCCESS
buy_team: SUCCESS
add_player: FAILURE
add_player_cards: SUCCESS
get_player_cards: SUCCESS, 39989
add_player_cards: FAILURE
add_player: SUCCESS
add_player_cards: FAILURE
get_team_points: SUCCESS, 0
get_ith_pointless_ability: SUCCESS, 87794
play_match: FAILURE
get_ith_pointless_ability: SUCCESS, 87794
add_player_cards: FAILURE
get_partial_spirit: SUCCESS, 4,1,2,5,3
get_ith_pointless_ability: SUCCESS, 87794
remove_team: SUCCESS
remove_team: SUCCESS
add_team: SUCCESS
get_ith_pointless_ability: SUCCESS, 69504
get_ith_pointless_ability: SUCCESS, 69504
add_player: SUCCESS
add_player_cards: SUCCESS
get_team_points: FAILURE
add_team: SUCCESS
buy_team: FAILURE
add_team: SUCCESS
get_team_points: SUCCESS, 0
get_ith_pointless_ability: SUCCESS, 11314
play_match: FAILURE
get_team_points: SUCCESS, 0
add_team: SUCCESS
remove_team: SUCCESS
add_team: SUCCESS
add_player: SUCCESS
buy_team: SUCCESS
add_team: SUCCESS
get_player_cards: SUCCESS, 39989
get_team_points: FAILURE
add_player_cards: SUCCESS
play_match: FAILURE
get_ith_pointless_ability: SUCCESS, 79421
buy_team: SUCCESS
get_player_cards: SUCCESS, 166282
add_team: SUCCESS
play_match: FAILURE
add_player_cards: FAILURE
buy_team: SUCCESS
get_ith_pointless_ability: SUCCESS, 79421
add_team: FAILURE
remove_team: SUCCESS
get_team_points: SUCCESS, 0
add_player_cards: FAILURE
get_ith_pointless_ability: SUCCESS, 31833
add_team: SUCCESS
add_player: SUCCESS
add_player_cards: SUCCESS
get_team_points: SUCCESS, 0
get_ith_pointless_ability: FAILURE
get_ith_pointless_ability: SUCCESS, 79421
add_player_cards: SUCCESS
get_partial_spirit: SUCCESS, 3,4,2,5,1
add_team: SUCCESS
get_ith_pointless_ability: FAILURE
get_team_points: SUCCESS, 0
get_player_cards: SUCCESS, 211350
buy_team: SUCCESS
get_team_points: SUCCESS, 0
add_player_cards: SUCCESS
get_player_cards: SUCCESS, 7130
buy_team: SUCCESS
get_partial_spirit: SUCCESS, 3,4,2,5,1
get_team_points: SUCCESS, 0
get_ith_pointless_ability: SUCCESS, 31833
play_match: FAILURE
buy_team: FAILURE
get_ith_pointless_ability: SUCCESS, 24181
add_team: SUCCESS
get_team_points: SUCCESS, 0
buy_team: SUCCESS
get_ith_pointless_ability: SUCCESS, 31833
get_ith_pointless_ability: SUCCESS, 31833
buy_team: FAILURE
add_player_cards: SUCCESS
get_partial_spirit: SUCCESS, 3,4,2,5,1
get_partial_spirit: SUCCESS, 3,4,2,5,1
buy_team: FAILURE
get_team_points: SUCCESS, 0
remove_team: SUCCESS
add_team: SUCCESS
add_team: SUCCESS
get_partial_spirit: SUCCESS, 3,4,2,5,1
buy_team: SUCCESS
get_partial_spirit: SUCCESS, 3,4,2,5,1
remove_team: SUCCESS
add_team: FAILURE
remove_team: SUCCESS
add_team: SUCCESS
add_player_cards: FAILURE
get_player_cards: SUCCESS, 96739
add_player_cards: FAILURE
remove_team: SUCCESS
add_player_cards: FAILURE
get_partial_spirit: FAILURE
get_ith_pointless_ability: FAILURE
add_player: FAILURE
get_player_cards: SUCCESS, 109952
add_player: FAILURE
get_ith_pointless_ability: FAILURE
add_player_cards: FAILURE
get_partial_spirit: FAILURE
get_player_cards: SUCCESS, 64411
add_team: SUCCESS
get_ith_pointless_ability: SUCCESS, 64293
get_partial_spirit: FAILURE
add_team: SUCCESS
buy_team: FAILURE
get_ith_pointless_ability: FAILURE
buy_team: FAILURE
get_player_cards: SUCCESS, 36678
get_team_points: SUCCESS, 0
get_ith_pointless_ability: SUCCESS, 64293
get_ith_pointless_ability: SUCCESS, 64293
get_player_cards: SUCCESS, 83961
get_team_points: SUCCESS, 0
add_player_cards: FAILURE
add_player_cards: FAILURE
add_player: SUCCESS
buy_team: FAILURE
add_player_cards: SUCCESS
get_team_points: SUCCESS, 0
buy_team: FAILURE
add_team: SUCCESS
play_match: FAILURE
add_player_cards: SUCCESS
get_partial_spirit: SUCCESS, 2,3,1,4,5
play_match: FAILURE
get_ith_pointless_ability: SUCCESS, 18272
get_ith_pointless_ability: SUCCESS, 18272
play_match: FAILURE
get_player_cards: SUCCESS, 99332
play_match: FAILURE
add_player_cards: SUCCESS
add_player: SUCCESS
add_player: SUCCESS
add_player_cards: FAILURE
add_player: SUCCESS
play_match: FAILURE
add_player: FAILURE
play_match: FAILURE
get_player_cards: SUCCESS, 72774
add_player: SUCCESS
get_player_cards: SUCCESS, 42758
play_match: FAILURE
add_player: SUCCESS
get_player_cards: SUCCESS, 83656
get_partial_spirit: SUCCESS, 3,2,1,5,4
get_player_cards: SUCCESS, 66461
get_team_points: SUCCESS, 0
add_team: SUCCESS
get_team_points: SUCCESS, 0
buy_team: SUCCESS
buy_team: SUCCESS
get_ith_pointless_ability: FAILURE
add_player: FAILURE
get_partial_spirit: SUCCESS, 3,2,1,5,4
get_ith_pointless_ability: FAILURE
play_match: FAILURE
get_team_points: FAILURE
buy_team: FAILURE
get_player_cards: SUCCESS, 69036
add_player_cards: SUCCESS
get_ith_pointless_ability: SUCCESS, 64293
get_partial_spirit: SUCCESS, 2,4,5,3,1
get_player_cards: SUCCESS, 85723
get_ith_pointless_ability: SUCCESS, 79481
remove_team: SUCCESS
add_player: SUCCESS
add_player_cards: SUCCESS
